Executing action: flash
Running make in directory /Users/tree/Documents/stopwatch/build
Executing "make -j 12 flash"...
[  0%] Built target partition_table_bin
[  0%] Built target memory.ld
[  0%] Built target _project_elf_src
[  0%] Built target custom_bundle
[  0%] Built target blank_ota_data
[  0%] Built target sections.ld.in
[  1%] Performing build step for 'bootloader'
[  1%] Built target __idf_esp_https_ota
[  1%] Built target __idf_esp_http_server
[  1%] Built target _project_elf_src
[  9%] Built target __idf_log
[  1%] Built target __idf_esp_http_client
[ 19%] Built target __idf_esp_rom
[  1%] Built target __idf_tcp_transport
[ 21%] Built target __idf_esp_common
[  2%] Built target __idf_esp_adc
[ 30%] Built target __idf_esp_hw_support
[  2%] Built target __idf_esp-tls
[ 32%] Built target __idf_esp_system
[  2%] Built target __idf_http_parser
[ 40%] Built target __idf_efuse
[  3%] Built target __idf_driver
[ 59%] Built target __idf_bootloader_support
[  3%] Built target __idf_esp_driver_twai
[ 60%] Built target __idf_esp_bootloader_format
[  4%] Built target __idf_esp_driver_ledc
[ 62%] Built target __idf_spi_flash
[  4%] Built target __idf_esp_driver_i2c
[ 68%] Built target __idf_hal
[  4%] Built target __idf_esp_driver_sdm
[ 69%] Built target __idf_micro-ecc
[  4%] Built target __idf_esp_driver_tsens
[ 92%] Built target __idf_soc
[  4%] Built target __idf_esp_driver_rmt
[ 94%] Built target __idf_xtensa
[  4%] Built target __idf_esp_driver_sdspi
[ 96%] Built target __idf_main
[  5%] Built target __idf_esp_driver_sdmmc
[ 98%] Built target bootloader.elf
[  6%] Built target __idf_sdmmc
[100%] Built target gen_project_binary
[  6%] Built target __idf_esp_driver_i2s
Bootloader binary size 0x5160 bytes. 0x2ea0 bytes (36%) free.
[  6%] Built target __idf_esp_driver_mcpwm
[100%] Built target bootloader_check_size
[  6%] Built target __idf_esp_driver_pcnt
[100%] Built target app
[  6%] No install step for 'bootloader'
[  6%] Built target __idf_esp_gdbstub
[  6%] Completed 'bootloader'
[  6%] Built target __idf_esp_driver_spi
[  6%] Built target bootloader
[  6%] Built target __idf_esp_wifi
[  6%] Built target __idf_esp_coex
[ 10%] Built target __idf_wpa_supplicant
[ 10%] Built target __idf_esp_netif
[ 14%] Built target __idf_lwip
[ 14%] Built target __idf_vfs
[ 14%] Built target __idf_esp_vfs_console
[ 14%] Built target __idf_esp_driver_usb_serial_jtag
[ 14%] Built target __idf_esp_phy
[ 15%] Built target __idf_nvs_flash
[ 15%] Built target __idf_esp_event
[ 16%] Built target __idf_esp_driver_uart
[ 16%] Built target __idf_esp_psram
[ 16%] Built target __idf_esp_ringbuf
[ 16%] Built target __idf_esp_driver_gptimer
[ 16%] Built target __idf_esp_timer
[ 16%] Built target __idf_cxx
[ 16%] Built target __idf_pthread
[ 17%] Built target __idf_newlib
[ 18%] Built target __idf_freertos
[ 21%] Built target __idf_esp_hw_support
[ 21%] Built target __idf_esp_security
[ 23%] Built target __idf_soc
[ 23%] Built target __idf_heap
[ 23%] Built target __idf_log
[ 25%] Built target __idf_hal
[ 26%] Built target __idf_esp_rom
[ 26%] Built target __idf_esp_common
[ 28%] Built target __idf_esp_system
[ 29%] Built target __idf_spi_flash
[ 30%] Built target __idf_esp_mm
[ 31%] Built target __idf_bootloader_support
[ 31%] Built target __idf_efuse
[ 31%] Built target __idf_esp_partition
[ 31%] Built target __idf_app_update
[ 31%] Built target __idf_esp_bootloader_format
[ 31%] Built target __idf_esp_app_format
[ 32%] Built target mbedtls
[ 32%] Built target mbedx509
[ 37%] Built target mbedcrypto
[ 37%] Built target p256m
[ 37%] Built target everest
[ 38%] Built target __idf_mbedtls
[ 39%] Built target __idf_esp_pm
[ 39%] Built target __idf_esp_driver_gpio
[ 39%] Built target __idf_xtensa
[ 39%] Built target __idf_esp_driver_touch_sens
[ 39%] Built target __idf_protobuf-c
[ 39%] Built target __idf_esp_https_server
[ 40%] Built target __idf_app_trace
[ 40%] Built target __idf_esp_hid
[ 41%] Built target __idf_unity
[ 42%] Built target __idf_wear_levelling
[ 43%] Built target __idf_esp_driver_cam
[ 43%] Built target __idf_esp_eth
[ 44%] Built target __idf_espcoredump
[ 45%] Built target __idf_console
[ 45%] Built target __idf_esp_lcd
[ 45%] Built target __idf_nvs_sec_provider
[ 45%] Built target __idf_rt
[ 46%] Built target __idf_json
[ 46%] Built target __idf_perfmon
[ 46%] Built target __idf_touch_element
[ 46%] Built target __idf_mqtt
[ 46%] Built target __idf_spiffs
[ 46%] Built target __idf_usb
[ 46%] Built target __idf_espressif__i2c_bus
[ 47%] Built target __idf_espressif__esp_codec_dev
[ 47%] Built target __idf_cmock
[ 47%] Built target __idf_mooncake
[ 47%] Built target __idf_mooncake_log
[ 54%] Built target __idf_espressif__esp-dsp
[ 55%] Built target __idf_protocomm
[ 56%] Built target __idf_BMI270_BMM150_Sensor
[ 56%] Built target __idf_M5PM1
[ 56%] Built target __idf_smooth_ui_toolkit
[ 57%] Built target __idf_fatfs
[ 57%] Built target __idf_78__esp-wifi-connect
[ 57%] Built target __idf_esp_local_ctrl
[ 57%] Built target __idf_wifi_provisioning
[ 59%] Built target __idf_M5GFX
[ 59%] Built target __idf_M5IOE1
[ 95%] Built target __idf_lvgl
[100%] Built target __idf_main
[100%] Built target __ldgen_output_sections.ld
[100%] Built target StopWatch-UserDemo.elf
[100%] Built target gen_project_binary
StopWatch-UserDemo.bin binary size 0x3d09a0 bytes. Smallest app partition is 0x4f0000 bytes. 0x11f660 bytes (23%) free.
[100%] Built target app_check_size
[100%] Built target app
esptool.py --chip esp32s3 -p /dev/cu.usbmodem83401 -b 115200 --before=default_reset --after=hard_reset write_flash --flash_mode dio --flash_freq 80m --flash_size 16MB 0x0 bootloader/bootloader.bin 0x20000 StopWatch-UserDemo.bin 0x8000 partition_table/partition-table.bin 0xd000 ota_data_initial.bin
esptool.py v4.12.dev2
Serial port /dev/cu.usbmodem83401
Connecting...
Chip is ESP32-S3 (QFN56) (revision v0.2)
Features: WiFi, BLE, Embedded PSRAM 8MB (AP_3v3)
Crystal is 40MHz
USB mode: USB-Serial/JTAG
MAC: 44:1b:f6:c1:8a:00
Uploading stub...
Running stub...
Stub running...
Configuring flash size...
Flash will be erased from 0x00000000 to 0x00005fff...
Flash will be erased from 0x00020000 to 0x003f0fff...
Flash will be erased from 0x00008000 to 0x00008fff...
Flash will be erased from 0x0000d000 to 0x0000efff...
SHA digest in image updated
Compressed 20832 bytes to 13347...
Writing at 0x00000000... (100 %)
Wrote 20832 bytes (13347 compressed) at 0x00000000 in 0.2 seconds (effective 704.4 kbit/s)...
Hash of data verified.
Compressed 4000160 bytes to 1951954...
Writing at 0x00020000... (0 %)
Writing at 0x0002ba50... (1 %)
Writing at 0x0003893c... (2 %)
Writing at 0x00057b6a... (3 %)
Writing at 0x0005d085... (4 %)
Writing at 0x00062b72... (5 %)
Writing at 0x00068835... (5 %)
Writing at 0x00072302... (6 %)
Writing at 0x000a2cc2... (7 %)
Writing at 0x000b690f... (8 %)
Writing at 0x000ee049... (9 %)
Writing at 0x00107896... (10 %)
Writing at 0x0012a8d6... (10 %)
Writing at 0x0014f99f... (11 %)
Writing at 0x00153dc2... (12 %)
Writing at 0x00158690... (13 %)
Writing at 0x0015d535... (14 %)
Writing at 0x00162ba2... (15 %)
Writing at 0x00168a9f... (15 %)
Writing at 0x0016ff9f... (16 %)
Writing at 0x00179794... (17 %)
Writing at 0x0017f0ca... (18 %)
Writing at 0x00184c9e... (19 %)
Writing at 0x00189395... (20 %)
Writing at 0x0018dca2... (20 %)
Writing at 0x0019255e... (21 %)
Writing at 0x00196cac... (22 %)
Writing at 0x0019b306... (23 %)
Writing at 0x0019fd46... (24 %)
Writing at 0x001a45e4... (25 %)
Writing at 0x001a9038... (25 %)
Writing at 0x001afc57... (26 %)
Writing at 0x001b7d32... (27 %)
Writing at 0x001c0454... (28 %)
Writing at 0x001ca102... (29 %)
Writing at 0x001d3ab7... (30 %)
Writing at 0x001dc599... (30 %)
Writing at 0x001e84ae... (31 %)
Writing at 0x001ef50e... (32 %)
Writing at 0x001f92b5... (33 %)
Writing at 0x00202d0a... (34 %)
Writing at 0x0020911c... (35 %)
Writing at 0x0020f635... (35 %)
Writing at 0x0021519d... (36 %)
Writing at 0x0021b58f... (37 %)
Writing at 0x00221749... (38 %)
Writing at 0x0022751e... (39 %)
Writing at 0x0022c5df... (40 %)
Writing at 0x00231ace... (40 %)
Writing at 0x00236d9f... (41 %)
Writing at 0x0023c945... (42 %)
Writing at 0x00242ae4... (43 %)
Writing at 0x0024961e... (44 %)
Writing at 0x0024f59b... (45 %)
Writing at 0x0025543a... (45 %)
Writing at 0x0025b241... (46 %)
Writing at 0x00261e03... (47 %)
Writing at 0x00268d3b... (48 %)
Writing at 0x0026ece3... (49 %)
Writing at 0x00274e16... (50 %)
Writing at 0x0027ab27... (50 %)
Writing at 0x002817a4... (51 %)
Writing at 0x0028753a... (52 %)
Writing at 0x0028ddbb... (53 %)
Writing at 0x0029489d... (54 %)
Writing at 0x0029a997... (55 %)
Writing at 0x002a04f4... (55 %)
Writing at 0x002a7298... (56 %)
Writing at 0x002acb9c... (57 %)
Writing at 0x002b2a94... (58 %)
Writing at 0x002b87ba... (59 %)
Writing at 0x002be7ae... (60 %)
Writing at 0x002c4bd6... (60 %)
Writing at 0x002cd49d... (61 %)
Writing at 0x002d3f47... (62 %)
Writing at 0x002d9e75... (63 %)
Writing at 0x002e0c15... (64 %)
Writing at 0x002e6b13... (65 %)
Writing at 0x002ecd04... (65 %)
Writing at 0x002f3738... (66 %)
Writing at 0x002f9898... (67 %)
Writing at 0x002ff799... (68 %)
Writing at 0x003051e9... (69 %)
Writing at 0x0030aee8... (70 %)
Writing at 0x00310d53... (70 %)
Writing at 0x00316ce1... (71 %)
Writing at 0x0031d63f... (72 %)
Writing at 0x003234a4... (73 %)
Writing at 0x0032950a... (74 %)
Writing at 0x0032f773... (75 %)
Writing at 0x003348f6... (75 %)
Writing at 0x00339903... (76 %)
Writing at 0x0033f1fe... (77 %)
Writing at 0x00344ac1... (78 %)
Writing at 0x00349f98... (79 %)
Writing at 0x0034f40c... (80 %)
Writing at 0x00354bec... (80 %)
Writing at 0x0035b3fb... (81 %)
Writing at 0x00360d53... (82 %)
Writing at 0x00366ab5... (83 %)
Writing at 0x0036ce72... (84 %)
Writing at 0x00372916... (85 %)
Writing at 0x00378440... (85 %)
Writing at 0x0037fd39... (86 %)
Writing at 0x003888fe... (87 %)
Writing at 0x003929a6... (88 %)
Writing at 0x00398cb5... (89 %)
Writing at 0x0039e308... (90 %)
Writing at 0x003a3e85... (90 %)
Writing at 0x003a9969... (91 %)
Writing at 0x003b1ae8... (92 %)
Writing at 0x003baf30... (93 %)
Writing at 0x003c25fc... (94 %)
Writing at 0x003cacf6... (95 %)
Writing at 0x003d0b6b... (95 %)
Writing at 0x003d7c61... (96 %)
Writing at 0x003dd9ff... (97 %)
Writing at 0x003e3d5b... (98 %)
Writing at 0x003ea063... (99 %)
Writing at 0x003ef862... (100 %)
Wrote 4000160 bytes (1951954 compressed) at 0x00020000 in 22.5 seconds (effective 1420.6 kbit/s)...
Hash of data verified.
Compressed 3072 bytes to 160...
Writing at 0x00008000... (100 %)
Wrote 3072 bytes (160 compressed) at 0x00008000 in 0.0 seconds (effective 890.6 kbit/s)...
Hash of data verified.
Compressed 8192 bytes to 31...
Writing at 0x0000d000... (100 %)
Wrote 8192 bytes (31 compressed) at 0x0000d000 in 0.0 seconds (effective 1546.1 kbit/s)...
Hash of data verified.

Leaving...
Hard resetting via RTS pin...
[100%] Built target flash
Done
