Executing action: flash
Running make in directory /Users/tree/Documents/stopwatch/build
Executing "make -j 12 flash"...
[  0%] Built target sections.ld.in
[  0%] Built target _project_elf_src
[  0%] Built target custom_bundle
[  0%] Built target memory.ld
[  0%] Built target blank_ota_data
[  0%] Built target partition_table_bin
[  0%] Built target __idf_esp_https_ota
[  1%] Performing build step for 'bootloader'
[  1%] Built target __idf_esp_http_server
[  1%] Built target __idf_esp_http_client
[  1%] Built target _project_elf_src
[  9%] Built target __idf_log
[  1%] Built target __idf_tcp_transport
[ 19%] Built target __idf_esp_rom
[  2%] Built target __idf_esp_adc
[ 21%] Built target __idf_esp_common
[  2%] Built target __idf_esp-tls
[ 30%] Built target __idf_esp_hw_support
[  2%] Built target __idf_http_parser
[ 32%] Built target __idf_esp_system
[  3%] Built target __idf_driver
[ 40%] Built target __idf_efuse
[  3%] Built target __idf_esp_driver_twai
[ 59%] Built target __idf_bootloader_support
[  4%] Built target __idf_esp_driver_ledc
[ 60%] Built target __idf_esp_bootloader_format
[  4%] Built target __idf_esp_driver_i2c
[ 62%] Built target __idf_spi_flash
[  4%] Built target __idf_esp_driver_sdm
[ 68%] Built target __idf_hal
[  4%] Built target __idf_esp_driver_tsens
[ 69%] Built target __idf_micro-ecc
[  4%] Built target __idf_esp_driver_rmt
[ 92%] Built target __idf_soc
[  4%] Built target __idf_esp_driver_sdspi
[ 94%] Built target __idf_xtensa
[  5%] Built target __idf_esp_driver_sdmmc
[ 96%] Built target __idf_main
[  6%] Built target __idf_sdmmc
[ 98%] Built target bootloader.elf
[  6%] Built target __idf_esp_driver_i2s
[100%] Built target gen_project_binary
[  6%] Built target __idf_esp_driver_mcpwm
Bootloader binary size 0x5160 bytes. 0x2ea0 bytes (36%) free.
[  6%] Built target __idf_esp_driver_pcnt
[100%] Built target bootloader_check_size
[  6%] Built target __idf_esp_gdbstub
[100%] Built target app
[  6%] Built target __idf_esp_driver_spi
[  6%] No install step for 'bootloader'
[  6%] Completed 'bootloader'
[  6%] Built target __idf_esp_wifi
[  6%] Built target bootloader
[  6%] Built target __idf_esp_coex
[ 10%] Built target __idf_wpa_supplicant
[ 10%] Built target __idf_esp_netif
[ 14%] Built target __idf_lwip
[ 14%] Built target __idf_vfs
[ 14%] Built target __idf_esp_vfs_console
[ 14%] Built target __idf_esp_driver_usb_serial_jtag
[ 14%] Built target __idf_esp_phy
[ 15%] Built target __idf_nvs_flash
[ 15%] Built target __idf_esp_event
[ 16%] Built target __idf_esp_driver_uart
[ 16%] Built target __idf_esp_psram
[ 16%] Built target __idf_esp_ringbuf
[ 16%] Built target __idf_esp_driver_gptimer
[ 16%] Built target __idf_esp_timer
[ 16%] Built target __idf_cxx
[ 16%] Built target __idf_pthread
[ 17%] Built target __idf_newlib
[ 18%] Built target __idf_freertos
[ 21%] Built target __idf_esp_hw_support
[ 21%] Built target __idf_esp_security
[ 23%] Built target __idf_soc
[ 23%] Built target __idf_heap
[ 23%] Built target __idf_log
[ 25%] Built target __idf_hal
[ 26%] Built target __idf_esp_rom
[ 26%] Built target __idf_esp_common
[ 28%] Built target __idf_esp_system
[ 29%] Built target __idf_spi_flash
[ 30%] Built target __idf_esp_mm
[ 31%] Built target __idf_bootloader_support
[ 31%] Built target __idf_efuse
[ 31%] Built target __idf_esp_partition
[ 31%] Built target __idf_app_update
[ 31%] Built target __idf_esp_bootloader_format
[ 31%] Built target __idf_esp_app_format
[ 32%] Built target mbedtls
[ 32%] Built target mbedx509
[ 37%] Built target mbedcrypto
[ 37%] Built target p256m
[ 37%] Built target everest
[ 38%] Built target __idf_mbedtls
[ 39%] Built target __idf_esp_pm
[ 39%] Built target __idf_esp_driver_gpio
[ 39%] Built target __idf_xtensa
[ 40%] Built target __idf_esp_hid
[ 40%] Built target __idf_protobuf-c
[ 40%] Built target __idf_esp_driver_touch_sens
[ 41%] Built target __idf_espcoredump
[ 41%] Built target __idf_esp_eth
[ 43%] Built target __idf_esp_driver_cam
[ 44%] Built target __idf_wear_levelling
[ 44%] Built target __idf_console
[ 45%] Built target __idf_json
[ 45%] Built target __idf_esp_lcd
[ 45%] Built target __idf_smooth_ui_toolkit
[ 45%] Built target __idf_esp_https_server
[ 45%] Built target __idf_mqtt
[ 45%] Built target __idf_nvs_sec_provider
[ 45%] Built target __idf_perfmon
[ 45%] Built target __idf_spiffs
[ 45%] Built target __idf_app_trace
[ 45%] Built target __idf_usb
[ 46%] Built target __idf_unity
[ 46%] Built target __idf_rt
[ 46%] Built target __idf_espressif__i2c_bus
[ 46%] Built target __idf_touch_element
[ 47%] Built target __idf_espressif__esp_codec_dev
[ 54%] Built target __idf_espressif__esp-dsp
[ 54%] Built target __idf_mooncake
[ 54%] Built target __idf_mooncake_log
[ 54%] Built target __idf_cmock
[ 55%] Built target __idf_fatfs
[ 56%] Built target __idf_M5PM1
[ 56%] Built target __idf_protocomm
[ 56%] Built target __idf_78__esp-wifi-connect
[ 57%] Built target __idf_BMI270_BMM150_Sensor
[ 57%] Built target __idf_wifi_provisioning
[ 57%] Built target __idf_esp_local_ctrl
[ 59%] Built target __idf_M5GFX
[ 59%] Built target __idf_M5IOE1
[ 95%] Built target __idf_lvgl
[100%] Built target __idf_main
[100%] Built target __ldgen_output_sections.ld
[100%] Built target StopWatch-UserDemo.elf
[100%] Built target gen_project_binary
StopWatch-UserDemo.bin binary size 0x3d0740 bytes. Smallest app partition is 0x4f0000 bytes. 0x11f8c0 bytes (23%) free.
[100%] Built target app_check_size
[100%] Built target app
esptool.py --chip esp32s3 -p /dev/cu.usbmodem83401 -b 115200 --before=default_reset --after=hard_reset write_flash --flash_mode dio --flash_freq 80m --flash_size 16MB 0x0 bootloader/bootloader.bin 0x20000 StopWatch-UserDemo.bin 0x8000 partition_table/partition-table.bin 0xd000 ota_data_initial.bin
esptool.py v4.12.dev2
Serial port /dev/cu.usbmodem83401
Connecting...
Chip is ESP32-S3 (QFN56) (revision v0.2)
Features: WiFi, BLE, Embedded PSRAM 8MB (AP_3v3)
Crystal is 40MHz
USB mode: USB-Serial/JTAG
MAC: 44:1b:f6:c1:8a:00
Uploading stub...
Running stub...
Stub running...
Configuring flash size...
Flash will be erased from 0x00000000 to 0x00005fff...
Flash will be erased from 0x00020000 to 0x003f0fff...
Flash will be erased from 0x00008000 to 0x00008fff...
Flash will be erased from 0x0000d000 to 0x0000efff...
SHA digest in image updated
Compressed 20832 bytes to 13347...
Writing at 0x00000000... (100 %)
Wrote 20832 bytes (13347 compressed) at 0x00000000 in 0.2 seconds (effective 700.0 kbit/s)...
Hash of data verified.
Compressed 3999552 bytes to 1951904...
Writing at 0x00020000... (0 %)
Writing at 0x0002ba0c... (1 %)
Writing at 0x000388e8... (2 %)
Writing at 0x00057b60... (3 %)
Writing at 0x0005d07a... (4 %)
Writing at 0x00062b65... (5 %)
Writing at 0x00068822... (5 %)
Writing at 0x000722fb... (6 %)
Writing at 0x000a2bcc... (7 %)
Writing at 0x000b6900... (8 %)
Writing at 0x000ee03c... (9 %)
Writing at 0x0010787a... (10 %)
Writing at 0x0012a8a8... (10 %)
Writing at 0x0014f99d... (11 %)
Writing at 0x00153dbf... (12 %)
Writing at 0x0015868d... (13 %)
Writing at 0x0015d532... (14 %)
Writing at 0x00162b9f... (15 %)
Writing at 0x00168a9b... (15 %)
Writing at 0x0016ff98... (16 %)
Writing at 0x0017977e... (17 %)
Writing at 0x0017f07f... (18 %)
Writing at 0x00184c85... (19 %)
Writing at 0x0018937d... (20 %)
Writing at 0x0018dc8a... (20 %)
Writing at 0x00192545... (21 %)
Writing at 0x00196c91... (22 %)
Writing at 0x0019b2ed... (23 %)
Writing at 0x0019fd2c... (24 %)
Writing at 0x001a45ca... (25 %)
Writing at 0x001a901d... (25 %)
Writing at 0x001afc0f... (26 %)
Writing at 0x001b7d00... (27 %)
Writing at 0x001c039d... (28 %)
Writing at 0x001ca0c0... (29 %)
Writing at 0x001d3a92... (30 %)
Writing at 0x001dc530... (30 %)
Writing at 0x001e848b... (31 %)
Writing at 0x001ef4df... (32 %)
Writing at 0x001f9274... (33 %)
Writing at 0x00202cec... (34 %)
Writing at 0x002090eb... (35 %)
Writing at 0x0020f60d... (35 %)
Writing at 0x00215152... (36 %)
Writing at 0x0021b525... (37 %)
Writing at 0x0022170d... (38 %)
Writing at 0x0022751e... (39 %)
Writing at 0x0022c5a7... (40 %)
Writing at 0x00231a8b... (40 %)
Writing at 0x00236d68... (41 %)
Writing at 0x0023c913... (42 %)
Writing at 0x00242acd... (43 %)
Writing at 0x00249607... (44 %)
Writing at 0x0024f570... (45 %)
Writing at 0x002553c6... (45 %)
Writing at 0x0025b1a0... (46 %)
Writing at 0x00261d31... (47 %)
Writing at 0x00268b7b... (48 %)
Writing at 0x0026eb02... (49 %)
Writing at 0x00274c4a... (50 %)
Writing at 0x0027a928... (50 %)
Writing at 0x002815d8... (51 %)
Writing at 0x002875d7... (52 %)
Writing at 0x0028dbc7... (53 %)
Writing at 0x002946c8... (54 %)
Writing at 0x0029a7c2... (55 %)
Writing at 0x002a030a... (55 %)
Writing at 0x002a70eb... (56 %)
Writing at 0x002ac9df... (57 %)
Writing at 0x002b28b6... (58 %)
Writing at 0x002b85c7... (59 %)
Writing at 0x002be4f5... (60 %)
Writing at 0x002c4920... (60 %)
Writing at 0x002cd1d8... (61 %)
Writing at 0x002d3c2f... (62 %)
Writing at 0x002d9c42... (63 %)
Writing at 0x002e09f5... (64 %)
Writing at 0x002e689e... (65 %)
Writing at 0x002eca59... (65 %)
Writing at 0x002f34c4... (66 %)
Writing at 0x002f960a... (67 %)
Writing at 0x002ff53f... (68 %)
Writing at 0x00304fb2... (69 %)
Writing at 0x0030acac... (70 %)
Writing at 0x00310b1f... (70 %)
Writing at 0x00316a91... (71 %)
Writing at 0x0031d3f9... (72 %)
Writing at 0x00323264... (73 %)
Writing at 0x003292e1... (74 %)
Writing at 0x0032f520... (75 %)
Writing at 0x003346b1... (75 %)
Writing at 0x003396cd... (76 %)
Writing at 0x0033efb6... (77 %)
Writing at 0x00344892... (78 %)
Writing at 0x00349d82... (79 %)
Writing at 0x0034f1e9... (80 %)
Writing at 0x003549d6... (80 %)
Writing at 0x0035b1d5... (81 %)
Writing at 0x00360b1a... (82 %)
Writing at 0x0036685f... (83 %)
Writing at 0x0036cc52... (84 %)
Writing at 0x003726ee... (85 %)
Writing at 0x0037823e... (85 %)
Writing at 0x0037fb3b... (86 %)
Writing at 0x003886d5... (87 %)
Writing at 0x0039279b... (88 %)
Writing at 0x00398a8e... (89 %)
Writing at 0x0039e102... (90 %)
Writing at 0x003a3c74... (90 %)
Writing at 0x003a9761... (91 %)
Writing at 0x003b18bc... (92 %)
Writing at 0x003bacfa... (93 %)
Writing at 0x003c23d9... (94 %)
Writing at 0x003caacd... (95 %)
Writing at 0x003d0964... (95 %)
Writing at 0x003d7a48... (96 %)
Writing at 0x003dd7e5... (97 %)
Writing at 0x003e3b75... (98 %)
Writing at 0x003e9e36... (99 %)
Writing at 0x003ef687... (100 %)
Wrote 3999552 bytes (1951904 compressed) at 0x00020000 in 22.5 seconds (effective 1422.4 kbit/s)...
Hash of data verified.
Compressed 3072 bytes to 160...
Writing at 0x00008000... (100 %)
Wrote 3072 bytes (160 compressed) at 0x00008000 in 0.0 seconds (effective 845.7 kbit/s)...
Hash of data verified.
Compressed 8192 bytes to 31...
Writing at 0x0000d000... (100 %)
Wrote 8192 bytes (31 compressed) at 0x0000d000 in 0.0 seconds (effective 1531.8 kbit/s)...
Hash of data verified.

Leaving...
Hard resetting via RTS pin...
[100%] Built target flash
Done
