esptool.py v4.12.0
Serial port /dev/cu.usbmodem83401
Connecting...
Chip is ESP32-S3 (QFN56) (revision v0.2)
Features: WiFi, BLE, Embedded PSRAM 8MB (AP_3v3)
Crystal is 40MHz
USB mode: USB-Serial/JTAG
MAC: 44:1b:f6:c1:8a:00
Uploading stub...
Running stub...
Stub running...
Changing baud rate to 460800
Changed.
Configuring flash size...
Flash will be erased from 0x00020000 to 0x004d5fff...
Compressed 4939328 bytes to 1989855...
Wrote 4939328 bytes (1989855 compressed) at 0x00020000 in 26.8 seconds (effective 1472.1 kbit/s)...
Hash of data verified.

Leaving...
Hard resetting via RTS pin...
