Executing action: flash
Running make in directory /Users/tree/Documents/stopwatch/build
Executing "make -j 12 flash"...
[  0%] Built target custom_bundle
[  0%] Built target partition_table_bin
[  0%] Built target blank_ota_data
[  0%] Built target _project_elf_src
[  0%] Built target memory.ld
[  0%] Built target sections.ld.in
[  1%] Performing build step for 'bootloader'
[  1%] Built target __idf_esp_https_ota
[  1%] Built target __idf_esp_http_server
[  1%] Built target _project_elf_src
[  9%] Built target __idf_log
[  1%] Built target __idf_esp_http_client
[ 19%] Built target __idf_esp_rom
[  1%] Built target __idf_tcp_transport
[ 21%] Built target __idf_esp_common
[  2%] Built target __idf_esp_adc
[ 30%] Built target __idf_esp_hw_support
[  2%] Built target __idf_esp-tls
[ 32%] Built target __idf_esp_system
[  2%] Built target __idf_http_parser
[ 40%] Built target __idf_efuse
[  3%] Built target __idf_driver
[ 59%] Built target __idf_bootloader_support
[  3%] Built target __idf_esp_driver_twai
[ 60%] Built target __idf_esp_bootloader_format
[  4%] Built target __idf_esp_driver_ledc
[ 62%] Built target __idf_spi_flash
[  4%] Built target __idf_esp_driver_i2c
[ 68%] Built target __idf_hal
[  4%] Built target __idf_esp_driver_sdm
[ 69%] Built target __idf_micro-ecc
[  4%] Built target __idf_esp_driver_tsens
[ 92%] Built target __idf_soc
[  4%] Built target __idf_esp_driver_rmt
[ 94%] Built target __idf_xtensa
[  4%] Built target __idf_esp_driver_sdspi
[ 96%] Built target __idf_main
[  5%] Built target __idf_esp_driver_sdmmc
[ 98%] Built target bootloader.elf
[  6%] Built target __idf_sdmmc
[100%] Built target gen_project_binary
[  6%] Built target __idf_esp_driver_i2s
[  6%] Built target __idf_esp_driver_mcpwm
Bootloader binary size 0x5160 bytes. 0x2ea0 bytes (36%) free.
[100%] Built target bootloader_check_size
[  6%] Built target __idf_esp_driver_pcnt
[100%] Built target app
[  6%] Built target __idf_esp_gdbstub
[  6%] No install step for 'bootloader'
[  6%] Built target __idf_esp_driver_spi
[  6%] Completed 'bootloader'
[  6%] Built target __idf_esp_wifi
[  6%] Built target bootloader
[  6%] Built target __idf_esp_coex
[ 10%] Built target __idf_wpa_supplicant
[ 10%] Built target __idf_esp_netif
[ 14%] Built target __idf_lwip
[ 14%] Built target __idf_vfs
[ 14%] Built target __idf_esp_vfs_console
[ 14%] Built target __idf_esp_driver_usb_serial_jtag
[ 14%] Built target __idf_esp_phy
[ 15%] Built target __idf_nvs_flash
[ 15%] Built target __idf_esp_event
[ 16%] Built target __idf_esp_driver_uart
[ 16%] Built target __idf_esp_psram
[ 16%] Built target __idf_esp_ringbuf
[ 16%] Built target __idf_esp_driver_gptimer
[ 16%] Built target __idf_esp_timer
[ 16%] Built target __idf_cxx
[ 16%] Built target __idf_pthread
[ 17%] Built target __idf_newlib
[ 18%] Built target __idf_freertos
[ 21%] Built target __idf_esp_hw_support
[ 21%] Built target __idf_esp_security
[ 23%] Built target __idf_soc
[ 23%] Built target __idf_heap
[ 23%] Built target __idf_log
[ 25%] Built target __idf_hal
[ 26%] Built target __idf_esp_rom
[ 26%] Built target __idf_esp_common
[ 28%] Built target __idf_esp_system
[ 29%] Built target __idf_spi_flash
[ 30%] Built target __idf_esp_mm
[ 31%] Built target __idf_bootloader_support
[ 31%] Built target __idf_efuse
[ 31%] Built target __idf_esp_partition
[ 31%] Built target __idf_app_update
[ 31%] Built target __idf_esp_bootloader_format
[ 31%] Built target __idf_esp_app_format
[ 32%] Built target mbedtls
[ 32%] Built target mbedx509
[ 37%] Built target mbedcrypto
[ 37%] Built target p256m
[ 37%] Built target everest
[ 38%] Built target __idf_mbedtls
[ 39%] Built target __idf_esp_pm
[ 39%] Built target __idf_esp_driver_gpio
[ 39%] Built target __idf_xtensa
[ 41%] Built target __idf_wear_levelling
[ 41%] Built target __idf_esp_driver_cam
[ 41%] Built target __idf_esp_driver_touch_sens
[ 41%] Built target __idf_protobuf-c
[ 41%] Built target __idf_esp_eth
[ 42%] Built target __idf_esp_hid
[ 43%] Built target __idf_esp_lcd
[ 43%] Built target __idf_unity
[ 44%] Built target __idf_espcoredump
[ 44%] Built target __idf_esp_https_server
[ 45%] Built target __idf_console
[ 45%] Built target __idf_smooth_ui_toolkit
[ 46%] Built target __idf_app_trace
[ 46%] Built target __idf_json
[ 46%] Built target __idf_touch_element
[ 46%] Built target __idf_perfmon
[ 46%] Built target __idf_rt
[ 47%] Built target __idf_mqtt
[ 47%] Built target __idf_fatfs
[ 47%] Built target __idf_usb
[ 47%] Built target __idf_nvs_sec_provider
[ 47%] Built target __idf_spiffs
[ 48%] Built target __idf_espressif__esp_codec_dev
[ 48%] Built target __idf_espressif__i2c_bus
[ 48%] Built target __idf_cmock
[ 48%] Built target __idf_mooncake_log
[ 48%] Built target __idf_mooncake
[ 55%] Built target __idf_espressif__esp-dsp
[ 56%] Built target __idf_protocomm
[ 56%] Built target __idf_78__esp-wifi-connect
[ 56%] Built target __idf_M5PM1
[ 57%] Built target __idf_BMI270_BMM150_Sensor
[ 57%] Built target __idf_esp_local_ctrl
[ 57%] Built target __idf_wifi_provisioning
[ 59%] Built target __idf_M5GFX
[ 59%] Built target __idf_M5IOE1
[ 95%] Built target __idf_lvgl
[100%] Built target __idf_main
[100%] Built target __ldgen_output_sections.ld
[100%] Built target StopWatch-UserDemo.elf
[100%] Built target gen_project_binary
StopWatch-UserDemo.bin binary size 0x3d0d90 bytes. Smallest app partition is 0x4f0000 bytes. 0x11f270 bytes (23%) free.
[100%] Built target app_check_size
[100%] Built target app
esptool.py --chip esp32s3 -p /dev/cu.usbmodem83401 -b 115200 --before=default_reset --after=hard_reset write_flash --flash_mode dio --flash_freq 80m --flash_size 16MB 0x0 bootloader/bootloader.bin 0x20000 StopWatch-UserDemo.bin 0x8000 partition_table/partition-table.bin 0xd000 ota_data_initial.bin
esptool.py v4.12.dev2
Serial port /dev/cu.usbmodem83401
Connecting...
Chip is ESP32-S3 (QFN56) (revision v0.2)
Features: WiFi, BLE, Embedded PSRAM 8MB (AP_3v3)
Crystal is 40MHz
USB mode: USB-Serial/JTAG
MAC: 44:1b:f6:c1:8a:00
Uploading stub...
Running stub...
Stub running...
Configuring flash size...
Flash will be erased from 0x00000000 to 0x00005fff...
Flash will be erased from 0x00020000 to 0x003f0fff...
Flash will be erased from 0x00008000 to 0x00008fff...
Flash will be erased from 0x0000d000 to 0x0000efff...
SHA digest in image updated
Compressed 20832 bytes to 13347...
Writing at 0x00000000... (100 %)
Wrote 20832 bytes (13347 compressed) at 0x00000000 in 0.2 seconds (effective 696.4 kbit/s)...
Hash of data verified.
Compressed 4001168 bytes to 1952956...
Writing at 0x00020000... (0 %)
Writing at 0x0002ba10... (1 %)
Writing at 0x0003893c... (2 %)
Writing at 0x00057b68... (3 %)
Writing at 0x0005d07c... (4 %)
Writing at 0x00062b66... (5 %)
Writing at 0x0006883a... (5 %)
Writing at 0x000722f6... (6 %)
Writing at 0x000a2bcc... (7 %)
Writing at 0x000b68fb... (8 %)
Writing at 0x000ee03a... (9 %)
Writing at 0x0010787a... (10 %)
Writing at 0x0012a8a8... (10 %)
Writing at 0x0014f999... (11 %)
Writing at 0x00153db9... (12 %)
Writing at 0x00158687... (13 %)
Writing at 0x0015d52d... (14 %)
Writing at 0x00162b9a... (15 %)
Writing at 0x00168a93... (15 %)
Writing at 0x0016ff87... (16 %)
Writing at 0x001797c2... (17 %)
Writing at 0x0017f0c2... (18 %)
Writing at 0x00184ccd... (19 %)
Writing at 0x001893c5... (20 %)
Writing at 0x0018dcd4... (20 %)
Writing at 0x0019258e... (21 %)
Writing at 0x00196cd8... (22 %)
Writing at 0x0019b336... (23 %)
Writing at 0x0019fd73... (24 %)
Writing at 0x001a45fe... (25 %)
Writing at 0x001a906c... (25 %)
Writing at 0x001afbd3... (26 %)
Writing at 0x001b7d42... (27 %)
Writing at 0x001c03b1... (28 %)
Writing at 0x001ca0b2... (29 %)
Writing at 0x001d3af3... (30 %)
Writing at 0x001dc4c3... (30 %)
Writing at 0x001e84d6... (31 %)
Writing at 0x001ef500... (32 %)
Writing at 0x001f920d... (33 %)
Writing at 0x00202cf2... (34 %)
Writing at 0x00209105... (35 %)
Writing at 0x0020f624... (35 %)
Writing at 0x00215188... (36 %)
Writing at 0x0021b57e... (37 %)
Writing at 0x00221735... (38 %)
Writing at 0x00227536... (39 %)
Writing at 0x0022c5ca... (40 %)
Writing at 0x00231abe... (40 %)
Writing at 0x00236da4... (41 %)
Writing at 0x0023c946... (42 %)
Writing at 0x00242b20... (43 %)
Writing at 0x00249647... (44 %)
Writing at 0x0024f5d2... (45 %)
Writing at 0x00255473... (45 %)
Writing at 0x0025b265... (46 %)
Writing at 0x00261d5d... (47 %)
Writing at 0x00268aed... (48 %)
Writing at 0x0026ea6d... (49 %)
Writing at 0x00274c4f... (50 %)
Writing at 0x0027a7e8... (50 %)
Writing at 0x0028163a... (51 %)
Writing at 0x00286f56... (52 %)
Writing at 0x0028db40... (53 %)
Writing at 0x00294616... (54 %)
Writing at 0x0029a74a... (55 %)
Writing at 0x002a02b6... (55 %)
Writing at 0x002a70bd... (56 %)
Writing at 0x002aca09... (57 %)
Writing at 0x002b281f... (58 %)
Writing at 0x002b83a6... (59 %)
Writing at 0x002be5d0... (60 %)
Writing at 0x002c4795... (60 %)
Writing at 0x002ccef6... (61 %)
Writing at 0x002d3c72... (62 %)
Writing at 0x002d9c04... (63 %)
Writing at 0x002e0a40... (64 %)
Writing at 0x002e66f0... (65 %)
Writing at 0x002eca5c... (65 %)
Writing at 0x002f3535... (66 %)
Writing at 0x002f9698... (67 %)
Writing at 0x002ff5e8... (68 %)
Writing at 0x00304f63... (69 %)
Writing at 0x0030ad01... (70 %)
Writing at 0x00310b4a... (70 %)
Writing at 0x00316a34... (71 %)
Writing at 0x0031d407... (72 %)
Writing at 0x003232a8... (73 %)
Writing at 0x00329318... (74 %)
Writing at 0x0032f3fa... (75 %)
Writing at 0x00334789... (75 %)
Writing at 0x00339784... (76 %)
Writing at 0x0033f09f... (77 %)
Writing at 0x003448bc... (78 %)
Writing at 0x00349da4... (79 %)
Writing at 0x0034f1ce... (80 %)
Writing at 0x0035487b... (80 %)
Writing at 0x0035b27d... (81 %)
Writing at 0x00360bba... (82 %)
Writing at 0x00366926... (83 %)
Writing at 0x0036cc90... (84 %)
Writing at 0x00372740... (85 %)
Writing at 0x003782dc... (85 %)
Writing at 0x0037f423... (86 %)
Writing at 0x00388788... (87 %)
Writing at 0x00392763... (88 %)
Writing at 0x00398b5e... (89 %)
Writing at 0x0039e003... (90 %)
Writing at 0x003a3ce6... (90 %)
Writing at 0x003a9609... (91 %)
Writing at 0x003b1820... (92 %)
Writing at 0x003bac42... (93 %)
Writing at 0x003c23a6... (94 %)
Writing at 0x003cab40... (95 %)
Writing at 0x003d08f9... (95 %)
Writing at 0x003d7adc... (96 %)
Writing at 0x003dd7d4... (97 %)
Writing at 0x003e3a4e... (98 %)
Writing at 0x003e9f2d... (99 %)
Writing at 0x003ef57a... (100 %)
Wrote 4001168 bytes (1952956 compressed) at 0x00020000 in 22.5 seconds (effective 1421.3 kbit/s)...
Hash of data verified.
Compressed 3072 bytes to 160...
Writing at 0x00008000... (100 %)
Wrote 3072 bytes (160 compressed) at 0x00008000 in 0.0 seconds (effective 861.7 kbit/s)...
Hash of data verified.
Compressed 8192 bytes to 31...
Writing at 0x0000d000... (100 %)
Wrote 8192 bytes (31 compressed) at 0x0000d000 in 0.0 seconds (effective 1541.5 kbit/s)...
Hash of data verified.

Leaving...
Hard resetting via RTS pin...
[100%] Built target flash
Done
