ESP-ROM:esp32s3-20210327
Build:Mar 27 2021
rst:0x15 (USB_UART_CHIP_RESET),boot:0xb (SPI_FAST_FLASH_BOOT)
Saved PC:0x40056f50
SPIWP:0xee
mode:DIO, clock div:1
load:0x3fce2820,len:0x14f0
load:0x403c8700,len:0xd24
load:0x403cb700,len:0x2ef0
entry 0x403c8924
I (24) boot: ESP-IDF v5.5.4 2nd stage bootloader
I (24) boot: compile time Aug 20 2026 22:56:47
I (25) boot: Multicore bootloader
I (25) boot: chip revision: v0.2
I (27) boot: efuse block revision: v1.4
I (31) boot.esp32s3: Boot SPI Speed : 80MHz
I (35) boot.esp32s3: SPI Mode       : DIO
I (39) boot.esp32s3: SPI Flash Size : 16MB
I (43) boot: Enabling RNG early entropy source...
I (47) boot: Partition Table:
I (50) boot: ## Label            Usage          Type ST Offset   Length
I (56) boot:  0 nvs              WiFi data        01 02 00009000 00004000
I (62) boot:  1 otadata          OTA data         01 00 0000d000 00002000
I (69) boot:  2 phy_init         RF data          01 01 0000f000 00001000
I (75) boot:  3 ota_0            OTA app          00 10 00020000 004f0000
I (82) boot:  4 ota_1            OTA app          00 11 00510000 004f0000
I (89) boot:  5 storage          Unknown data     01 81 00a00000 00400000
I (95) boot:  6 coredump         Unknown data     01 03 00e00000 00010000
I (102) boot: End of partition table
I (105) esp_image: segment 0: paddr=00020020 vaddr=3c1d0020 size=2cac94h (2927764) map
I (628) esp_image: segment 1: paddr=002eacbc vaddr=3fc9e900 size=0535ch ( 21340) load
I (633) esp_image: segment 2: paddr=002f0020 vaddr=42000020 size=1cc63ch (1885756) map
I (966) esp_image: segment 3: paddr=004bc664 vaddr=3fca3c5c size=00660h (  1632) load
I (966) esp_image: segment 4: paddr=004bcccc vaddr=40374000 size=1a87ch (108668) load
I (993) esp_image: segment 5: paddr=004d7550 vaddr=50000000 size=00020h (    32) load
I (1004) boot: Loaded app from partition at offset 0x20000
I (1004) boot: Disabling RNG early entropy source...
I (1015) octal_psram: vendor id    : 0x0d (AP)
I (1015) octal_psram: dev id       : 0x02 (generation 3)
I (1015) octal_psram: density      : 0x03 (64 Mbit)
I (1017) octal_psram: good-die     : 0x01 (Pass)
I (1021) octal_psram: Latency      : 0x01 (Fixed)
I (1026) octal_psram: VCC          : 0x01 (3V)
I (1030) octal_psram: SRF          : 0x01 (Fast Refresh)
I (1035) octal_psram: BurstType    : 0x01 (Hybrid Wrap)
I (1040) octal_psram: BurstLen     : 0x01 (32 Byte)
I (1045) octal_psram: Readlatency  : 0x02 (10 cycles@Fixed)
I (1050) octal_psram: DriveStrength: 0x00 (1/1)
I (1054) MSPI Timing: Enter psram timing tuning
I (1059) esp_psram: Found 8MB PSRAM device
I (1062) esp_psram: Speed: 80MHz
I (1065) cpu_start: Multicore app
I (1501) esp_psram: SPI SRAM memory test OK
I (1509) cpu_start: GPIO 44 and 43 are used as console UART I/O pins
I (1510) cpu_start: Pro cpu start user code
I (1510) cpu_start: cpu freq: 240000000 Hz
I (1512) app_init: Application information:
I (1516) app_init: Project name:     StopWatch-UserDemo
I (1521) app_init: App version:      V0.5-146-g7b9aaaa-dirty
I (1526) app_init: Compile time:     Sep 10 2026 09:50:20
I (1531) app_init: ELF file SHA256:  864a39beb...
I (1536) app_init: ESP-IDF:          v5.5.4
I (1540) efuse_init: Min chip rev:     v0.0
I (1543) efuse_init: Max chip rev:     v0.99 
I (1548) efuse_init: Chip rev:         v0.2
I (1551) heap_init: Initializing. RAM available for dynamic allocation:
I (1558) heap_init: At 3FCADF68 len 0003B7A8 (237 KiB): RAM
I (1563) heap_init: At 3FCE9710 len 00005724 (21 KiB): RAM
I (1568) heap_init: At 3FCF0000 len 00008000 (32 KiB): DRAM
I (1574) heap_init: At 600FE000 len 00001FE8 (7 KiB): RTCRAM
I (1579) esp_psram: Adding pool of 8192K of PSRAM memory to heap allocator
I (1586) spi_flash: detected chip: generic
I (1589) spi_flash: flash io: dio
I (1593) sleep_gpio: Configure to isolate all GPIO pins in sleep state
I (1599) sleep_gpio: Enable automatic switching of GPIO sleep configuration
I (1606) main_task: Started on CPU0
I (1609) esp_psram: Reserving pool of 32K of internal memory for DMA/internal allocations
I (1617) main_task: Calling app_main()
[1789024098461] [[32minfo[0m] [HAL] creating hal instance
[1789024098467] [[32minfo[0m] [HAL] init
[1789024098479] [[32minfo[0m] [HAL] i2c init
E (1639) i2c.master: this port has not been initialized, please initialize it first
I (1642) i2c_bus: i2c0 bus inited
I (1644) i2c_bus: I2C Bus V2 Config Succeed, Version: 1.5.0
I (1652) i2c_bus: found i2c device address = 0x15
I (1654) i2c_bus: found i2c device address = 0x18
I (1662) i2c_bus: found i2c device address = 0x32
I (1667) i2c_bus: found i2c device address = 0x4f
I (1670) i2c_bus: found i2c device address = 0x68
I (1672) i2c_bus: found i2c device address = 0x6e
     0  1  2  3  4  5  6  7  8  9  a  b  c  d  e  f
00: -- -- -- -- -- -- -- -- -- -- -- -- -- -- -- -- 
10: -- -- -- -- -- 15 -- -- 18 -- -- -- -- -- -- -- 
20: -- -- -- -- -- -- -- -- -- -- -- -- -- -- -- -- 
30: -- -- 32 -- -- -- -- -- -- -- -- -- -- -- -- -- 
40: -- -- -- -- -- -- -- -- -- -- -- -- -- -- -- 4f 
50: -- -- -- -- -- -- -- -- -- -- -- -- -- -- -- -- 
60: -- -- -- -- -- -- -- -- 68 -- -- -- -- -- 6e -- 
70: -- -- -- -- -- -- -- -- -- -- -- -- -- -- -- -- 
[1789024098560] [[32minfo[0m] [HAL-PMIC] pmic init
I (1737) M5PM1_SYS: Device: ID=0x50 MODEL=0x20 HW=0x05 SW=0x53(S)
I (1740) M5PM1_I2C: I2C config set and verified: sleep=0, speed=100K
I (1765) M5PM1_I2C: M5PM1 initialized at address 0x6E (I2C: 100000 Hz)
I (1768) M5PM1_I2C: I2C sleep time set and verified to 0
I (1770) M5PM1_I2C: I2C sleep time set and verified to 0
I (1774) M5PM1_SYS: Watchdog set to 0 sec
I (1778) M5PM1_PWR: Charge Enabled
I (1862) M5PM1_SYS: Single Reset: Disabled
[1789024098708] [[32minfo[0m] [HAL-PMIC] start bat reading task
[1789024098709] [[32minfo[0m] [HAL-IOE] init
I (1868) M5IOE1_I2C: Initializing M5IOE1 with 100KHz (device default)
I (1884) M5IOE1_SYS: Device UID: 0x2BF0, FW Version: 57
I (1885) M5IOE1_I2C: Current I2C speed matches user request (400K)
I (1886) M5IOE1_I2C: I2C config set and verified: sleep=0, speed=400K, wake=falling, pull=on
I (1903) M5IOE1_I2C: M5IOE1 initialized at address 0x4F (I2C: 400000 Hz)
I (1904) M5IOE1_IRQ: Interrupt mode -> POLLING (pause if I2C sleep on; resume when off)
[1789024098748] [[32minfo[0m] [HAL-IOE] init success, addr: 0x4F
I (1915) M5IOE1_I2C: I2C sleep time set and verified to 0
I (1919) M5IOE1_I2C: I2C sleep time set and verified to 0
I (1937) M5IOE1_GPIO: Pin 8 mode set and verified: OUTPUT (0x03)
I (1951) M5IOE1_GPIO: Pin 7 mode set and verified: OUTPUT (0x03)
I (1965) M5IOE1_GPIO: Pin 9 mode set and verified: OUTPUT (0x03)
I (1978) M5IOE1_GPIO: Pin 3 mode set and verified: OUTPUT (0x03)
I (1991) M5IOE1_GPIO: Pin 4 mode set and verified: OUTPUT (0x03)
I (2005) M5IOE1_GPIO: Pin 0 mode set and verified: OUTPUT (0x03)
I (2018) M5IOE1_GPIO: Pin 2 mode set and verified: OUTPUT (0x03)
I (2020) M5IOE1_GPIO: Pin 7 digital write and verified: 1
I (2022) M5IOE1_GPIO: Pin 3 digital write and verified: 1
I (2025) M5IOE1_GPIO: Pin 9 digital write and verified: 0
I (2030) M5IOE1_GPIO: Pin 4 digital write and verified: 1
I (2035) M5IOE1_GPIO: Pin 0 digital write and verified: 0
I (2040) M5IOE1_GPIO: Pin 2 digital write and verified: 1
I (2048) M5IOE1_PWM: PWM frequency set and verified: 5000 Hz
[1789024098890] [[32minfo[0m] [HAL-IOE] start vibrator task
I (2066) M5IOE1_PWM: PWM ch0 verified: duty=0 pol=Norm en=On
[1789024099026] [[32minfo[0m] [HAL-Display] display init
[1789024099261] [[32minfo[0m] [HAL-Display] create full screen canvas
[1789024099274] [[32minfo[0m] [HAL-Display] brightness loaded from settings: 40
[1789024099275] [[32minfo[0m] [HAL-Display] touchpad init
[1789024099276] [[32minfo[0m] [HAL-IOE] touchpad reset
I (2443) M5IOE1_GPIO: Pin 3 digital write and verified: 0
I (2456) M5IOE1_GPIO: Pin 3 digital write and verified: 1
I (2508) CST820: Chip ID: 0xb7, Soft Ver: 0x02
[1789024099349] [[32minfo[0m] [HAL-Display] lvgl init
[1789024099357] [[32minfo[0m] [HAL-Audio] init
[1789024099360] [[32minfo[0m] [HAL-Audio] start audio play task
[1789024099361] [[32minfo[0m] [HAL-Audio] i2s init
I (2531) ES8311: Work in Slave mode
I (2537) I2S_IF: channel mode 0 bits:16/16 channel:2 mask:1
I (2538) I2S_IF: STD Mode 1 bits:16/16 channel:2 sample_rate:44100 mask:1
I (2539) I2S_IF: channel mode 0 bits:16/16 channel:2 mask:1
I (2544) I2S_IF: STD Mode 0 bits:16/16 channel:2 sample_rate:44100 mask:1
I (2570) Adev_Codec: Open codec device OK
[1789024099412] [[32minfo[0m] [HAL-IOE] set speaker enable
I (2574) M5IOE1_GPIO: Pin 9 digital write and verified: 1
[1789024099426] [[32minfo[0m] [HAL-Audio] volume loaded from settings: 0
[1789024099427] [[32minfo[0m] [HAL-Audio] set speaker volume to 0
[1789024099430] [[32minfo[0m] [HAL-IMU] init
[1789024100484] [[32minfo[0m] [HAL-RTC] init
[1789024100486] [[32minfo[0m] [HAL-RTC] load timezone from nvs: UTC-8
[1789024102000] [[32minfo[0m] [HAL-RTC] rtc synced to system (UTC): 2026-09-10 07:08:22
[1789024102002] [[32minfo[0m] [HAL-BTN] init
[1789024102007] [[32minfo[0m] [HAL-BTN] config loaded from settings: sfx=true, vibrate=true
[1789024102015] [[32minfo[0m] [HAL-FS] init
I (3667) wear_levelling: Mounting FAT filesystem
I (3674) wear_levelling: Done
I (3675) WifiManager: Initializing...
I (3679) pp: pp rom version: e7ae62f
I (3681) net80211: net80211 rom version: e7ae62f
I (3687) wifi:wifi driver task: 3fccc774, prio:23, stack:6656, core=0
I (3693) wifi:wifi firmware version: 0947e8b
I (3696) wifi:wifi certification version: v7.0
I (3700) wifi:config NVS flash: disabled
I (3703) wifi:config nano formatting: disabled
I (3708) wifi:Init data frame dynamic rx buffer num: 32
I (3713) wifi:Init static rx mgmt buffer num: 5
I (3717) wifi:Init management short buffer num: 32
I (3721) wifi:Init dynamic tx buffer num: 32
I (3725) wifi:Init static tx FG buffer num: 2
I (3729) wifi:Init static rx buffer size: 1600
I (3734) wifi:Init static rx buffer num: 10
I (3737) wifi:Init dynamic rx buffer num: 32
I (3742) wifi_init: rx ba win: 6
I (3744) wifi_init: accept mbox: 6
I (3747) wifi_init: tcpip mbox: 32
I (3751) wifi_init: udp mbox: 6
I (3753) wifi_init: tcp mbox: 6
I (3756) wifi_init: tcp tx win: 5760
I (3760) wifi_init: tcp rx win: 5760
I (3763) wifi_init: tcp mss: 1440
I (3766) wifi_init: WiFi IRAM OP enabled
I (3770) wifi_init: WiFi RX IRAM OP enabled
I (3774) WifiManager: Initialized

 _____ _____ _____ _____ _____ _____ _____ _____
|     |     |     |   | |     |  _  |  |  |   __|
| | | |  |  |  |  | | | |   --|     |    -|   __|
|_|_|_|_____|_____|_|___|_____|__|__|__|__|_____|

- @author Forairaaaaa
- @version 2.3.3
- @build at 17:29:29 Aug 31 2026

[1789024102155] [[32minfo[0m] [Launcher] on create
[1789024102157] [[32minfo[0m] [Launcher] on open
[1789024102162] [[32minfo[0m] [HAL] skip guide, launch count: 5
[1789024102168] [[32minfo[0m] [LauncherView] init
I (3821) M5PM1_PWR: Boost Enabled
[1789024102179] [[32minfo[0m] [HAL-PMIC] Grove 5V enabled
E (3849) i2c.master: this port has not been initialized, please initialize it first
I (3850) i2c_bus: i2c1 bus inited
I (3850) i2c_bus: I2C Bus V2 Config Succeed, Version: 1.5.0
[1789024102439] [[32minfo[0m] [HAL-Audio] play boot sfx
[1789024102497] [[32minfo[0m] [Typhoon] on create
[1789024102498] [[32minfo[0m] [Bot Lab] on create
[1789024102500] [[32minfo[0m] [Glow Field] on create
[1789024102502] [[32minfo[0m] [Vector Run] on create
[1789024102506] [[32minfo[0m] [Let's & Go!!] on create
[1789024102511] [[32minfo[0m] [RuView] on create
[1789024102516] [[32minfo[0m] [AlarmClock] on create
[1789024102521] [[32minfo[0m] [AlarmClockModel] init
[1789024102525] [[32minfo[0m] [HAL-Alarm] alarm storage missing, using defaults
[1789024102533] [[32minfo[0m] [AlarmClockModel] loaded storage snapshot, count: 0
[1789024102540] [[32minfo[0m] [AlarmClockModel] import storage, count: 0, persist: false
[1789024102548] [[32minfo[0m] [WatchFace] on create
[1789024102553] [[32minfo[0m] [Stopwatch] on create
[1789024102557] [[32minfo[0m] [Badge] on create
[1789024102562] [[32minfo[0m] [IMU] on create
[1789024102566] [[32minfo[0m] [Audio.FFT] on create
[1789024102571] [[32minfo[0m] [LuckyWheel] on create
[1789024102576] [[32minfo[0m] [Settings] on create
