Executing action: reconfigure
Running cmake in directory /Users/xudanyang/Documents/stopwatch/userdemo/build
Executing "cmake -G 'Unix Makefiles' -DPYTHON_DEPS_CHECKED=1 -DPYTHON=/Users/xudanyang/.espressif/python_env/idf5.5_py3.12_env/bin/python -DESP_PLATFORM=1 -DCCACHE_ENABLE=0 /Users/xudanyang/Documents/stopwatch/userdemo"...
-- Minimal build - OFF
-- Building ESP-IDF components for target esp32s3
NOTICE: Skipping optional dependency: espressif/cjson
NOTICE: Cannot establish a connection to the component registry. Skipping checks of dependency changes.
NOTICE: Processing 6 dependencies:
NOTICE: [1/6] 78/esp-wifi-connect (3.1.3)
NOTICE: [2/6] espressif/cmake_utilities (0.5.3)
NOTICE: [3/6] espressif/esp-dsp (1.8.0)
NOTICE: [4/6] espressif/esp_codec_dev (1.5.4)
NOTICE: [5/6] espressif/i2c_bus (1.5.0)
NOTICE: [6/6] idf (5.5.4)
-- M5GFX use components = nvs_flash;efuse;driver;esp_timer;esp_lcd;esp_mm
-- Using esp_driver_i2c (SRC_FILE=i2c_bus_v2.c, REQ=esp_driver_i2c driver)
-- ESP-TEE is currently supported only on the esp32c6;esp32h2;esp32c5 SoCs
NOTICE: Skipping optional dependency: espressif/cjson
-- Project sdkconfig file /Users/xudanyang/Documents/stopwatch/userdemo/sdkconfig
Loading defaults file /Users/xudanyang/Documents/stopwatch/userdemo/sdkconfig.defaults...
-- Compiler supported targets: xtensa-esp-elf
-- Detecting C compiler ABI info
-- Detecting C compiler ABI info - done
-- Detecting CXX compiler ABI info
-- Detecting CXX compiler ABI info - done
-- Detecting C compiler ABI info
-- Detecting C compiler ABI info - done
-- Detecting CXX compiler ABI info
-- Detecting CXX compiler ABI info - done
-- USING O3
-- App "StopWatch-UserDemo" version: V0.5-147-gd2d4a58-dirty
-- Adding linker script /Users/xudanyang/Documents/stopwatch/userdemo/build/esp-idf/esp_system/ld/memory.ld
-- Adding linker script /Users/xudanyang/Documents/stopwatch/userdemo/build/esp-idf/esp_system/ld/sections.ld.in
-- Adding linker script /Users/xudanyang/Documents/stopwatch/esp-idf/components/esp_rom/esp32s3/ld/esp32s3.rom.ld
-- Adding linker script /Users/xudanyang/Documents/stopwatch/esp-idf/components/esp_rom/esp32s3/ld/esp32s3.rom.api.ld
-- Adding linker script /Users/xudanyang/Documents/stopwatch/esp-idf/components/esp_rom/esp32s3/ld/esp32s3.rom.bt_funcs.ld
-- Adding linker script /Users/xudanyang/Documents/stopwatch/esp-idf/components/esp_rom/esp32s3/ld/esp32s3.rom.libgcc.ld
-- Adding linker script /Users/xudanyang/Documents/stopwatch/esp-idf/components/esp_rom/esp32s3/ld/esp32s3.rom.wdt.ld
-- Adding linker script /Users/xudanyang/Documents/stopwatch/esp-idf/components/esp_rom/esp32s3/ld/esp32s3.rom.version.ld
-- Adding linker script /Users/xudanyang/Documents/stopwatch/esp-idf/components/esp_rom/esp32s3/ld/esp32s3.rom.ble_master.ld
-- Adding linker script /Users/xudanyang/Documents/stopwatch/esp-idf/components/esp_rom/esp32s3/ld/esp32s3.rom.ble_50.ld
-- Adding linker script /Users/xudanyang/Documents/stopwatch/esp-idf/components/esp_rom/esp32s3/ld/esp32s3.rom.ble_smp.ld
-- Adding linker script /Users/xudanyang/Documents/stopwatch/esp-idf/components/esp_rom/esp32s3/ld/esp32s3.rom.ble_dtm.ld
-- Adding linker script /Users/xudanyang/Documents/stopwatch/esp-idf/components/esp_rom/esp32s3/ld/esp32s3.rom.ble_test.ld
-- Adding linker script /Users/xudanyang/Documents/stopwatch/esp-idf/components/esp_rom/esp32s3/ld/esp32s3.rom.ble_scan.ld
-- Adding linker script /Users/xudanyang/Documents/stopwatch/esp-idf/components/esp_rom/esp32s3/ld/esp32s3.rom.libc.ld
-- Adding linker script /Users/xudanyang/Documents/stopwatch/esp-idf/components/esp_rom/esp32s3/ld/esp32s3.rom.newlib.ld
-- Adding linker script /Users/xudanyang/Documents/stopwatch/esp-idf/components/soc/esp32s3/ld/esp32s3.peripherals.ld
78/esp_wifi_connect: IDF_VER is v5.5.4
78/esp_wifi_connect: idf_component_register for v5 used
-- Using esp_driver_i2c (SRC_FILE=i2c_bus_v2.c, REQ=esp_driver_i2c driver)
-- I2C_BUS: 1.5.0
-- M5GFX use components = nvs_flash;efuse;driver;esp_timer;esp_lcd;esp_mm
-- Components: 78__esp-wifi-connect ArduinoJson BMI270_BMM150_Sensor M5GFX M5IOE1 M5PM1 app_trace app_update bootloader bootloader_support bt cmock console cxx driver efuse esp-tls esp_adc esp_app_format esp_bootloader_format esp_coex esp_common esp_driver_ana_cmpr esp_driver_bitscrambler esp_driver_cam esp_driver_dac esp_driver_gpio esp_driver_gptimer esp_driver_i2c esp_driver_i2s esp_driver_isp esp_driver_jpeg esp_driver_ledc esp_driver_mcpwm esp_driver_parlio esp_driver_pcnt esp_driver_ppa esp_driver_rmt esp_driver_sdio esp_driver_sdm esp_driver_sdmmc esp_driver_sdspi esp_driver_spi esp_driver_touch_sens esp_driver_tsens esp_driver_twai esp_driver_uart esp_driver_usb_serial_jtag esp_eth esp_event esp_gdbstub esp_hal_ieee802154 esp_hid esp_http_client esp_http_server esp_https_ota esp_https_server esp_hw_support esp_lcd esp_local_ctrl esp_mm esp_netif esp_netif_stack esp_partition esp_phy esp_pm esp_psram esp_ringbuf esp_rom esp_security esp_system esp_timer esp_vfs_console esp_wifi espcoredump espressif__cmake_utilities espressif__esp-dsp espressif__esp_codec_dev espressif__i2c_bus esptool_py fatfs freertos hal heap http_parser idf_test ieee802154 json log lvgl lwip main mbedtls mooncake mooncake_log mqtt newlib nvs_flash nvs_sec_provider openthread partition_table perfmon protobuf-c protocomm pthread rt sdmmc smooth_ui_toolkit soc spi_flash spiffs tcp_transport touch_element ulp unity usb vfs wear_levelling wifi_provisioning wpa_supplicant xtensa
-- Component paths: /Users/xudanyang/Documents/stopwatch/userdemo/managed_components/78__esp-wifi-connect /Users/xudanyang/Documents/stopwatch/userdemo/components/ArduinoJson /Users/xudanyang/Documents/stopwatch/userdemo/components/BMI270_BMM150_Sensor /Users/xudanyang/Documents/stopwatch/userdemo/components/M5GFX /Users/xudanyang/Documents/stopwatch/userdemo/components/M5IOE1 /Users/xudanyang/Documents/stopwatch/userdemo/components/M5PM1 /Users/xudanyang/Documents/stopwatch/esp-idf/components/app_trace /Users/xudanyang/Documents/stopwatch/esp-idf/components/app_update /Users/xudanyang/Documents/stopwatch/esp-idf/components/bootloader /Users/xudanyang/Documents/stopwatch/esp-idf/components/bootloader_support /Users/xudanyang/Documents/stopwatch/esp-idf/components/bt /Users/xudanyang/Documents/stopwatch/esp-idf/components/cmock /Users/xudanyang/Documents/stopwatch/esp-idf/components/console /Users/xudanyang/Documents/stopwatch/esp-idf/components/cxx /Users/xudanyang/Documents/stopwatch/esp-idf/components/driver /Users/xudanyang/Documents/stopwatch/esp-idf/components/efuse /Users/xudanyang/Documents/stopwatch/esp-idf/components/esp-tls /Users/xudanyang/Documents/stopwatch/esp-idf/components/esp_adc /Users/xudanyang/Documents/stopwatch/esp-idf/components/esp_app_format /Users/xudanyang/Documents/stopwatch/esp-idf/components/esp_bootloader_format /Users/xudanyang/Documents/stopwatch/esp-idf/components/esp_coex /Users/xudanyang/Documents/stopwatch/esp-idf/components/esp_common /Users/xudanyang/Documents/stopwatch/esp-idf/components/esp_driver_ana_cmpr /Users/xudanyang/Documents/stopwatch/esp-idf/components/esp_driver_bitscrambler /Users/xudanyang/Documents/stopwatch/esp-idf/components/esp_driver_cam /Users/xudanyang/Documents/stopwatch/esp-idf/components/esp_driver_dac /Users/xudanyang/Documents/stopwatch/esp-idf/components/esp_driver_gpio /Users/xudanyang/Documents/stopwatch/esp-idf/components/esp_driver_gptimer /Users/xudanyang/Documents/stopwatch/esp-idf/components/esp_driver_i2c /Users/xudanyang/Documents/stopwatch/esp-idf/components/esp_driver_i2s /Users/xudanyang/Documents/stopwatch/esp-idf/components/esp_driver_isp /Users/xudanyang/Documents/stopwatch/esp-idf/components/esp_driver_jpeg /Users/xudanyang/Documents/stopwatch/esp-idf/components/esp_driver_ledc /Users/xudanyang/Documents/stopwatch/esp-idf/components/esp_driver_mcpwm /Users/xudanyang/Documents/stopwatch/esp-idf/components/esp_driver_parlio /Users/xudanyang/Documents/stopwatch/esp-idf/components/esp_driver_pcnt /Users/xudanyang/Documents/stopwatch/esp-idf/components/esp_driver_ppa /Users/xudanyang/Documents/stopwatch/esp-idf/components/esp_driver_rmt /Users/xudanyang/Documents/stopwatch/esp-idf/components/esp_driver_sdio /Users/xudanyang/Documents/stopwatch/esp-idf/components/esp_driver_sdm /Users/xudanyang/Documents/stopwatch/esp-idf/components/esp_driver_sdmmc /Users/xudanyang/Documents/stopwatch/esp-idf/components/esp_driver_sdspi /Users/xudanyang/Documents/stopwatch/esp-idf/components/esp_driver_spi /Users/xudanyang/Documents/stopwatch/esp-idf/components/esp_driver_touch_sens /Users/xudanyang/Documents/stopwatch/esp-idf/components/esp_driver_tsens /Users/xudanyang/Documents/stopwatch/esp-idf/components/esp_driver_twai /Users/xudanyang/Documents/stopwatch/esp-idf/components/esp_driver_uart /Users/xudanyang/Documents/stopwatch/esp-idf/components/esp_driver_usb_serial_jtag /Users/xudanyang/Documents/stopwatch/esp-idf/components/esp_eth /Users/xudanyang/Documents/stopwatch/esp-idf/components/esp_event /Users/xudanyang/Documents/stopwatch/esp-idf/components/esp_gdbstub /Users/xudanyang/Documents/stopwatch/esp-idf/components/esp_hal_ieee802154 /Users/xudanyang/Documents/stopwatch/esp-idf/components/esp_hid /Users/xudanyang/Documents/stopwatch/esp-idf/components/esp_http_client /Users/xudanyang/Documents/stopwatch/esp-idf/components/esp_http_server /Users/xudanyang/Documents/stopwatch/esp-idf/components/esp_https_ota /Users/xudanyang/Documents/stopwatch/esp-idf/components/esp_https_server /Users/xudanyang/Documents/stopwatch/esp-idf/components/esp_hw_support /Users/xudanyang/Documents/stopwatch/esp-idf/components/esp_lcd /Users/xudanyang/Documents/stopwatch/esp-idf/components/esp_local_ctrl /Users/xudanyang/Documents/stopwatch/esp-idf/components/esp_mm /Users/xudanyang/Documents/stopwatch/esp-idf/components/esp_netif /Users/xudanyang/Documents/stopwatch/esp-idf/components/esp_netif_stack /Users/xudanyang/Documents/stopwatch/esp-idf/components/esp_partition /Users/xudanyang/Documents/stopwatch/esp-idf/components/esp_phy /Users/xudanyang/Documents/stopwatch/esp-idf/components/esp_pm /Users/xudanyang/Documents/stopwatch/esp-idf/components/esp_psram /Users/xudanyang/Documents/stopwatch/esp-idf/components/esp_ringbuf /Users/xudanyang/Documents/stopwatch/esp-idf/components/esp_rom /Users/xudanyang/Documents/stopwatch/esp-idf/components/esp_security /Users/xudanyang/Documents/stopwatch/esp-idf/components/esp_system /Users/xudanyang/Documents/stopwatch/esp-idf/components/esp_timer /Users/xudanyang/Documents/stopwatch/esp-idf/components/esp_vfs_console /Users/xudanyang/Documents/stopwatch/esp-idf/components/esp_wifi /Users/xudanyang/Documents/stopwatch/esp-idf/components/espcoredump /Users/xudanyang/Documents/stopwatch/userdemo/managed_components/espressif__cmake_utilities /Users/xudanyang/Documents/stopwatch/userdemo/managed_components/espressif__esp-dsp /Users/xudanyang/Documents/stopwatch/userdemo/managed_components/espressif__esp_codec_dev /Users/xudanyang/Documents/stopwatch/userdemo/managed_components/espressif__i2c_bus /Users/xudanyang/Documents/stopwatch/esp-idf/components/esptool_py /Users/xudanyang/Documents/stopwatch/esp-idf/components/fatfs /Users/xudanyang/Documents/stopwatch/esp-idf/components/freertos /Users/xudanyang/Documents/stopwatch/esp-idf/components/hal /Users/xudanyang/Documents/stopwatch/esp-idf/components/heap /Users/xudanyang/Documents/stopwatch/esp-idf/components/http_parser /Users/xudanyang/Documents/stopwatch/esp-idf/components/idf_test /Users/xudanyang/Documents/stopwatch/esp-idf/components/ieee802154 /Users/xudanyang/Documents/stopwatch/esp-idf/components/json /Users/xudanyang/Documents/stopwatch/esp-idf/components/log /Users/xudanyang/Documents/stopwatch/userdemo/components/lvgl /Users/xudanyang/Documents/stopwatch/esp-idf/components/lwip /Users/xudanyang/Documents/stopwatch/userdemo/main /Users/xudanyang/Documents/stopwatch/esp-idf/components/mbedtls /Users/xudanyang/Documents/stopwatch/userdemo/components/mooncake /Users/xudanyang/Documents/stopwatch/userdemo/components/mooncake_log /Users/xudanyang/Documents/stopwatch/esp-idf/components/mqtt /Users/xudanyang/Documents/stopwatch/esp-idf/components/newlib /Users/xudanyang/Documents/stopwatch/esp-idf/components/nvs_flash /Users/xudanyang/Documents/stopwatch/esp-idf/components/nvs_sec_provider /Users/xudanyang/Documents/stopwatch/esp-idf/components/openthread /Users/xudanyang/Documents/stopwatch/esp-idf/components/partition_table /Users/xudanyang/Documents/stopwatch/esp-idf/components/perfmon /Users/xudanyang/Documents/stopwatch/esp-idf/components/protobuf-c /Users/xudanyang/Documents/stopwatch/esp-idf/components/protocomm /Users/xudanyang/Documents/stopwatch/esp-idf/components/pthread /Users/xudanyang/Documents/stopwatch/esp-idf/components/rt /Users/xudanyang/Documents/stopwatch/esp-idf/components/sdmmc /Users/xudanyang/Documents/stopwatch/userdemo/components/smooth_ui_toolkit /Users/xudanyang/Documents/stopwatch/esp-idf/components/soc /Users/xudanyang/Documents/stopwatch/esp-idf/components/spi_flash /Users/xudanyang/Documents/stopwatch/esp-idf/components/spiffs /Users/xudanyang/Documents/stopwatch/esp-idf/components/tcp_transport /Users/xudanyang/Documents/stopwatch/esp-idf/components/touch_element /Users/xudanyang/Documents/stopwatch/esp-idf/components/ulp /Users/xudanyang/Documents/stopwatch/esp-idf/components/unity /Users/xudanyang/Documents/stopwatch/esp-idf/components/usb /Users/xudanyang/Documents/stopwatch/esp-idf/components/vfs /Users/xudanyang/Documents/stopwatch/esp-idf/components/wear_levelling /Users/xudanyang/Documents/stopwatch/esp-idf/components/wifi_provisioning /Users/xudanyang/Documents/stopwatch/esp-idf/components/wpa_supplicant /Users/xudanyang/Documents/stopwatch/esp-idf/components/xtensa
-- Configuring done (44.5s)
-- Generating done (1.4s)
-- Build files have been written to: /Users/xudanyang/Documents/stopwatch/userdemo/build
Executing action: all (aliases: build)
Running make in directory /Users/xudanyang/Documents/stopwatch/userdemo/build
Executing "make -j 14 all"...
[  0%] Built target memory.ld
[  0%] Built target blank_ota_data
[  0%] Built target sections.ld.in
[  0%] Built target partition_table_bin
[  0%] Built target custom_bundle
[  1%] Built target _project_elf_src
[  1%] Performing build step for 'bootloader'
[  1%] Built target __idf_esp_https_ota
[  1%] Built target __idf_esp_http_server
[  1%] Built target _project_elf_src
[  9%] Built target __idf_log
[  2%] Built target __idf_esp_http_client
[ 19%] Built target __idf_esp_rom
[  2%] Built target __idf_tcp_transport
[ 21%] Built target __idf_esp_common
[ 30%] Built target __idf_esp_hw_support
[  3%] Built target __idf_esp_adc
[ 32%] Built target __idf_esp_system
[  3%] Built target __idf_esp-tls
[ 40%] Built target __idf_efuse
[  3%] Built target __idf_http_parser
[ 59%] Built target __idf_bootloader_support
[  4%] Built target __idf_driver
[ 60%] Built target __idf_esp_bootloader_format
[  4%] Built target __idf_esp_driver_twai
[ 62%] Built target __idf_spi_flash
[  4%] Built target __idf_esp_driver_ledc
[ 68%] Built target __idf_hal
[  4%] Built target __idf_esp_driver_i2c
[ 69%] Built target __idf_micro-ecc
[  4%] Built target __idf_esp_driver_sdm
[ 92%] Built target __idf_soc
[  4%] Built target __idf_esp_driver_tsens
[ 94%] Built target __idf_xtensa
[  4%] Built target __idf_esp_driver_rmt
[ 96%] Built target __idf_main
[  5%] Built target __idf_esp_driver_sdspi
[ 98%] Built target bootloader.elf
[100%] Built target gen_project_binary
[  5%] Built target __idf_esp_driver_sdmmc
[  5%] Built target __idf_sdmmc
Bootloader binary size 0x5160 bytes. 0x2ea0 bytes (36%) free.
[100%] Built target bootloader_check_size
[  5%] Built target __idf_esp_driver_i2s
[100%] Built target app
[  5%] No install step for 'bootloader'
[  6%] Built target __idf_esp_driver_mcpwm
[  6%] Completed 'bootloader'
[  6%] Built target __idf_esp_driver_pcnt
[  6%] Built target bootloader
[  6%] Built target __idf_esp_gdbstub
[  6%] Built target __idf_esp_driver_spi
[  6%] Built target __idf_esp_wifi
[  6%] Built target __idf_esp_coex
[ 10%] Built target __idf_wpa_supplicant
[ 11%] Built target __idf_esp_netif
[ 16%] Built target __idf_lwip
[ 17%] Built target __idf_vfs
[ 18%] Built target __idf_esp_vfs_console
[ 19%] Built target __idf_esp_driver_usb_serial_jtag
[ 19%] Built target __idf_esp_phy
[ 20%] Built target __idf_nvs_flash
[ 20%] Built target __idf_esp_event
[ 20%] Built target __idf_esp_driver_uart
[ 21%] Built target __idf_esp_psram
[ 21%] Built target __idf_esp_ringbuf
[ 21%] Built target __idf_esp_driver_gptimer
[ 21%] Built target __idf_esp_timer
[ 21%] Built target __idf_cxx
[ 21%] Built target __idf_pthread
[ 21%] Built target __idf_newlib
[ 22%] Built target __idf_freertos
[ 24%] Built target __idf_esp_hw_support
[ 25%] Built target __idf_esp_security
[ 26%] Built target __idf_soc
[ 26%] Built target __idf_heap
[ 27%] Built target __idf_log
[ 30%] Built target __idf_hal
[ 30%] Built target __idf_esp_rom
[ 30%] Built target __idf_esp_common
[ 31%] Built target __idf_esp_system
[ 32%] Built target __idf_spi_flash
[ 32%] Built target __idf_esp_mm
[ 33%] Built target __idf_bootloader_support
[ 33%] Built target __idf_efuse
[ 33%] Built target __idf_esp_partition
[ 33%] Built target __idf_app_update
[ 33%] Built target __idf_esp_bootloader_format
[ 33%] Built target __idf_esp_app_format
[ 34%] Built target mbedtls
[ 34%] Built target mbedx509
[ 39%] Built target mbedcrypto
[ 39%] Built target p256m
[ 39%] Built target everest
[ 39%] Built target __idf_mbedtls
[ 39%] Built target __idf_esp_pm
[ 39%] Built target __idf_esp_driver_gpio
[ 39%] Built target __idf_xtensa
[ 39%] Built target __idf_esp_https_server
[ 39%] Built target __idf_protobuf-c
[ 39%] Built target __idf_json
[ 40%] Built target __idf_esp_driver_cam
[ 40%] Built target __idf_esp_eth
[ 40%] Built target __idf_app_trace
[ 40%] Built target __idf_esp_driver_touch_sens
[ 40%] Built target __idf_wear_levelling
[ 40%] Built target __idf_esp_hid
[ 40%] Built target __idf_unity
[ 41%] Built target __idf_espcoredump
[ 42%] Built target __idf_esp_lcd
[ 43%] Built target __idf_console
[ 43%] Built target __idf_nvs_sec_provider
[ 44%] Built target __idf_perfmon
[ 45%] Built target __idf_mqtt
[ 46%] Built target __idf_smooth_ui_toolkit
[ 47%] Built target __idf_rt
[ 48%] Built target __idf_touch_element
[ 48%] Built target __idf_spiffs
[ 48%] Built target __idf_espressif__i2c_bus
[ 48%] Built target __idf_usb
[ 48%] Built target __idf_mooncake
[ 48%] Built target __idf_78__esp-wifi-connect
[ 48%] Built target __idf_mooncake_log
[ 49%] Built target __idf_espressif__esp_codec_dev
[ 49%] Built target __idf_cmock
[ 49%] Built target __idf_M5PM1
[ 49%] Built target __idf_BMI270_BMM150_Sensor
[ 49%] Built target __idf_fatfs
[ 49%] Built target __idf_protocomm
[ 49%] Built target __idf_esp_local_ctrl
[ 52%] Built target __idf_wifi_provisioning
[ 56%] Built target __idf_espressif__esp-dsp
[ 59%] Built target __idf_M5GFX
[ 59%] Built target __idf_M5IOE1
[ 93%] Built target __idf_lvgl
[ 93%] Building CXX object esp-idf/main/CMakeFiles/__idf_main.dir/apps/app_alarm_clock/model/alarm_clock.cpp.obj
[ 93%] Building CXX object esp-idf/main/CMakeFiles/__idf_main.dir/apps/app_alarm_clock/app_alarm_clock.cpp.obj
[ 93%] Building CXX object esp-idf/main/CMakeFiles/__idf_main.dir/apps/app_alarm_clock/view/alarm_list.cpp.obj
[ 93%] Building CXX object esp-idf/main/CMakeFiles/__idf_main.dir/main.cpp.obj
[ 93%] Building CXX object esp-idf/main/CMakeFiles/__idf_main.dir/apps/app_alarm_clock/view/trigger_alarm.cpp.obj
[ 93%] Building CXX object esp-idf/main/CMakeFiles/__idf_main.dir/apps/app_fft/app_fft.cpp.obj
[ 93%] Building CXX object esp-idf/main/CMakeFiles/__idf_main.dir/apps/app_fft/view/view.cpp.obj
[ 93%] Building CXX object esp-idf/main/CMakeFiles/__idf_main.dir/apps/app_badge/view/badge.cpp.obj
[ 93%] Building CXX object esp-idf/main/CMakeFiles/__idf_main.dir/apps/app_alarm_clock/view/add_alarm.cpp.obj
[ 93%] Building CXX object esp-idf/main/CMakeFiles/__idf_main.dir/apps/app_badge/app_badge.cpp.obj
[ 93%] Building CXX object esp-idf/main/CMakeFiles/__idf_main.dir/apps/app_glow_field/glow_field_renderer.cpp.obj
[ 93%] Building CXX object esp-idf/main/CMakeFiles/__idf_main.dir/apps/app_glow_field/glow_field_engine.cpp.obj
[ 93%] Building CXX object esp-idf/main/CMakeFiles/__idf_main.dir/apps/app_glow_field/app_glow_field.cpp.obj
[ 93%] Building CXX object esp-idf/main/CMakeFiles/__idf_main.dir/apps/app_glow_field/glow_field_audio_reactive.cpp.obj
[ 93%] Building CXX object esp-idf/main/CMakeFiles/__idf_main.dir/apps/app_grokbot_lab/app_grokbot_lab.cpp.obj
[ 93%] Building CXX object esp-idf/main/CMakeFiles/__idf_main.dir/apps/app_grokbot_lab/icon_bot_lab.cpp.obj
[ 93%] Building CXX object esp-idf/main/CMakeFiles/__idf_main.dir/apps/app_grokbot_lab/view/view.cpp.obj
[ 93%] Building CXX object esp-idf/main/CMakeFiles/__idf_main.dir/apps/app_imu/app_imu.cpp.obj
[ 93%] Building CXX object esp-idf/main/CMakeFiles/__idf_main.dir/apps/app_imu/view/view.cpp.obj
/Users/xudanyang/Documents/stopwatch/userdemo/main/apps/app_alarm_clock/view/alarm_list.cpp: In member function 'void view::AlarmListView::createAlarmRow(int, int, const model::AlarmClock::Alarm&)':
/Users/xudanyang/Documents/stopwatch/userdemo/main/apps/app_alarm_clock/view/alarm_list.cpp:203:86: warning: bitwise operation between different enumeration types 'lv_part_t' and 'lv_state_t' is deprecated [-Wdeprecated-enum-enum-conversion]
  203 |     row->enabledSwitch->setBgColor(lv_color_hex(_switch_on_color), LV_PART_INDICATOR | LV_STATE_CHECKED);
      |                                                                    ~~~~~~~~~~~~~~~~~~^~~~~~~~~~~~~~~~~~
/Users/xudanyang/Documents/stopwatch/userdemo/main/apps/app_alarm_clock/view/alarm_list.cpp:204:66: warning: bitwise operation between different enumeration types 'lv_part_t' and 'lv_state_t' is deprecated [-Wdeprecated-enum-enum-conversion]
  204 |     row->enabledSwitch->setBgOpa(LV_OPA_COVER, LV_PART_INDICATOR | LV_STATE_CHECKED);
      |                                                ~~~~~~~~~~~~~~~~~~^~~~~~~~~~~~~~~~~~
/Users/xudanyang/Documents/stopwatch/userdemo/main/apps/app_alarm_clock/view/alarm_list.cpp:205:61: warning: bitwise operation between different enumeration types 'lv_part_t' and 'lv_state_t' is deprecated [-Wdeprecated-enum-enum-conversion]
  205 |     row->enabledSwitch->setBorderWidth(0, LV_PART_INDICATOR | LV_STATE_CHECKED);
      |                                           ~~~~~~~~~~~~~~~~~~^~~~~~~~~~~~~~~~~~
[ 93%] Building CXX object esp-idf/main/CMakeFiles/__idf_main.dir/apps/app_launcher/app_launcher.cpp.obj
[ 94%] Building CXX object esp-idf/main/CMakeFiles/__idf_main.dir/apps/app_launcher/view/guide_page.cpp.obj
[ 94%] Building CXX object esp-idf/main/CMakeFiles/__idf_main.dir/apps/app_launcher/view/view.cpp.obj
[ 94%] Building CXX object esp-idf/main/CMakeFiles/__idf_main.dir/apps/app_lets_and_go_racer/app_lets_and_go_racer.cpp.obj
[ 94%] Building CXX object esp-idf/main/CMakeFiles/__idf_main.dir/apps/app_lets_and_go_racer/audio/chip_synth.cpp.obj
[ 94%] Building CXX object esp-idf/main/CMakeFiles/__idf_main.dir/apps/app_lets_and_go_racer/audio/racer_audio.cpp.obj
[ 94%] Building CXX object esp-idf/main/CMakeFiles/__idf_main.dir/apps/app_lets_and_go_racer/controller/game_flow.cpp.obj
[ 94%] Building CXX object esp-idf/main/CMakeFiles/__idf_main.dir/apps/app_lets_and_go_racer/controller/garage_selection.cpp.obj
[ 94%] Building CXX object esp-idf/main/CMakeFiles/__idf_main.dir/apps/app_lets_and_go_racer/controller/race_controller.cpp.obj
[ 94%] Building CXX object esp-idf/main/CMakeFiles/__idf_main.dir/apps/app_lets_and_go_racer/controller/results_selection.cpp.obj
[ 94%] Building CXX object esp-idf/main/CMakeFiles/__idf_main.dir/apps/app_lets_and_go_racer/input/device_control_source.cpp.obj
[ 94%] Building CXX object esp-idf/main/CMakeFiles/__idf_main.dir/apps/app_lets_and_go_racer/input/hardware_racer_input_provider.cpp.obj
[ 94%] Building CXX object esp-idf/main/CMakeFiles/__idf_main.dir/apps/app_lets_and_go_racer/model/car_catalog.cpp.obj
[ 94%] Building CXX object esp-idf/main/CMakeFiles/__idf_main.dir/apps/app_lets_and_go_racer/model/car_display_mesh.cpp.obj
[ 94%] Building CXX object esp-idf/main/CMakeFiles/__idf_main.dir/apps/app_lets_and_go_racer/model/overpass_track.cpp.obj
[ 94%] Building CXX object esp-idf/main/CMakeFiles/__idf_main.dir/apps/app_lets_and_go_racer/model/race_progress_store.cpp.obj
[ 94%] Building CXX object esp-idf/main/CMakeFiles/__idf_main.dir/apps/app_lets_and_go_racer/model/racer_model.cpp.obj
[ 94%] Building CXX object esp-idf/main/CMakeFiles/__idf_main.dir/apps/app_lets_and_go_racer/model/rival_ai.cpp.obj
[ 94%] Building CXX object esp-idf/main/CMakeFiles/__idf_main.dir/apps/app_lets_and_go_racer/model/track_types.cpp.obj
[ 94%] Building CXX object esp-idf/main/CMakeFiles/__idf_main.dir/apps/app_lets_and_go_racer/view/garage_renderer.cpp.obj
[ 94%] Building CXX object esp-idf/main/CMakeFiles/__idf_main.dir/apps/app_lets_and_go_racer/view/race_renderer.cpp.obj
[ 94%] Building CXX object esp-idf/main/CMakeFiles/__idf_main.dir/apps/app_lucky_wheel/app_lucky_wheel.cpp.obj
[ 94%] Building CXX object esp-idf/main/CMakeFiles/__idf_main.dir/apps/app_lucky_wheel/view/selection.cpp.obj
[ 94%] Building CXX object esp-idf/main/CMakeFiles/__idf_main.dir/apps/app_lucky_wheel/view/wheel.cpp.obj
[ 94%] Building CXX object esp-idf/main/CMakeFiles/__idf_main.dir/apps/app_ruview/app_ruview.cpp.obj
[ 95%] Building CXX object esp-idf/main/CMakeFiles/__idf_main.dir/apps/app_ruview/model/csi_sentinel.cpp.obj
[ 95%] Building CXX object esp-idf/main/CMakeFiles/__idf_main.dir/apps/app_ruview/view/view.cpp.obj
[ 95%] Building CXX object esp-idf/main/CMakeFiles/__idf_main.dir/apps/app_setup/app_setup.cpp.obj
/Users/xudanyang/Documents/stopwatch/userdemo/main/apps/app_launcher/view/view.cpp: In member function 'void view::LauncherView::init(std::vector<mooncake::AppProps_t>)':
/Users/xudanyang/Documents/stopwatch/userdemo/main/apps/app_launcher/view/view.cpp:351:9: warning: unused variable 'default_start_x' [-Wunused-variable]
  351 |     int default_start_x    = base_offset_rounds * _icon_gap;
      |         ^~~~~~~~~~~~~~~
/Users/xudanyang/Documents/stopwatch/userdemo/main/apps/app_launcher/view/view.cpp: In member function 'void view::LauncherView::handle_scroll_in_loop()':
/Users/xudanyang/Documents/stopwatch/userdemo/main/apps/app_launcher/view/view.cpp:507:9: warning: unused variable 'center_set_start_x' [-Wunused-variable]
  507 |     int center_set_start_x = _center_copy_index * set_width_px;
      |         ^~~~~~~~~~~~~~~~~~
[ 95%] Building CXX object esp-idf/main/CMakeFiles/__idf_main.dir/apps/app_setup/view/view.cpp.obj
[ 95%] Building CXX object esp-idf/main/CMakeFiles/__idf_main.dir/apps/app_setup/workers/about.cpp.obj
[ 95%] Building CXX object esp-idf/main/CMakeFiles/__idf_main.dir/apps/app_setup/workers/datetime.cpp.obj
[ 95%] Building CXX object esp-idf/main/CMakeFiles/__idf_main.dir/apps/app_setup/workers/device.cpp.obj
[ 95%] Building CXX object esp-idf/main/CMakeFiles/__idf_main.dir/apps/app_setup/workers/wifi.cpp.obj
[ 95%] Building CXX object esp-idf/main/CMakeFiles/__idf_main.dir/apps/app_stopwatch/app_stopwatch.cpp.obj
[ 95%] Building CXX object esp-idf/main/CMakeFiles/__idf_main.dir/apps/app_stopwatch/model/stopwatch.cpp.obj
[ 95%] Building CXX object esp-idf/main/CMakeFiles/__idf_main.dir/apps/app_stopwatch/view/view.cpp.obj
[ 95%] Building CXX object esp-idf/main/CMakeFiles/__idf_main.dir/apps/app_template/app_template.cpp.obj
[ 95%] Building CXX object esp-idf/main/CMakeFiles/__idf_main.dir/apps/app_typhoon/app_typhoon.cpp.obj
[ 95%] Building CXX object esp-idf/main/CMakeFiles/__idf_main.dir/apps/app_typhoon/typhoon_data.cpp.obj
[ 95%] Building CXX object esp-idf/main/CMakeFiles/__idf_main.dir/apps/app_typhoon/typhoon_engine.cpp.obj
[ 95%] Building CXX object esp-idf/main/CMakeFiles/__idf_main.dir/apps/app_typhoon/typhoon_port.cpp.obj
/Users/xudanyang/Documents/stopwatch/userdemo/main/apps/app_setup/workers/device.cpp: In member function 'void setup_workers::ButtonWorker::ButtonConfigView::createSwitchRow(int, const char*, bool, const std::function<void(bool)>&)':
/Users/xudanyang/Documents/stopwatch/userdemo/main/apps/app_setup/workers/device.cpp:212:77: warning: bitwise operation between different enumeration types 'lv_part_t' and 'lv_state_t' is deprecated [-Wdeprecated-enum-enum-conversion]
  212 |         switch_widget->setBgColor(lv_color_hex(0x53BD65), LV_PART_INDICATOR | LV_STATE_CHECKED);
      |                                                           ~~~~~~~~~~~~~~~~~~^~~~~~~~~~~~~~~~~~
/Users/xudanyang/Documents/stopwatch/userdemo/main/apps/app_setup/workers/device.cpp:213:65: warning: bitwise operation between different enumeration types 'lv_part_t' and 'lv_state_t' is deprecated [-Wdeprecated-enum-enum-conversion]
  213 |         switch_widget->setBgOpa(LV_OPA_COVER, LV_PART_INDICATOR | LV_STATE_CHECKED);
      |                                               ~~~~~~~~~~~~~~~~~~^~~~~~~~~~~~~~~~~~
/Users/xudanyang/Documents/stopwatch/userdemo/main/apps/app_setup/workers/device.cpp:214:60: warning: bitwise operation between different enumeration types 'lv_part_t' and 'lv_state_t' is deprecated [-Wdeprecated-enum-enum-conversion]
  214 |         switch_widget->setBorderWidth(0, LV_PART_INDICATOR | LV_STATE_CHECKED);
      |                                          ~~~~~~~~~~~~~~~~~~^~~~~~~~~~~~~~~~~~
[ 95%] Building CXX object esp-idf/main/CMakeFiles/__idf_main.dir/apps/app_typhoon/typhoon_view.cpp.obj
[ 95%] Building CXX object esp-idf/main/CMakeFiles/__idf_main.dir/apps/app_vector_canyon_fighter/app_vector_canyon_fighter.cpp.obj
[ 95%] Building CXX object esp-idf/main/CMakeFiles/__idf_main.dir/apps/app_vector_canyon_fighter/input/composite_input_provider.cpp.obj
[ 95%] Building CXX object esp-idf/main/CMakeFiles/__idf_main.dir/apps/app_vector_canyon_fighter/input/dual_button_action_source.cpp.obj
[ 95%] Building CXX object esp-idf/main/CMakeFiles/__idf_main.dir/apps/app_vector_canyon_fighter/input/imu_button_input_provider.cpp.obj
[ 95%] Building CXX object esp-idf/main/CMakeFiles/__idf_main.dir/apps/app_vector_canyon_fighter/input/joystick2_axis_source.cpp.obj
[ 95%] Building CXX object esp-idf/main/CMakeFiles/__idf_main.dir/apps/app_vector_canyon_fighter/model/collision_model.cpp.obj
[ 96%] Building CXX object esp-idf/main/CMakeFiles/__idf_main.dir/apps/app_vector_canyon_fighter/model/explicit_canyon_collision.cpp.obj
[ 96%] Building CXX object esp-idf/main/CMakeFiles/__idf_main.dir/apps/app_vector_canyon_fighter/model/explicit_canyon_stream.cpp.obj
[ 96%] Building CXX object esp-idf/main/CMakeFiles/__idf_main.dir/apps/app_vector_canyon_fighter/model/flight_model.cpp.obj
[ 96%] Building CXX object esp-idf/main/CMakeFiles/__idf_main.dir/apps/app_vector_canyon_fighter/vector_canyon_renderer.cpp.obj
[ 96%] Building CXX object esp-idf/main/CMakeFiles/__idf_main.dir/apps/app_watch_face/app_watch_face.cpp.obj
[ 96%] Building CXX object esp-idf/main/CMakeFiles/__idf_main.dir/apps/app_watch_face/view/big_number.cpp.obj
[ 96%] Building CXX object esp-idf/main/CMakeFiles/__idf_main.dir/apps/app_watch_face/view/classic.cpp.obj
[ 96%] Building CXX object esp-idf/main/CMakeFiles/__idf_main.dir/apps/app_watch_face/view/number_flow.cpp.obj
[ 96%] Building CXX object esp-idf/main/CMakeFiles/__idf_main.dir/apps/app_watch_face/view/simple.cpp.obj
[ 96%] Building CXX object esp-idf/main/CMakeFiles/__idf_main.dir/apps/app_watch_face/view/watch_face_manager.cpp.obj
/Users/xudanyang/Documents/stopwatch/userdemo/main/apps/app_typhoon/typhoon_engine.cpp:2034:13: warning: 'void typhoon::imuPoll()' defined but not used [-Wunused-function]
 2034 | static void imuPoll() {
      |             ^~~~~~~
/Users/xudanyang/Documents/stopwatch/userdemo/main/apps/app_typhoon/typhoon_engine.cpp:1733:13: warning: 'void typhoon::tmEval(float)' defined but not used [-Wunused-function]
 1733 | static void tmEval(float pos)
      |             ^~~~~~
/Users/xudanyang/Documents/stopwatch/userdemo/main/apps/app_typhoon/typhoon_engine.cpp:1438:13: warning: 'void typhoon::landfallLabel(char*, size_t)' defined but not used [-Wunused-function]
 1438 | static void landfallLabel(char* out, size_t n) {
      |             ^~~~~~~~~~~~~
/Users/xudanyang/Documents/stopwatch/userdemo/main/apps/app_typhoon/typhoon_engine.cpp:1241:13: warning: 'void typhoon::enterWifiSetup(Page)' defined but not used [-Wunused-function]
 1241 | static void enterWifiSetup(Page ret) {
      |             ^~~~~~~~~~~~~~
/Users/xudanyang/Documents/stopwatch/userdemo/main/apps/app_typhoon/typhoon_engine.cpp:1219:13: warning: 'void typhoon::wifiDoScan()' defined but not used [-Wunused-function]
 1219 | static void wifiDoScan() {
      |             ^~~~~~~~~~
/Users/xudanyang/Documents/stopwatch/userdemo/main/apps/app_typhoon/typhoon_engine.cpp:1192:13: warning: 'void typhoon::wifiStartConnect(const char*, const char*)' defined but not used [-Wunused-function]
 1192 | static void wifiStartConnect(const char* ssid, const char* pass) {
      |             ^~~~~~~~~~~~~~~~
/Users/xudanyang/Documents/stopwatch/userdemo/main/apps/app_typhoon/typhoon_engine.cpp:1186:13: warning: 'void typhoon::wifiClearCreds()' defined but not used [-Wunused-function]
 1186 | static void wifiClearCreds() {
      |             ^~~~~~~~~~~~~~
/Users/xudanyang/Documents/stopwatch/userdemo/main/apps/app_typhoon/typhoon_engine.cpp:1179:13: warning: 'void typhoon::wifiSaveCreds(const char*, const char*)' defined but not used [-Wunused-function]
 1179 | static void wifiSaveCreds(const char* ssid, const char* pass) {
      |             ^~~~~~~~~~~~~
/Users/xudanyang/Documents/stopwatch/userdemo/main/apps/app_typhoon/typhoon_engine.cpp:1019:13: warning: 'void typhoon::tryFetchTyphoonData()' defined but not used [-Wunused-function]
 1019 | static void tryFetchTyphoonData() { /* handled by DataService */ }
      |             ^~~~~~~~~~~~~~~~~~~
/Users/xudanyang/Documents/stopwatch/userdemo/main/apps/app_typhoon/typhoon_engine.cpp:984:13: warning: 'void typhoon::applyNmcStorms(const NmcStorm*, const NmcTrack*, uint8_t)' defined but not used [-Wunused-function]
  984 | static void applyNmcStorms(const NmcStorm* src, const NmcTrack* tr, uint8_t n) {
      |             ^~~~~~~~~~~~~~
/Users/xudanyang/Documents/stopwatch/userdemo/main/apps/app_typhoon/typhoon_engine.cpp:386:17: warning: 'uint32_t typhoon::getUnixTime()' defined but not used [-Wunused-function]
  386 | static uint32_t getUnixTime() {
      |                 ^~~~~~~~~~~
/Users/xudanyang/Documents/stopwatch/userdemo/main/apps/app_typhoon/typhoon_engine.cpp:381:13: warning: 'void typhoon::drawStars(LGFX_Sprite*, uint32_t)' defined but not used [-Wunused-function]
  381 | static void drawStars(LGFX_Sprite* s, uint32_t unixTime) {
      |             ^~~~~~~~~
/Users/xudanyang/Documents/stopwatch/userdemo/main/apps/app_typhoon/typhoon_engine.cpp:312:13: warning: 'void typhoon::wifiPassSet(const char*)' defined but not used [-Wunused-function]
  312 | static void wifiPassSet(const char* pass) {
      |             ^~~~~~~~~~~
/Users/xudanyang/Documents/stopwatch/userdemo/main/apps/app_typhoon/typhoon_engine.cpp:306:13: warning: 'char typhoon::wifiPassStep(char, int)' defined but not used [-Wunused-function]
  306 | static char wifiPassStep(char c, int dir) {
      |             ^~~~~~~~~~~~
/Users/xudanyang/Documents/stopwatch/userdemo/main/apps/app_typhoon/typhoon_engine.cpp:295:17: warning: 'typhoon::wifi_scan_pending' defined but not used [-Wunused-variable]
  295 | static bool     wifi_scan_pending = false;
      |                 ^~~~~~~~~~~~~~~~~
/Users/xudanyang/Documents/stopwatch/userdemo/main/apps/app_typhoon/typhoon_engine.cpp:287:17: warning: 'typhoon::wifi_return' defined but not used [-Wunused-variable]
  287 | static Page     wifi_return = PAGE_MENU;
      |                 ^~~~~~~~~~~
/Users/xudanyang/Documents/stopwatch/userdemo/main/apps/app_typhoon/typhoon_engine.cpp:236:17: warning: 'typhoon::boot_start_ms' defined but not used [-Wunused-variable]
  236 | static uint32_t boot_start_ms = 0;
      |                 ^~~~~~~~~~~~~
[ 96%] Building CXX object esp-idf/main/CMakeFiles/__idf_main.dir/apps/common/arc_top_clock/arc_top_clock.cpp.obj
[ 96%] Building CXX object esp-idf/main/CMakeFiles/__idf_main.dir/apps/common/audio/audio.cpp.obj
[ 96%] Building CXX object esp-idf/main/CMakeFiles/__idf_main.dir/apps/common/key_manager/key_manager.cpp.obj
[ 96%] Building CXX object esp-idf/main/CMakeFiles/__idf_main.dir/apps/common/network/wifi_service.cpp.obj
[ 96%] Building CXX object esp-idf/main/CMakeFiles/__idf_main.dir/apps/common/status_bar/status_bar.cpp.obj
[ 96%] Building C object esp-idf/main/CMakeFiles/__idf_main.dir/assets/fonts/CommissionerMedium108.c.obj
[ 96%] Building C object esp-idf/main/CMakeFiles/__idf_main.dir/assets/fonts/CommissionerMedium64.c.obj
[ 96%] Building C object esp-idf/main/CMakeFiles/__idf_main.dir/assets/fonts/MontserratSemiBold26.c.obj
[ 96%] Building C object esp-idf/main/CMakeFiles/__idf_main.dir/assets/fonts/lv_font_maple_mono_medium_24.c.obj
[ 96%] Building C object esp-idf/main/CMakeFiles/__idf_main.dir/assets/fonts/lv_font_maple_mono_medium_28.c.obj
[ 96%] Building C object esp-idf/main/CMakeFiles/__idf_main.dir/assets/fonts/lv_font_maple_mono_medium_48.c.obj
[ 96%] Building C object esp-idf/main/CMakeFiles/__idf_main.dir/assets/images/alarm_icon.c.obj
[ 96%] Building C object esp-idf/main/CMakeFiles/__idf_main.dir/assets/images/go_home_guide.c.obj
[ 97%] Building C object esp-idf/main/CMakeFiles/__idf_main.dir/assets/images/icon_badge.c.obj
[ 97%] Building C object esp-idf/main/CMakeFiles/__idf_main.dir/assets/images/icon_bat_lightning.c.obj
[ 97%] Building C object esp-idf/main/CMakeFiles/__idf_main.dir/assets/images/icon_clock.c.obj
[ 97%] Building C object esp-idf/main/CMakeFiles/__idf_main.dir/assets/images/icon_edit_badge.c.obj
[ 97%] Building C object esp-idf/main/CMakeFiles/__idf_main.dir/assets/images/icon_fft.c.obj
[ 97%] Building C object esp-idf/main/CMakeFiles/__idf_main.dir/assets/images/icon_glow_field.c.obj
[ 97%] Building C object esp-idf/main/CMakeFiles/__idf_main.dir/assets/images/icon_imu.c.obj
[ 97%] Building C object esp-idf/main/CMakeFiles/__idf_main.dir/assets/images/icon_indicator_left.c.obj
[ 97%] Building C object esp-idf/main/CMakeFiles/__idf_main.dir/assets/images/icon_indicator_right.c.obj
[ 97%] Building C object esp-idf/main/CMakeFiles/__idf_main.dir/assets/images/icon_lets_and_go.c.obj
[ 97%] Building C object esp-idf/main/CMakeFiles/__idf_main.dir/assets/images/icon_lucky_wheel.c.obj
[ 97%] Building C object esp-idf/main/CMakeFiles/__idf_main.dir/assets/images/icon_ruview.c.obj
[ 97%] Building C object esp-idf/main/CMakeFiles/__idf_main.dir/assets/images/icon_setup.c.obj
[ 97%] Building C object esp-idf/main/CMakeFiles/__idf_main.dir/assets/images/icon_stopwatch.c.obj
[ 97%] Building C object esp-idf/main/CMakeFiles/__idf_main.dir/assets/images/icon_typhoon.c.obj
[ 97%] Building C object esp-idf/main/CMakeFiles/__idf_main.dir/assets/images/icon_vector_run.c.obj
[ 97%] Building C object esp-idf/main/CMakeFiles/__idf_main.dir/assets/images/icon_watch_face.c.obj
[ 97%] Building C object esp-idf/main/CMakeFiles/__idf_main.dir/assets/images/lucky_wheel_pointer.c.obj
[ 97%] Building C object esp-idf/main/CMakeFiles/__idf_main.dir/assets/images/watch_face/big_number/big_number_0.c.obj
[ 97%] Building C object esp-idf/main/CMakeFiles/__idf_main.dir/assets/images/watch_face/big_number/big_number_1.c.obj
[ 97%] Building C object esp-idf/main/CMakeFiles/__idf_main.dir/assets/images/watch_face/big_number/big_number_2.c.obj
[ 97%] Building C object esp-idf/main/CMakeFiles/__idf_main.dir/assets/images/watch_face/big_number/big_number_3.c.obj
[ 97%] Building C object esp-idf/main/CMakeFiles/__idf_main.dir/assets/images/watch_face/big_number/big_number_4.c.obj
[ 97%] Building C object esp-idf/main/CMakeFiles/__idf_main.dir/assets/images/watch_face/big_number/big_number_5.c.obj
[ 98%] Building C object esp-idf/main/CMakeFiles/__idf_main.dir/assets/images/watch_face/big_number/big_number_6.c.obj
[ 98%] Building C object esp-idf/main/CMakeFiles/__idf_main.dir/assets/images/watch_face/big_number/big_number_7.c.obj
[ 98%] Building C object esp-idf/main/CMakeFiles/__idf_main.dir/assets/images/watch_face/big_number/big_number_8.c.obj
[ 98%] Building C object esp-idf/main/CMakeFiles/__idf_main.dir/assets/images/watch_face/big_number/big_number_9.c.obj
[ 98%] Building C object esp-idf/main/CMakeFiles/__idf_main.dir/assets/images/watch_face/classic/classic_hour_hand.c.obj
[ 98%] Building C object esp-idf/main/CMakeFiles/__idf_main.dir/assets/images/watch_face/classic/classic_minute_hand.c.obj
[ 98%] Building C object esp-idf/main/CMakeFiles/__idf_main.dir/assets/images/watch_face/classic/classic_second_hand.c.obj
[ 98%] Building CXX object esp-idf/main/CMakeFiles/__idf_main.dir/hal/drivers/cst820/cst820.cpp.obj
[ 98%] Building CXX object esp-idf/main/CMakeFiles/__idf_main.dir/hal/drivers/rx8130/rx8130.cpp.obj
[ 98%] Building CXX object esp-idf/main/CMakeFiles/__idf_main.dir/hal/hal.cpp.obj
/Users/xudanyang/Documents/stopwatch/userdemo/main/hal/drivers/cst820/cst820.cpp: In member function 'bool Cst820::begin(i2c_master_bus_handle_t, uint8_t)':
/Users/xudanyang/Documents/stopwatch/userdemo/main/hal/drivers/cst820/cst820.cpp:26:5: warning: missing initializer for member 'i2c_device_config_t::scl_wait_us' [-Wmissing-field-initializers]
   26 |     };
      |     ^
/Users/xudanyang/Documents/stopwatch/userdemo/main/hal/drivers/cst820/cst820.cpp:26:5: warning: missing initializer for member 'i2c_device_config_t::flags' [-Wmissing-field-initializers]
/Users/xudanyang/Documents/stopwatch/userdemo/main/hal/drivers/cst820/cst820.cpp: In member function 'bool Cst820::read()':
/Users/xudanyang/Documents/stopwatch/userdemo/main/hal/drivers/cst820/cst820.cpp:66:13: warning: unused variable 'status_raw' [-Wunused-variable]
   66 |     uint8_t status_raw = buf[3] & 0xC0;  // High bits of X_H might contain status info in some variants,
      |             ^~~~~~~~~~
/Users/xudanyang/Documents/stopwatch/userdemo/main/hal/drivers/cst820/cst820.cpp: In member function 'void Cst820::sleep()':
/Users/xudanyang/Documents/stopwatch/userdemo/main/hal/drivers/cst820/cst820.cpp:91:13: warning: unused variable 'cmd' [-Wunused-variable]
   91 |     uint8_t cmd[] = {0x03};  // Enter sleep command value
      |             ^~~
[ 98%] Building CXX object esp-idf/main/CMakeFiles/__idf_main.dir/hal/hal_alarm.cpp.obj
[ 98%] Building CXX object esp-idf/main/CMakeFiles/__idf_main.dir/hal/hal_audio.cpp.obj
[ 98%] Building CXX object esp-idf/main/CMakeFiles/__idf_main.dir/hal/hal_badge.cpp.obj
[ 98%] Building CXX object esp-idf/main/CMakeFiles/__idf_main.dir/hal/hal_button.cpp.obj
[ 98%] Building CXX object esp-idf/main/CMakeFiles/__idf_main.dir/hal/hal_display.cpp.obj
[ 98%] Building CXX object esp-idf/main/CMakeFiles/__idf_main.dir/hal/hal_fs.cpp.obj
[ 98%] Building CXX object esp-idf/main/CMakeFiles/__idf_main.dir/hal/hal_imu.cpp.obj
[ 98%] Building CXX object esp-idf/main/CMakeFiles/__idf_main.dir/hal/hal_ioe.cpp.obj
[ 98%] Building CXX object esp-idf/main/CMakeFiles/__idf_main.dir/hal/hal_pmic.cpp.obj
[ 98%] Building CXX object esp-idf/main/CMakeFiles/__idf_main.dir/hal/hal_rtc.cpp.obj
[ 98%] Building CXX object esp-idf/main/CMakeFiles/__idf_main.dir/hal/utils/button/Button_Class.cpp.obj
[ 98%] Building CXX object esp-idf/main/CMakeFiles/__idf_main.dir/hal/utils/config_ap/config_ap.cpp.obj
[ 98%] Building CXX object esp-idf/main/CMakeFiles/__idf_main.dir/hal/utils/settings/settings.cc.obj
[100%] Building C object esp-idf/main/CMakeFiles/__idf_main.dir/hal/utils/wear_levelling/wear_levelling.c.obj
/Users/xudanyang/Documents/stopwatch/userdemo/main/hal/utils/wear_levelling/wear_levelling.c:47:18: warning: 's_example_read_file' defined but not used [-Wunused-function]
   47 | static esp_err_t s_example_read_file(char *path)
      |                  ^~~~~~~~~~~~~~~~~~~
/Users/xudanyang/Documents/stopwatch/userdemo/main/hal/utils/wear_levelling/wear_levelling.c:32:18: warning: 's_example_write_file' defined but not used [-Wunused-function]
   32 | static esp_err_t s_example_write_file(char *path, char *data)
      |                  ^~~~~~~~~~~~~~~~~~~~
[100%] Building ASM object esp-idf/main/CMakeFiles/__idf_main.dir/__/__/boot_sfx.bin.S.obj
[100%] Building ASM object esp-idf/main/CMakeFiles/__idf_main.dir/__/__/badge_config_ap.html.S.obj
/Users/xudanyang/Documents/stopwatch/userdemo/main/hal/hal_display.cpp: In function 'void lvgl_read_cb(lv_indev_t*, lv_indev_data_t*)':
/Users/xudanyang/Documents/stopwatch/userdemo/main/hal/hal_display.cpp:348:12: warning: unused variable 'gfx' [-Wunused-variable]
  348 |     M5GFX &gfx = *(M5GFX *)lv_indev_get_driver_data(indev);
      |            ^~~
/Users/xudanyang/Documents/stopwatch/userdemo/main/hal/hal_display.cpp: In member function 'void Hal::lvgl_init()':
/Users/xudanyang/Documents/stopwatch/userdemo/main/hal/hal_display.cpp:392:113: warning: missing initializer for member 'esp_timer_create_args_t::arg' [-Wmissing-field-initializers]
  392 |     const esp_timer_create_args_t periodic_timer_args = {.callback = &lvgl_tick_timer, .name = "lvgl_tick_timer"};
      |                                                                                                                 ^
/Users/xudanyang/Documents/stopwatch/userdemo/main/hal/hal_display.cpp:392:113: warning: missing initializer for member 'esp_timer_create_args_t::dispatch_method' [-Wmissing-field-initializers]
/Users/xudanyang/Documents/stopwatch/userdemo/main/hal/hal_display.cpp:392:113: warning: missing initializer for member 'esp_timer_create_args_t::skip_unhandled_events' [-Wmissing-field-initializers]
/Users/xudanyang/Documents/stopwatch/userdemo/main/hal/hal_audio.cpp: In member function 'void AudioCodec::init(i2c_master_bus_handle_t)':
/Users/xudanyang/Documents/stopwatch/userdemo/main/hal/hal_audio.cpp:49:9: warning: missing initializer for member 'audio_codec_i2s_cfg_t::port' [-Wmissing-field-initializers]
   49 |         };
      |         ^
/Users/xudanyang/Documents/stopwatch/userdemo/main/hal/hal_audio.cpp:49:9: warning: missing initializer for member 'audio_codec_i2s_cfg_t::clk_src' [-Wmissing-field-initializers]
/Users/xudanyang/Documents/stopwatch/userdemo/main/hal/hal_audio.cpp:52:98: warning: missing initializer for member 'audio_codec_i2c_cfg_t::port' [-Wmissing-field-initializers]
   52 |         audio_codec_i2c_cfg_t i2c_cfg = {.addr = ES8311_CODEC_DEFAULT_ADDR, .bus_handle = i2c_bus};
      |                                                                                                  ^
/Users/xudanyang/Documents/stopwatch/userdemo/main/hal/hal_audio.cpp:64:9: warning: missing initializer for member 'es8311_codec_cfg_t::master_mode' [-Wmissing-field-initializers]
   64 |         };
      |         ^
/Users/xudanyang/Documents/stopwatch/userdemo/main/hal/hal_audio.cpp:64:9: warning: missing initializer for member 'es8311_codec_cfg_t::digital_mic' [-Wmissing-field-initializers]
/Users/xudanyang/Documents/stopwatch/userdemo/main/hal/hal_audio.cpp:64:9: warning: missing initializer for member 'es8311_codec_cfg_t::invert_mclk' [-Wmissing-field-initializers]
/Users/xudanyang/Documents/stopwatch/userdemo/main/hal/hal_audio.cpp:64:9: warning: missing initializer for member 'es8311_codec_cfg_t::invert_sclk' [-Wmissing-field-initializers]
/Users/xudanyang/Documents/stopwatch/userdemo/main/hal/hal_audio.cpp:64:9: warning: missing initializer for member 'es8311_codec_cfg_t::hw_gain' [-Wmissing-field-initializers]
/Users/xudanyang/Documents/stopwatch/userdemo/main/hal/hal_audio.cpp:64:9: warning: missing initializer for member 'es8311_codec_cfg_t::no_dac_ref' [-Wmissing-field-initializers]
/Users/xudanyang/Documents/stopwatch/userdemo/main/hal/hal_audio.cpp:64:9: warning: missing initializer for member 'es8311_codec_cfg_t::mclk_div' [-Wmissing-field-initializers]
/Users/xudanyang/Documents/stopwatch/userdemo/main/hal/hal_audio.cpp:80:9: warning: missing initializer for member 'esp_codec_dev_sample_info_t::channel_mask' [-Wmissing-field-initializers]
   80 |         };
      |         ^
/Users/xudanyang/Documents/stopwatch/userdemo/main/hal/hal_audio.cpp:80:9: warning: missing initializer for member 'esp_codec_dev_sample_info_t::mclk_multiple' [-Wmissing-field-initializers]
/Users/xudanyang/Documents/stopwatch/userdemo/main/hal/hal_audio.cpp: In member function 'void AudioCodec::_i2s_init()':
/Users/xudanyang/Documents/stopwatch/userdemo/main/hal/hal_audio.cpp:318:9: warning: missing initializer for member 'i2s_std_gpio_config_t::invert_flags' [-Wmissing-field-initializers]
  318 |         };
      |         ^
[100%] Linking C static library libmain.a
[100%] Built target __idf_main
[100%] Generating esp-idf/esp_system/ld/sections.ld
[100%] Built target __ldgen_output_sections.ld
[100%] Linking CXX executable StopWatch-UserDemo.elf
[100%] Built target StopWatch-UserDemo.elf
[100%] Generating binary image from built executable
esptool.py v4.12.0
Creating esp32s3 image...
Merged 2 ELF sections
Successfully created esp32s3 image.
Generated /Users/xudanyang/Documents/stopwatch/userdemo/build/StopWatch-UserDemo.bin
[100%] Built target gen_project_binary
StopWatch-UserDemo.bin binary size 0x4bb930 bytes. Smallest app partition is 0x4f0000 bytes. 0x346d0 bytes (4%) free.
Warning: The smallest app partition is nearly full (4% free space left)!
[100%] Built target app_check_size
[100%] Built target app

Project build complete. To flash, run:
 idf.py flash
or
 idf.py -p PORT flash
or
 python -m esptool --chip esp32s3 -b 460800 --before default_reset --after hard_reset write_flash --flash_mode dio --flash_size 16MB --flash_freq 80m 0x0 build/bootloader/bootloader.bin 0x8000 build/partition_table/partition-table.bin 0xd000 build/ota_data_initial.bin 0x20000 build/StopWatch-UserDemo.bin
or from the "/Users/xudanyang/Documents/stopwatch/userdemo/build" directory
 python -m esptool --chip esp32s3 -b 460800 --before default_reset --after hard_reset write_flash "@flash_args"
