Executing action: flash
Running make in directory /Users/tree/Documents/stopwatch/build
Executing "make -j 12 flash"...
[  0%] Built target blank_ota_data
[  0%] Built target memory.ld
[  0%] Built target sections.ld.in
[  0%] Built target custom_bundle
[  0%] Built target partition_table_bin
[  0%] Built target _project_elf_src
[  1%] Performing build step for 'bootloader'
[  1%] Built target __idf_esp_https_ota
[  1%] Built target __idf_esp_http_server
[  1%] Built target _project_elf_src
[  9%] Built target __idf_log
[  1%] Built target __idf_esp_http_client
[ 19%] Built target __idf_esp_rom
[  1%] Built target __idf_tcp_transport
[ 21%] Built target __idf_esp_common
[  2%] Built target __idf_esp_adc
[ 30%] Built target __idf_esp_hw_support
[  2%] Built target __idf_esp-tls
[ 32%] Built target __idf_esp_system
[  2%] Built target __idf_http_parser
[ 40%] Built target __idf_efuse
[  3%] Built target __idf_driver
[ 59%] Built target __idf_bootloader_support
[  3%] Built target __idf_esp_driver_twai
[ 60%] Built target __idf_esp_bootloader_format
[  4%] Built target __idf_esp_driver_ledc
[ 62%] Built target __idf_spi_flash
[  4%] Built target __idf_esp_driver_i2c
[ 68%] Built target __idf_hal
[  4%] Built target __idf_esp_driver_sdm
[ 69%] Built target __idf_micro-ecc
[  4%] Built target __idf_esp_driver_tsens
[ 92%] Built target __idf_soc
[  4%] Built target __idf_esp_driver_rmt
[ 94%] Built target __idf_xtensa
[  4%] Built target __idf_esp_driver_sdspi
[ 96%] Built target __idf_main
[  5%] Built target __idf_esp_driver_sdmmc
[ 98%] Built target bootloader.elf
[  6%] Built target __idf_sdmmc
[100%] Built target gen_project_binary
[  6%] Built target __idf_esp_driver_i2s
[  6%] Built target __idf_esp_driver_mcpwm
Bootloader binary size 0x5160 bytes. 0x2ea0 bytes (36%) free.
[100%] Built target bootloader_check_size
[  6%] Built target __idf_esp_driver_pcnt
[100%] Built target app
[  6%] Built target __idf_esp_gdbstub
[  6%] No install step for 'bootloader'
[  6%] Completed 'bootloader'
[  6%] Built target __idf_esp_driver_spi
[  6%] Built target bootloader
[  6%] Built target __idf_esp_wifi
[  6%] Built target __idf_esp_coex
[ 10%] Built target __idf_wpa_supplicant
[ 10%] Built target __idf_esp_netif
[ 15%] Built target __idf_lwip
[ 15%] Built target __idf_vfs
[ 15%] Built target __idf_esp_vfs_console
[ 15%] Built target __idf_esp_driver_usb_serial_jtag
[ 15%] Built target __idf_esp_phy
[ 16%] Built target __idf_nvs_flash
[ 16%] Built target __idf_esp_event
[ 17%] Built target __idf_esp_driver_uart
[ 17%] Built target __idf_esp_psram
[ 17%] Built target __idf_esp_ringbuf
[ 17%] Built target __idf_esp_driver_gptimer
[ 18%] Built target __idf_esp_timer
[ 18%] Built target __idf_cxx
[ 18%] Built target __idf_pthread
[ 19%] Built target __idf_newlib
[ 20%] Built target __idf_freertos
[ 23%] Built target __idf_esp_hw_support
[ 23%] Built target __idf_esp_security
[ 25%] Built target __idf_soc
[ 25%] Built target __idf_heap
[ 25%] Built target __idf_log
[ 27%] Built target __idf_hal
[ 28%] Built target __idf_esp_rom
[ 28%] Built target __idf_esp_common
[ 29%] Built target __idf_esp_system
[ 30%] Built target __idf_spi_flash
[ 31%] Built target __idf_esp_mm
[ 32%] Built target __idf_bootloader_support
[ 32%] Built target __idf_efuse
[ 32%] Built target __idf_esp_partition
[ 32%] Built target __idf_app_update
[ 32%] Built target __idf_esp_bootloader_format
[ 32%] Built target __idf_esp_app_format
[ 33%] Built target mbedtls
[ 33%] Built target mbedx509
[ 38%] Built target mbedcrypto
[ 38%] Built target p256m
[ 38%] Built target everest
[ 39%] Built target __idf_mbedtls
[ 40%] Built target __idf_esp_pm
[ 40%] Built target __idf_esp_driver_gpio
[ 40%] Built target __idf_xtensa
[ 41%] Built target __idf_mooncake_log
[ 41%] Built target __idf_json
[ 41%] Built target __idf_usb
[ 42%] Built target __idf_espressif__esp_codec_dev
[ 42%] Built target __idf_protobuf-c
[ 42%] Built target __idf_mooncake
[ 42%] Built target __idf_esp_lcd
[ 42%] Built target __idf_espressif__i2c_bus
[ 43%] Built target __idf_console
[ 43%] Built target __idf_smooth_ui_toolkit
[ 50%] Built target __idf_espressif__esp-dsp
[ 50%] Built target __idf_esp_driver_touch_sens
[ 50%] Built target __idf_app_trace
[ 51%] Built target __idf_unity
[ 52%] Built target __idf_esp_hid
[ 53%] Built target __idf_espcoredump
[ 53%] Built target __idf_esp_https_server
[ 54%] Built target __idf_esp_driver_cam
[ 54%] Built target __idf_esp_eth
[ 55%] Built target __idf_wear_levelling
[ 55%] Built target __idf_mqtt
[ 55%] Built target __idf_nvs_sec_provider
[ 55%] Built target __idf_perfmon
[ 55%] Built target __idf_spiffs
[ 55%] Built target __idf_M5PM1
[ 56%] Built target __idf_BMI270_BMM150_Sensor
[ 56%] Built target __idf_rt
[ 56%] Built target __idf_touch_element
[ 57%] Built target __idf_protocomm
[ 57%] Built target __idf_cmock
[ 57%] Built target __idf_78__esp-wifi-connect
[ 58%] Built target __idf_fatfs
[ 59%] Built target __idf_esp_local_ctrl
[ 59%] Built target __idf_wifi_provisioning
[ 60%] Built target __idf_M5GFX
[ 60%] Built target __idf_M5IOE1
[ 95%] Built target __idf_lvgl
[100%] Built target __idf_main
[100%] Built target __ldgen_output_sections.ld
[100%] Built target StopWatch-UserDemo.elf
[100%] Built target gen_project_binary
StopWatch-UserDemo.bin binary size 0x3d5df0 bytes. Smallest app partition is 0x4f0000 bytes. 0x11a210 bytes (22%) free.
[100%] Built target app_check_size
[100%] Built target app
esptool.py --chip esp32s3 -p /dev/cu.usbmodem83401 -b 460800 --before=default_reset --after=hard_reset write_flash --flash_mode dio --flash_freq 80m --flash_size 16MB 0x0 bootloader/bootloader.bin 0x20000 StopWatch-UserDemo.bin 0x8000 partition_table/partition-table.bin 0xd000 ota_data_initial.bin
esptool.py v4.12.dev2
Serial port /dev/cu.usbmodem83401
Connecting...
Chip is ESP32-S3 (QFN56) (revision v0.2)
Features: WiFi, BLE, Embedded PSRAM 8MB (AP_3v3)
Crystal is 40MHz
USB mode: USB-Serial/JTAG
MAC: 44:1b:f6:c1:8a:00
Uploading stub...
Running stub...
Stub running...
Changing baud rate to 460800
Changed.
Configuring flash size...
Flash will be erased from 0x00000000 to 0x00005fff...
Flash will be erased from 0x00020000 to 0x003f5fff...
Flash will be erased from 0x00008000 to 0x00008fff...
Flash will be erased from 0x0000d000 to 0x0000efff...
SHA digest in image updated
Compressed 20832 bytes to 13347...
Writing at 0x00000000... (100 %)
Wrote 20832 bytes (13347 compressed) at 0x00000000 in 0.2 seconds (effective 695.4 kbit/s)...
Hash of data verified.
Compressed 4021744 bytes to 1971703...
Writing at 0x00020000... (0 %)
Writing at 0x0002ba55... (1 %)
Writing at 0x00038983... (2 %)
Writing at 0x00057b36... (3 %)
Writing at 0x0005e956... (4 %)
Writing at 0x0006cc66... (4 %)
Writing at 0x0009e4ea... (5 %)
Writing at 0x000b0c2c... (6 %)
Writing at 0x000d12dc... (7 %)
Writing at 0x000e89f8... (8 %)
Writing at 0x0010a463... (9 %)
Writing at 0x001325a4... (9 %)
Writing at 0x00144c2e... (10 %)
Writing at 0x001492f4... (11 %)
Writing at 0x0014deaf... (12 %)
Writing at 0x00153091... (13 %)
Writing at 0x00158b8e... (14 %)
Writing at 0x0015f10f... (14 %)
Writing at 0x00168dbf... (15 %)
Writing at 0x00170137... (16 %)
Writing at 0x00176045... (17 %)
Writing at 0x0017b1e8... (18 %)
Writing at 0x0017f98e... (19 %)
Writing at 0x001842a6... (19 %)
Writing at 0x00188b21... (20 %)
Writing at 0x0018d1b8... (21 %)
Writing at 0x00191a8e... (22 %)
Writing at 0x00196449... (23 %)
Writing at 0x0019addf... (23 %)
Writing at 0x0019fceb... (24 %)
Writing at 0x001a73dc... (25 %)
Writing at 0x001afae0... (26 %)
Writing at 0x001b89d1... (27 %)
Writing at 0x001c2c19... (28 %)
Writing at 0x001c9e50... (28 %)
Writing at 0x001d80cd... (29 %)
Writing at 0x001ded2d... (30 %)
Writing at 0x001e7474... (31 %)
Writing at 0x001f2858... (32 %)
Writing at 0x001fab79... (33 %)
Writing at 0x00200d69... (33 %)
Writing at 0x00206d28... (34 %)
Writing at 0x0020d3b9... (35 %)
Writing at 0x00212f94... (36 %)
Writing at 0x00218e92... (37 %)
Writing at 0x0021ec97... (38 %)
Writing at 0x00225016... (38 %)
Writing at 0x0022aa9c... (39 %)
Writing at 0x0022fa00... (40 %)
Writing at 0x002356fb... (41 %)
Writing at 0x0023a9e4... (42 %)
Writing at 0x00240252... (42 %)
Writing at 0x0024615b... (43 %)
Writing at 0x0024d1d6... (44 %)
Writing at 0x00253161... (45 %)
Writing at 0x00258e81... (46 %)
Writing at 0x0025ef7c... (47 %)
Writing at 0x00265177... (47 %)
Writing at 0x0026bb11... (48 %)
Writing at 0x0027390e... (49 %)
Writing at 0x002798ed... (50 %)
Writing at 0x0027fa94... (51 %)
Writing at 0x00285a02... (52 %)
Writing at 0x0028b486... (52 %)
Writing at 0x00292388... (53 %)
Writing at 0x0029864c... (54 %)
Writing at 0x0029eb5a... (55 %)
Writing at 0x002a559a... (56 %)
Writing at 0x002ab54c... (57 %)
Writing at 0x002b1131... (57 %)
Writing at 0x002b7f20... (58 %)
Writing at 0x002bd7da... (59 %)
Writing at 0x002c34d0... (60 %)
Writing at 0x002c9020... (61 %)
Writing at 0x002cf287... (61 %)
Writing at 0x002d61b0... (62 %)
Writing at 0x002debb3... (63 %)
Writing at 0x002e4b0c... (64 %)
Writing at 0x002eabf9... (65 %)
Writing at 0x002f16d0... (66 %)
Writing at 0x002f7928... (66 %)
Writing at 0x002fd962... (67 %)
Writing at 0x00304451... (68 %)
Writing at 0x0030a5e0... (69 %)
Writing at 0x0031044b... (70 %)
Writing at 0x00315f02... (71 %)
Writing at 0x0031bc30... (71 %)
Writing at 0x00321a85... (72 %)
Writing at 0x00327970... (73 %)
Writing at 0x0032e2cb... (74 %)
Writing at 0x0033430a... (75 %)
Writing at 0x0033a27e... (76 %)
Writing at 0x003404c6... (76 %)
Writing at 0x003456c5... (77 %)
Writing at 0x0034a60c... (78 %)
Writing at 0x0034ff09... (79 %)
Writing at 0x0035582c... (80 %)
Writing at 0x0035acf6... (80 %)
Writing at 0x0036016f... (81 %)
Writing at 0x003657c2... (82 %)
Writing at 0x0036bdc5... (83 %)
Writing at 0x0037195f... (84 %)
Writing at 0x003776d2... (85 %)
Writing at 0x0037d9fe... (85 %)
Writing at 0x0038347e... (86 %)
Writing at 0x00388fce... (87 %)
Writing at 0x0038fffe... (88 %)
Writing at 0x00399407... (89 %)
Writing at 0x003a34d3... (90 %)
Writing at 0x003a9986... (90 %)
Writing at 0x003af05d... (91 %)
Writing at 0x003b4cee... (92 %)
Writing at 0x003bac67... (93 %)
Writing at 0x003c29eb... (94 %)
Writing at 0x003cbfe0... (95 %)
Writing at 0x003d3433... (95 %)
Writing at 0x003db9ae... (96 %)
Writing at 0x003e18aa... (97 %)
Writing at 0x003e7baf... (98 %)
Writing at 0x003ee586... (99 %)
Writing at 0x003f3627... (100 %)
Wrote 4021744 bytes (1971703 compressed) at 0x00020000 in 22.8 seconds (effective 1410.1 kbit/s)...
Hash of data verified.
Compressed 3072 bytes to 160...
Writing at 0x00008000... (100 %)
Wrote 3072 bytes (160 compressed) at 0x00008000 in 0.0 seconds (effective 774.0 kbit/s)...
Hash of data verified.
Compressed 8192 bytes to 31...
Writing at 0x0000d000... (100 %)
Wrote 8192 bytes (31 compressed) at 0x0000d000 in 0.0 seconds (effective 1485.1 kbit/s)...
Hash of data verified.

Leaving...
Hard resetting via RTS pin...
[100%] Built target flash
Done
