Executing action: all (aliases: build)
Running make in directory /Users/xudanyang/Documents/stopwatch/userdemo/build
Executing "make -j 14 all"...
[  0%] Built target blank_ota_data
[  0%] Built target custom_bundle
[  1%] Built target _project_elf_src
[  1%] Built target sections.ld.in
[  1%] Built target memory.ld
[  1%] Built target partition_table_bin
[  1%] Performing build step for 'bootloader'
[  1%] Built target __idf_esp_https_ota
[  1%] Built target __idf_esp_http_server
[  1%] Built target _project_elf_src
[  9%] Built target __idf_log
[  2%] Built target __idf_esp_http_client
[ 19%] Built target __idf_esp_rom
[  2%] Built target __idf_tcp_transport
[ 21%] Built target __idf_esp_common
[  3%] Built target __idf_esp_adc
[ 30%] Built target __idf_esp_hw_support
[  3%] Built target __idf_esp-tls
[ 32%] Built target __idf_esp_system
[  3%] Built target __idf_http_parser
[ 40%] Built target __idf_efuse
[  4%] Built target __idf_driver
[ 59%] Built target __idf_bootloader_support
[  4%] Built target __idf_esp_driver_twai
[ 60%] Built target __idf_esp_bootloader_format
[  4%] Built target __idf_esp_driver_ledc
[ 62%] Built target __idf_spi_flash
[  4%] Built target __idf_esp_driver_i2c
[ 68%] Built target __idf_hal
[  4%] Built target __idf_esp_driver_sdm
[ 69%] Built target __idf_micro-ecc
[  4%] Built target __idf_esp_driver_tsens
[ 92%] Built target __idf_soc
[  4%] Built target __idf_esp_driver_rmt
[ 94%] Built target __idf_xtensa
[  5%] Built target __idf_esp_driver_sdspi
[ 96%] Built target __idf_main
[  5%] Built target __idf_esp_driver_sdmmc
[ 98%] Built target bootloader.elf
[  5%] Built target __idf_sdmmc
[100%] Built target gen_project_binary
[  5%] Built target __idf_esp_driver_i2s
[  6%] Built target __idf_esp_driver_mcpwm
Bootloader binary size 0x5160 bytes. 0x2ea0 bytes (36%) free.
[100%] Built target bootloader_check_size
[  6%] Built target __idf_esp_driver_pcnt
[100%] Built target app
[  6%] Built target __idf_esp_gdbstub
[  6%] No install step for 'bootloader'
[  6%] Completed 'bootloader'
[  6%] Built target __idf_esp_driver_spi
[  6%] Built target bootloader
[  6%] Built target __idf_esp_wifi
[  6%] Built target __idf_esp_coex
[ 10%] Built target __idf_wpa_supplicant
[ 11%] Built target __idf_esp_netif
[ 15%] Built target __idf_lwip
[ 16%] Built target __idf_vfs
[ 17%] Built target __idf_esp_vfs_console
[ 18%] Built target __idf_esp_driver_usb_serial_jtag
[ 18%] Built target __idf_esp_phy
[ 18%] Built target __idf_nvs_flash
[ 18%] Built target __idf_esp_event
[ 18%] Built target __idf_esp_driver_uart
[ 19%] Built target __idf_esp_psram
[ 19%] Built target __idf_esp_ringbuf
[ 19%] Built target __idf_esp_driver_gptimer
[ 19%] Built target __idf_esp_timer
[ 19%] Built target __idf_cxx
[ 19%] Built target __idf_pthread
[ 20%] Built target __idf_newlib
[ 21%] Built target __idf_freertos
[ 23%] Built target __idf_esp_hw_support
[ 24%] Built target __idf_esp_security
[ 25%] Built target __idf_soc
[ 25%] Built target __idf_heap
[ 26%] Built target __idf_log
[ 29%] Built target __idf_hal
[ 29%] Built target __idf_esp_rom
[ 29%] Built target __idf_esp_common
[ 30%] Built target __idf_esp_system
[ 31%] Built target __idf_spi_flash
[ 31%] Built target __idf_esp_mm
[ 32%] Built target __idf_bootloader_support
[ 32%] Built target __idf_efuse
[ 32%] Built target __idf_esp_partition
[ 32%] Built target __idf_app_update
[ 32%] Built target __idf_esp_bootloader_format
[ 32%] Built target __idf_esp_app_format
[ 33%] Built target mbedtls
[ 33%] Built target mbedx509
[ 38%] Built target mbedcrypto
[ 38%] Built target p256m
[ 38%] Built target everest
[ 38%] Built target __idf_mbedtls
[ 38%] Built target __idf_esp_pm
[ 38%] Built target __idf_esp_driver_gpio
[ 38%] Built target __idf_xtensa
[ 38%] Built target __idf_protobuf-c
[ 38%] Built target __idf_esp_https_server
[ 38%] Built target __idf_esp_eth
[ 38%] Built target __idf_unity
[ 38%] Built target __idf_esp_hid
[ 38%] Built target __idf_esp_driver_touch_sens
[ 38%] Built target __idf_wear_levelling
[ 38%] Built target __idf_app_trace
[ 39%] Built target __idf_esp_driver_cam
[ 39%] Built target __idf_mooncake_log
[ 40%] Built target __idf_esp_lcd
[ 41%] Built target __idf_console
[ 42%] Built target __idf_espcoredump
[ 43%] Built target __idf_smooth_ui_toolkit
[ 43%] Built target __idf_json
[ 43%] Built target __idf_nvs_sec_provider
[ 44%] Built target __idf_touch_element
[ 45%] Built target __idf_perfmon
[ 46%] Built target __idf_mqtt
[ 47%] Built target __idf_rt
[ 47%] Built target __idf_usb
[ 47%] Built target __idf_espressif__i2c_bus
[ 47%] Built target __idf_spiffs
[ 48%] Built target __idf_espressif__esp_codec_dev
[ 48%] Built target __idf_mooncake
[ 48%] Built target __idf_cmock
[ 48%] Built target __idf_fatfs
[ 48%] Built target __idf_BMI270_BMM150_Sensor
[ 48%] Built target __idf_protocomm
[ 48%] Built target __idf_M5PM1
[ 48%] Built target __idf_78__esp-wifi-connect
[ 55%] Built target __idf_espressif__esp-dsp
[ 58%] Built target __idf_M5GFX
[ 58%] Built target __idf_esp_local_ctrl
[ 58%] Built target __idf_wifi_provisioning
[ 58%] Built target __idf_M5IOE1
[ 92%] Built target __idf_lvgl
[ 92%] Building CXX object esp-idf/main/CMakeFiles/__idf_main.dir/apps/app_lets_and_go_racer/view/phase2_device_benchmark.cpp.obj
[ 92%] Building CXX object esp-idf/main/CMakeFiles/__idf_main.dir/apps/app_typhoon/app_typhoon.cpp.obj
[ 92%] Building CXX object esp-idf/main/CMakeFiles/__idf_main.dir/apps/app_typhoon/typhoon_data.cpp.obj
[ 92%] Building CXX object esp-idf/main/CMakeFiles/__idf_main.dir/apps/app_template/app_template.cpp.obj
[ 92%] Building CXX object esp-idf/main/CMakeFiles/__idf_main.dir/apps/app_typhoon/typhoon_engine.cpp.obj
[ 92%] Building CXX object esp-idf/main/CMakeFiles/__idf_main.dir/apps/app_typhoon/typhoon_port.cpp.obj
[ 92%] Building CXX object esp-idf/main/CMakeFiles/__idf_main.dir/apps/app_typhoon/typhoon_view.cpp.obj
[ 92%] Building CXX object esp-idf/main/CMakeFiles/__idf_main.dir/apps/app_vector_canyon_fighter/app_vector_canyon_fighter.cpp.obj
[ 92%] Building CXX object esp-idf/main/CMakeFiles/__idf_main.dir/apps/app_vector_canyon_fighter/input/composite_input_provider.cpp.obj
[ 92%] Building CXX object esp-idf/main/CMakeFiles/__idf_main.dir/apps/app_vector_canyon_fighter/input/joystick2_axis_source.cpp.obj
[ 92%] Building CXX object esp-idf/main/CMakeFiles/__idf_main.dir/apps/app_vector_canyon_fighter/input/imu_button_input_provider.cpp.obj
[ 92%] Building CXX object esp-idf/main/CMakeFiles/__idf_main.dir/apps/app_vector_canyon_fighter/input/dual_button_action_source.cpp.obj
[ 92%] Building CXX object esp-idf/main/CMakeFiles/__idf_main.dir/apps/app_vector_canyon_fighter/model/collision_model.cpp.obj
[ 93%] Building CXX object esp-idf/main/CMakeFiles/__idf_main.dir/apps/app_vector_canyon_fighter/model/explicit_canyon_collision.cpp.obj
[ 93%] Building CXX object esp-idf/main/CMakeFiles/__idf_main.dir/apps/app_vector_canyon_fighter/model/explicit_canyon_stream.cpp.obj
[ 93%] Building CXX object esp-idf/main/CMakeFiles/__idf_main.dir/apps/app_vector_canyon_fighter/model/flight_model.cpp.obj
[ 93%] Building CXX object esp-idf/main/CMakeFiles/__idf_main.dir/apps/app_vector_canyon_fighter/vector_canyon_renderer.cpp.obj
[ 93%] Building CXX object esp-idf/main/CMakeFiles/__idf_main.dir/apps/app_watch_face/app_watch_face.cpp.obj
[ 93%] Building CXX object esp-idf/main/CMakeFiles/__idf_main.dir/apps/app_watch_face/view/big_number.cpp.obj
[ 93%] Building CXX object esp-idf/main/CMakeFiles/__idf_main.dir/apps/app_watch_face/view/classic.cpp.obj
[ 93%] Building CXX object esp-idf/main/CMakeFiles/__idf_main.dir/apps/app_watch_face/view/number_flow.cpp.obj
[ 93%] Building CXX object esp-idf/main/CMakeFiles/__idf_main.dir/apps/app_watch_face/view/simple.cpp.obj
[ 93%] Building CXX object esp-idf/main/CMakeFiles/__idf_main.dir/apps/app_watch_face/view/watch_face_manager.cpp.obj
[ 93%] Building CXX object esp-idf/main/CMakeFiles/__idf_main.dir/apps/common/arc_top_clock/arc_top_clock.cpp.obj
[ 93%] Building CXX object esp-idf/main/CMakeFiles/__idf_main.dir/apps/common/audio/audio.cpp.obj
[ 93%] Building CXX object esp-idf/main/CMakeFiles/__idf_main.dir/apps/common/key_manager/key_manager.cpp.obj
[ 93%] Building CXX object esp-idf/main/CMakeFiles/__idf_main.dir/apps/common/network/wifi_service.cpp.obj
/Users/xudanyang/Documents/stopwatch/userdemo/main/apps/app_typhoon/typhoon_engine.cpp:2034:13: warning: 'void typhoon::imuPoll()' defined but not used [-Wunused-function]
 2034 | static void imuPoll() {
      |             ^~~~~~~
/Users/xudanyang/Documents/stopwatch/userdemo/main/apps/app_typhoon/typhoon_engine.cpp:1733:13: warning: 'void typhoon::tmEval(float)' defined but not used [-Wunused-function]
 1733 | static void tmEval(float pos)
      |             ^~~~~~
/Users/xudanyang/Documents/stopwatch/userdemo/main/apps/app_typhoon/typhoon_engine.cpp:1438:13: warning: 'void typhoon::landfallLabel(char*, size_t)' defined but not used [-Wunused-function]
 1438 | static void landfallLabel(char* out, size_t n) {
      |             ^~~~~~~~~~~~~
/Users/xudanyang/Documents/stopwatch/userdemo/main/apps/app_typhoon/typhoon_engine.cpp:1241:13: warning: 'void typhoon::enterWifiSetup(Page)' defined but not used [-Wunused-function]
 1241 | static void enterWifiSetup(Page ret) {
      |             ^~~~~~~~~~~~~~
/Users/xudanyang/Documents/stopwatch/userdemo/main/apps/app_typhoon/typhoon_engine.cpp:1219:13: warning: 'void typhoon::wifiDoScan()' defined but not used [-Wunused-function]
 1219 | static void wifiDoScan() {
      |             ^~~~~~~~~~
/Users/xudanyang/Documents/stopwatch/userdemo/main/apps/app_typhoon/typhoon_engine.cpp:1192:13: warning: 'void typhoon::wifiStartConnect(const char*, const char*)' defined but not used [-Wunused-function]
 1192 | static void wifiStartConnect(const char* ssid, const char* pass) {
      |             ^~~~~~~~~~~~~~~~
/Users/xudanyang/Documents/stopwatch/userdemo/main/apps/app_typhoon/typhoon_engine.cpp:1186:13: warning: 'void typhoon::wifiClearCreds()' defined but not used [-Wunused-function]
 1186 | static void wifiClearCreds() {
      |             ^~~~~~~~~~~~~~
/Users/xudanyang/Documents/stopwatch/userdemo/main/apps/app_typhoon/typhoon_engine.cpp:1179:13: warning: 'void typhoon::wifiSaveCreds(const char*, const char*)' defined but not used [-Wunused-function]
 1179 | static void wifiSaveCreds(const char* ssid, const char* pass) {
      |             ^~~~~~~~~~~~~
/Users/xudanyang/Documents/stopwatch/userdemo/main/apps/app_typhoon/typhoon_engine.cpp:1019:13: warning: 'void typhoon::tryFetchTyphoonData()' defined but not used [-Wunused-function]
 1019 | static void tryFetchTyphoonData() { /* handled by DataService */ }
      |             ^~~~~~~~~~~~~~~~~~~
/Users/xudanyang/Documents/stopwatch/userdemo/main/apps/app_typhoon/typhoon_engine.cpp:984:13: warning: 'void typhoon::applyNmcStorms(const NmcStorm*, const NmcTrack*, uint8_t)' defined but not used [-Wunused-function]
  984 | static void applyNmcStorms(const NmcStorm* src, const NmcTrack* tr, uint8_t n) {
      |             ^~~~~~~~~~~~~~
/Users/xudanyang/Documents/stopwatch/userdemo/main/apps/app_typhoon/typhoon_engine.cpp:386:17: warning: 'uint32_t typhoon::getUnixTime()' defined but not used [-Wunused-function]
  386 | static uint32_t getUnixTime() {
      |                 ^~~~~~~~~~~
/Users/xudanyang/Documents/stopwatch/userdemo/main/apps/app_typhoon/typhoon_engine.cpp:381:13: warning: 'void typhoon::drawStars(LGFX_Sprite*, uint32_t)' defined but not used [-Wunused-function]
  381 | static void drawStars(LGFX_Sprite* s, uint32_t unixTime) {
      |             ^~~~~~~~~
/Users/xudanyang/Documents/stopwatch/userdemo/main/apps/app_typhoon/typhoon_engine.cpp:312:13: warning: 'void typhoon::wifiPassSet(const char*)' defined but not used [-Wunused-function]
  312 | static void wifiPassSet(const char* pass) {
      |             ^~~~~~~~~~~
/Users/xudanyang/Documents/stopwatch/userdemo/main/apps/app_typhoon/typhoon_engine.cpp:306:13: warning: 'char typhoon::wifiPassStep(char, int)' defined but not used [-Wunused-function]
  306 | static char wifiPassStep(char c, int dir) {
      |             ^~~~~~~~~~~~
/Users/xudanyang/Documents/stopwatch/userdemo/main/apps/app_typhoon/typhoon_engine.cpp:295:17: warning: 'typhoon::wifi_scan_pending' defined but not used [-Wunused-variable]
  295 | static bool     wifi_scan_pending = false;
      |                 ^~~~~~~~~~~~~~~~~
/Users/xudanyang/Documents/stopwatch/userdemo/main/apps/app_typhoon/typhoon_engine.cpp:287:17: warning: 'typhoon::wifi_return' defined but not used [-Wunused-variable]
  287 | static Page     wifi_return = PAGE_MENU;
      |                 ^~~~~~~~~~~
/Users/xudanyang/Documents/stopwatch/userdemo/main/apps/app_typhoon/typhoon_engine.cpp:236:17: warning: 'typhoon::boot_start_ms' defined but not used [-Wunused-variable]
  236 | static uint32_t boot_start_ms = 0;
      |                 ^~~~~~~~~~~~~
[ 93%] Building CXX object esp-idf/main/CMakeFiles/__idf_main.dir/apps/common/status_bar/status_bar.cpp.obj
[ 93%] Building C object esp-idf/main/CMakeFiles/__idf_main.dir/assets/fonts/CommissionerMedium108.c.obj
[ 93%] Building C object esp-idf/main/CMakeFiles/__idf_main.dir/assets/fonts/CommissionerMedium64.c.obj
[ 93%] Building C object esp-idf/main/CMakeFiles/__idf_main.dir/assets/fonts/MontserratSemiBold26.c.obj
[ 93%] Building C object esp-idf/main/CMakeFiles/__idf_main.dir/assets/fonts/lv_font_maple_mono_medium_24.c.obj
[ 93%] Building C object esp-idf/main/CMakeFiles/__idf_main.dir/assets/fonts/lv_font_maple_mono_medium_28.c.obj
[ 93%] Building C object esp-idf/main/CMakeFiles/__idf_main.dir/assets/fonts/lv_font_maple_mono_medium_48.c.obj
[ 93%] Building C object esp-idf/main/CMakeFiles/__idf_main.dir/assets/images/alarm_icon.c.obj
[ 93%] Building C object esp-idf/main/CMakeFiles/__idf_main.dir/assets/images/go_home_guide.c.obj
[ 93%] Building C object esp-idf/main/CMakeFiles/__idf_main.dir/assets/images/icon_bat_lightning.c.obj
[ 94%] Building C object esp-idf/main/CMakeFiles/__idf_main.dir/assets/images/icon_badge.c.obj
[ 94%] Building C object esp-idf/main/CMakeFiles/__idf_main.dir/assets/images/icon_clock.c.obj
[ 94%] Building C object esp-idf/main/CMakeFiles/__idf_main.dir/assets/images/icon_edit_badge.c.obj
[ 94%] Building C object esp-idf/main/CMakeFiles/__idf_main.dir/assets/images/icon_fft.c.obj
[ 94%] Building C object esp-idf/main/CMakeFiles/__idf_main.dir/assets/images/icon_glow_field.c.obj
[ 94%] Building C object esp-idf/main/CMakeFiles/__idf_main.dir/assets/images/icon_indicator_left.c.obj
[ 94%] Building C object esp-idf/main/CMakeFiles/__idf_main.dir/assets/images/icon_imu.c.obj
[ 94%] Building C object esp-idf/main/CMakeFiles/__idf_main.dir/assets/images/icon_indicator_right.c.obj
[ 94%] Building C object esp-idf/main/CMakeFiles/__idf_main.dir/assets/images/icon_lets_and_go.c.obj
[ 94%] Building C object esp-idf/main/CMakeFiles/__idf_main.dir/assets/images/icon_lucky_wheel.c.obj
[ 94%] Building C object esp-idf/main/CMakeFiles/__idf_main.dir/assets/images/icon_ruview.c.obj
[ 94%] Building C object esp-idf/main/CMakeFiles/__idf_main.dir/assets/images/icon_setup.c.obj
[ 94%] Building C object esp-idf/main/CMakeFiles/__idf_main.dir/assets/images/icon_stopwatch.c.obj
[ 94%] Building C object esp-idf/main/CMakeFiles/__idf_main.dir/assets/images/icon_typhoon.c.obj
[ 94%] Building C object esp-idf/main/CMakeFiles/__idf_main.dir/assets/images/icon_vector_run.c.obj
[ 94%] Building C object esp-idf/main/CMakeFiles/__idf_main.dir/assets/images/icon_watch_face.c.obj
[ 94%] Building C object esp-idf/main/CMakeFiles/__idf_main.dir/assets/images/lucky_wheel_pointer.c.obj
[ 94%] Building C object esp-idf/main/CMakeFiles/__idf_main.dir/assets/images/watch_face/big_number/big_number_0.c.obj
[ 94%] Building C object esp-idf/main/CMakeFiles/__idf_main.dir/assets/images/watch_face/big_number/big_number_1.c.obj
[ 94%] Building C object esp-idf/main/CMakeFiles/__idf_main.dir/assets/images/watch_face/big_number/big_number_2.c.obj
[ 94%] Building C object esp-idf/main/CMakeFiles/__idf_main.dir/assets/images/watch_face/big_number/big_number_3.c.obj
[ 94%] Building C object esp-idf/main/CMakeFiles/__idf_main.dir/assets/images/watch_face/big_number/big_number_4.c.obj
[ 95%] Building C object esp-idf/main/CMakeFiles/__idf_main.dir/assets/images/watch_face/big_number/big_number_5.c.obj
[ 95%] Building C object esp-idf/main/CMakeFiles/__idf_main.dir/assets/images/watch_face/big_number/big_number_6.c.obj
[ 95%] Building C object esp-idf/main/CMakeFiles/__idf_main.dir/assets/images/watch_face/big_number/big_number_8.c.obj
[ 95%] Building C object esp-idf/main/CMakeFiles/__idf_main.dir/assets/images/watch_face/big_number/big_number_7.c.obj
[ 95%] Building C object esp-idf/main/CMakeFiles/__idf_main.dir/assets/images/watch_face/big_number/big_number_9.c.obj
[ 95%] Building C object esp-idf/main/CMakeFiles/__idf_main.dir/assets/images/watch_face/classic/classic_hour_hand.c.obj
[ 95%] Building C object esp-idf/main/CMakeFiles/__idf_main.dir/assets/images/watch_face/classic/classic_minute_hand.c.obj
[ 95%] Building C object esp-idf/main/CMakeFiles/__idf_main.dir/assets/images/watch_face/classic/classic_second_hand.c.obj
[ 95%] Building CXX object esp-idf/main/CMakeFiles/__idf_main.dir/hal/drivers/cst820/cst820.cpp.obj
[ 95%] Building CXX object esp-idf/main/CMakeFiles/__idf_main.dir/hal/drivers/rx8130/rx8130.cpp.obj
[ 95%] Building CXX object esp-idf/main/CMakeFiles/__idf_main.dir/hal/hal.cpp.obj
[ 95%] Building CXX object esp-idf/main/CMakeFiles/__idf_main.dir/hal/hal_alarm.cpp.obj
[ 95%] Building CXX object esp-idf/main/CMakeFiles/__idf_main.dir/hal/hal_audio.cpp.obj
[ 95%] Building CXX object esp-idf/main/CMakeFiles/__idf_main.dir/hal/hal_badge.cpp.obj
/Users/xudanyang/Documents/stopwatch/userdemo/main/hal/drivers/cst820/cst820.cpp: In member function 'bool Cst820::begin(i2c_master_bus_handle_t, uint8_t)':
/Users/xudanyang/Documents/stopwatch/userdemo/main/hal/drivers/cst820/cst820.cpp:26:5: warning: missing initializer for member 'i2c_device_config_t::scl_wait_us' [-Wmissing-field-initializers]
   26 |     };
      |     ^
/Users/xudanyang/Documents/stopwatch/userdemo/main/hal/drivers/cst820/cst820.cpp:26:5: warning: missing initializer for member 'i2c_device_config_t::flags' [-Wmissing-field-initializers]
[ 95%] Building CXX object esp-idf/main/CMakeFiles/__idf_main.dir/hal/hal_button.cpp.obj
/Users/xudanyang/Documents/stopwatch/userdemo/main/hal/drivers/cst820/cst820.cpp: In member function 'bool Cst820::read()':
/Users/xudanyang/Documents/stopwatch/userdemo/main/hal/drivers/cst820/cst820.cpp:66:13: warning: unused variable 'status_raw' [-Wunused-variable]
   66 |     uint8_t status_raw = buf[3] & 0xC0;  // High bits of X_H might contain status info in some variants,
      |             ^~~~~~~~~~
/Users/xudanyang/Documents/stopwatch/userdemo/main/hal/drivers/cst820/cst820.cpp: In member function 'void Cst820::sleep()':
/Users/xudanyang/Documents/stopwatch/userdemo/main/hal/drivers/cst820/cst820.cpp:91:13: warning: unused variable 'cmd' [-Wunused-variable]
   91 |     uint8_t cmd[] = {0x03};  // Enter sleep command value
      |             ^~~
[ 95%] Building CXX object esp-idf/main/CMakeFiles/__idf_main.dir/hal/hal_display.cpp.obj
[ 95%] Building CXX object esp-idf/main/CMakeFiles/__idf_main.dir/hal/hal_fs.cpp.obj
[ 95%] Building CXX object esp-idf/main/CMakeFiles/__idf_main.dir/hal/hal_imu.cpp.obj
[ 95%] Building CXX object esp-idf/main/CMakeFiles/__idf_main.dir/hal/hal_ioe.cpp.obj
[ 95%] Building CXX object esp-idf/main/CMakeFiles/__idf_main.dir/hal/hal_pmic.cpp.obj
[ 95%] Building CXX object esp-idf/main/CMakeFiles/__idf_main.dir/hal/hal_rtc.cpp.obj
[ 95%] Building CXX object esp-idf/main/CMakeFiles/__idf_main.dir/hal/utils/button/Button_Class.cpp.obj
[ 95%] Building CXX object esp-idf/main/CMakeFiles/__idf_main.dir/hal/utils/config_ap/config_ap.cpp.obj
[ 95%] Building CXX object esp-idf/main/CMakeFiles/__idf_main.dir/hal/utils/settings/settings.cc.obj
[ 96%] Building C object esp-idf/main/CMakeFiles/__idf_main.dir/hal/utils/wear_levelling/wear_levelling.c.obj
/Users/xudanyang/Documents/stopwatch/userdemo/main/hal/utils/wear_levelling/wear_levelling.c:47:18: warning: 's_example_read_file' defined but not used [-Wunused-function]
   47 | static esp_err_t s_example_read_file(char *path)
      |                  ^~~~~~~~~~~~~~~~~~~
/Users/xudanyang/Documents/stopwatch/userdemo/main/hal/utils/wear_levelling/wear_levelling.c:32:18: warning: 's_example_write_file' defined but not used [-Wunused-function]
   32 | static esp_err_t s_example_write_file(char *path, char *data)
      |                  ^~~~~~~~~~~~~~~~~~~~
[ 96%] Building ASM object esp-idf/main/CMakeFiles/__idf_main.dir/__/__/boot_sfx.bin.S.obj
[ 96%] Building ASM object esp-idf/main/CMakeFiles/__idf_main.dir/__/__/badge_config_ap.html.S.obj
/Users/xudanyang/Documents/stopwatch/userdemo/main/hal/hal_audio.cpp: In member function 'void AudioCodec::init(i2c_master_bus_handle_t)':
/Users/xudanyang/Documents/stopwatch/userdemo/main/hal/hal_audio.cpp:49:9: warning: missing initializer for member 'audio_codec_i2s_cfg_t::port' [-Wmissing-field-initializers]
   49 |         };
      |         ^
/Users/xudanyang/Documents/stopwatch/userdemo/main/hal/hal_audio.cpp:49:9: warning: missing initializer for member 'audio_codec_i2s_cfg_t::clk_src' [-Wmissing-field-initializers]
/Users/xudanyang/Documents/stopwatch/userdemo/main/hal/hal_audio.cpp:52:98: warning: missing initializer for member 'audio_codec_i2c_cfg_t::port' [-Wmissing-field-initializers]
   52 |         audio_codec_i2c_cfg_t i2c_cfg = {.addr = ES8311_CODEC_DEFAULT_ADDR, .bus_handle = i2c_bus};
      |                                                                                                  ^
/Users/xudanyang/Documents/stopwatch/userdemo/main/hal/hal_audio.cpp:64:9: warning: missing initializer for member 'es8311_codec_cfg_t::master_mode' [-Wmissing-field-initializers]
   64 |         };
      |         ^
/Users/xudanyang/Documents/stopwatch/userdemo/main/hal/hal_audio.cpp:64:9: warning: missing initializer for member 'es8311_codec_cfg_t::digital_mic' [-Wmissing-field-initializers]
/Users/xudanyang/Documents/stopwatch/userdemo/main/hal/hal_audio.cpp:64:9: warning: missing initializer for member 'es8311_codec_cfg_t::invert_mclk' [-Wmissing-field-initializers]
/Users/xudanyang/Documents/stopwatch/userdemo/main/hal/hal_audio.cpp:64:9: warning: missing initializer for member 'es8311_codec_cfg_t::invert_sclk' [-Wmissing-field-initializers]
/Users/xudanyang/Documents/stopwatch/userdemo/main/hal/hal_audio.cpp:64:9: warning: missing initializer for member 'es8311_codec_cfg_t::hw_gain' [-Wmissing-field-initializers]
/Users/xudanyang/Documents/stopwatch/userdemo/main/hal/hal_audio.cpp:64:9: warning: missing initializer for member 'es8311_codec_cfg_t::no_dac_ref' [-Wmissing-field-initializers]
/Users/xudanyang/Documents/stopwatch/userdemo/main/hal/hal_audio.cpp:64:9: warning: missing initializer for member 'es8311_codec_cfg_t::mclk_div' [-Wmissing-field-initializers]
/Users/xudanyang/Documents/stopwatch/userdemo/main/hal/hal_audio.cpp:80:9: warning: missing initializer for member 'esp_codec_dev_sample_info_t::channel_mask' [-Wmissing-field-initializers]
   80 |         };
      |         ^
/Users/xudanyang/Documents/stopwatch/userdemo/main/hal/hal_audio.cpp:80:9: warning: missing initializer for member 'esp_codec_dev_sample_info_t::mclk_multiple' [-Wmissing-field-initializers]
/Users/xudanyang/Documents/stopwatch/userdemo/main/hal/hal_audio.cpp: In member function 'void AudioCodec::_i2s_init()':
/Users/xudanyang/Documents/stopwatch/userdemo/main/hal/hal_audio.cpp:318:9: warning: missing initializer for member 'i2s_std_gpio_config_t::invert_flags' [-Wmissing-field-initializers]
  318 |         };
      |         ^
/Users/xudanyang/Documents/stopwatch/userdemo/main/hal/hal_display.cpp: In function 'void lvgl_read_cb(lv_indev_t*, lv_indev_data_t*)':
/Users/xudanyang/Documents/stopwatch/userdemo/main/hal/hal_display.cpp:332:12: warning: unused variable 'gfx' [-Wunused-variable]
  332 |     M5GFX &gfx = *(M5GFX *)lv_indev_get_driver_data(indev);
      |            ^~~
/Users/xudanyang/Documents/stopwatch/userdemo/main/hal/hal_display.cpp: In member function 'void Hal::lvgl_init()':
/Users/xudanyang/Documents/stopwatch/userdemo/main/hal/hal_display.cpp:376:113: warning: missing initializer for member 'esp_timer_create_args_t::arg' [-Wmissing-field-initializers]
  376 |     const esp_timer_create_args_t periodic_timer_args = {.callback = &lvgl_tick_timer, .name = "lvgl_tick_timer"};
      |                                                                                                                 ^
/Users/xudanyang/Documents/stopwatch/userdemo/main/hal/hal_display.cpp:376:113: warning: missing initializer for member 'esp_timer_create_args_t::dispatch_method' [-Wmissing-field-initializers]
/Users/xudanyang/Documents/stopwatch/userdemo/main/hal/hal_display.cpp:376:113: warning: missing initializer for member 'esp_timer_create_args_t::skip_unhandled_events' [-Wmissing-field-initializers]
[ 96%] Linking C static library libmain.a
[100%] Built target __idf_main
[100%] Generating esp-idf/esp_system/ld/sections.ld
[100%] Built target __ldgen_output_sections.ld
[100%] Linking CXX executable StopWatch-UserDemo.elf
[100%] Built target StopWatch-UserDemo.elf
[100%] Generating binary image from built executable
esptool.py v4.12.0
Creating esp32s3 image...
Merged 2 ELF sections
Successfully created esp32s3 image.
Generated /Users/xudanyang/Documents/stopwatch/userdemo/build/StopWatch-UserDemo.bin
[100%] Built target gen_project_binary
StopWatch-UserDemo.bin binary size 0x4bb560 bytes. Smallest app partition is 0x4f0000 bytes. 0x34aa0 bytes (4%) free.
Warning: The smallest app partition is nearly full (4% free space left)!
[100%] Built target app_check_size
[100%] Built target app

Project build complete. To flash, run:
 idf.py flash
or
 idf.py -p PORT flash
or
 python -m esptool --chip esp32s3 -b 460800 --before default_reset --after hard_reset write_flash --flash_mode dio --flash_size 16MB --flash_freq 80m 0x0 build/bootloader/bootloader.bin 0x8000 build/partition_table/partition-table.bin 0xd000 build/ota_data_initial.bin 0x20000 build/StopWatch-UserDemo.bin
or from the "/Users/xudanyang/Documents/stopwatch/userdemo/build" directory
 python -m esptool --chip esp32s3 -b 460800 --before default_reset --after hard_reset write_flash "@flash_args"
