Executing action: flash
Running make in directory /Users/tree/Documents/stopwatch/build
Executing "make -j 12 flash"...
[  0%] Built target blank_ota_data
[  0%] Built target memory.ld
[  0%] Built target sections.ld.in
[  0%] Built target custom_bundle
[  0%] Built target _project_elf_src
[  0%] Built target partition_table_bin
[  1%] Performing build step for 'bootloader'
[  1%] Built target __idf_esp_https_ota
[  1%] Built target __idf_esp_http_server
[  1%] Built target _project_elf_src
[  9%] Built target __idf_log
[  1%] Built target __idf_esp_http_client
[ 19%] Built target __idf_esp_rom
[  1%] Built target __idf_tcp_transport
[ 21%] Built target __idf_esp_common
[  2%] Built target __idf_esp_adc
[ 30%] Built target __idf_esp_hw_support
[  2%] Built target __idf_esp-tls
[ 32%] Built target __idf_esp_system
[  3%] Built target __idf_http_parser
[ 40%] Built target __idf_efuse
[  4%] Built target __idf_driver
[ 59%] Built target __idf_bootloader_support
[  4%] Built target __idf_esp_driver_twai
[ 60%] Built target __idf_esp_bootloader_format
[  5%] Built target __idf_esp_driver_ledc
[ 62%] Built target __idf_spi_flash
[  5%] Built target __idf_esp_driver_i2c
[ 68%] Built target __idf_hal
[  5%] Built target __idf_esp_driver_sdm
[ 69%] Built target __idf_micro-ecc
[  5%] Built target __idf_esp_driver_tsens
[ 92%] Built target __idf_soc
[  5%] Built target __idf_esp_driver_rmt
[ 94%] Built target __idf_xtensa
[  5%] Built target __idf_esp_driver_sdspi
[ 96%] Built target __idf_main
[  6%] Built target __idf_esp_driver_sdmmc
[ 98%] Built target bootloader.elf
[  7%] Built target __idf_sdmmc
[100%] Built target gen_project_binary
[  7%] Built target __idf_esp_driver_i2s
Bootloader binary size 0x5160 bytes. 0x2ea0 bytes (36%) free.
[  7%] Built target __idf_esp_driver_mcpwm
[100%] Built target bootloader_check_size
[  7%] Built target __idf_esp_driver_pcnt
[100%] Built target app
[  7%] No install step for 'bootloader'
[  7%] Built target __idf_esp_gdbstub
[  7%] Completed 'bootloader'
[  7%] Built target __idf_esp_driver_spi
[  7%] Built target bootloader
[  7%] Built target __idf_esp_wifi
[  7%] Built target __idf_esp_coex
[ 11%] Built target __idf_wpa_supplicant
[ 11%] Built target __idf_esp_netif
[ 15%] Built target __idf_lwip
[ 15%] Built target __idf_vfs
[ 15%] Built target __idf_esp_vfs_console
[ 15%] Built target __idf_esp_driver_usb_serial_jtag
[ 16%] Built target __idf_esp_phy
[ 17%] Built target __idf_nvs_flash
[ 17%] Built target __idf_esp_event
[ 18%] Built target __idf_esp_driver_uart
[ 18%] Built target __idf_esp_psram
[ 18%] Built target __idf_esp_ringbuf
[ 18%] Built target __idf_esp_driver_gptimer
[ 18%] Built target __idf_esp_timer
[ 18%] Built target __idf_cxx
[ 18%] Built target __idf_pthread
[ 19%] Built target __idf_newlib
[ 20%] Built target __idf_freertos
[ 23%] Built target __idf_esp_hw_support
[ 23%] Built target __idf_esp_security
[ 25%] Built target __idf_soc
[ 25%] Built target __idf_heap
[ 25%] Built target __idf_log
[ 27%] Built target __idf_hal
[ 28%] Built target __idf_esp_rom
[ 28%] Built target __idf_esp_common
[ 30%] Built target __idf_esp_system
[ 31%] Built target __idf_spi_flash
[ 32%] Built target __idf_esp_mm
[ 33%] Built target __idf_bootloader_support
[ 33%] Built target __idf_efuse
[ 33%] Built target __idf_esp_partition
[ 33%] Built target __idf_app_update
[ 33%] Built target __idf_esp_bootloader_format
[ 33%] Built target __idf_esp_app_format
[ 34%] Built target mbedtls
[ 34%] Built target mbedx509
[ 39%] Built target mbedcrypto
[ 39%] Built target p256m
[ 39%] Built target everest
[ 40%] Built target __idf_mbedtls
[ 40%] Built target __idf_esp_pm
[ 40%] Built target __idf_esp_driver_gpio
[ 40%] Built target __idf_xtensa
[ 40%] Built target __idf_protobuf-c
[ 40%] Built target __idf_app_trace
[ 40%] Built target __idf_esp_eth
[ 40%] Built target __idf_esp_https_server
[ 41%] Built target __idf_unity
[ 42%] Built target __idf_esp_hid
[ 42%] Built target __idf_esp_driver_touch_sens
[ 43%] Built target __idf_espcoredump
[ 44%] Built target __idf_esp_driver_cam
[ 44%] Built target __idf_esp_lcd
[ 45%] Built target __idf_console
[ 45%] Built target __idf_smooth_ui_toolkit
[ 45%] Built target __idf_json
[ 46%] Built target __idf_wear_levelling
[ 46%] Built target __idf_nvs_sec_provider
[ 46%] Built target __idf_perfmon
[ 46%] Built target __idf_rt
[ 46%] Built target __idf_mqtt
[ 46%] Built target __idf_touch_element
[ 46%] Built target __idf_spiffs
[ 46%] Built target __idf_usb
[ 47%] Built target __idf_espressif__esp_codec_dev
[ 47%] Built target __idf_espressif__i2c_bus
[ 47%] Built target __idf_cmock
[ 47%] Built target __idf_mooncake_log
[ 47%] Built target __idf_mooncake
[ 48%] Built target __idf_fatfs
[ 51%] Built target __idf_protocomm
[ 56%] Built target __idf_espressif__esp-dsp
[ 56%] Built target __idf_M5PM1
[ 57%] Built target __idf_BMI270_BMM150_Sensor
[ 57%] Built target __idf_78__esp-wifi-connect
[ 59%] Built target __idf_M5GFX
[ 59%] Built target __idf_esp_local_ctrl
[ 59%] Built target __idf_wifi_provisioning
[ 59%] Built target __idf_M5IOE1
[ 95%] Built target __idf_lvgl
[100%] Built target __idf_main
[100%] Built target __ldgen_output_sections.ld
[100%] Built target StopWatch-UserDemo.elf
[100%] Built target gen_project_binary
StopWatch-UserDemo.bin binary size 0x3cb400 bytes. Smallest app partition is 0x4f0000 bytes. 0x124c00 bytes (23%) free.
[100%] Built target app_check_size
[100%] Built target app
esptool.py --chip esp32s3 -p /dev/cu.usbmodem83401 -b 460800 --before=default_reset --after=hard_reset write_flash --flash_mode dio --flash_freq 80m --flash_size 16MB 0x0 bootloader/bootloader.bin 0x20000 StopWatch-UserDemo.bin 0x8000 partition_table/partition-table.bin 0xd000 ota_data_initial.bin
esptool.py v4.12.dev2
Serial port /dev/cu.usbmodem83401
Connecting...
Chip is ESP32-S3 (QFN56) (revision v0.2)
Features: WiFi, BLE, Embedded PSRAM 8MB (AP_3v3)
Crystal is 40MHz
USB mode: USB-Serial/JTAG
MAC: 44:1b:f6:c1:8a:00
Uploading stub...
Running stub...
Stub running...
Changing baud rate to 460800
Changed.
Configuring flash size...
Flash will be erased from 0x00000000 to 0x00005fff...
Flash will be erased from 0x00020000 to 0x003ebfff...
Flash will be erased from 0x00008000 to 0x00008fff...
Flash will be erased from 0x0000d000 to 0x0000efff...
SHA digest in image updated
Compressed 20832 bytes to 13347...
Writing at 0x00000000... (100 %)
Wrote 20832 bytes (13347 compressed) at 0x00000000 in 0.2 seconds (effective 694.7 kbit/s)...
Hash of data verified.
Compressed 3978240 bytes to 1941526...
Writing at 0x00020000... (0 %)
Writing at 0x0002ba4a... (1 %)
Writing at 0x00038959... (2 %)
Writing at 0x00057b47... (3 %)
Writing at 0x0005d056... (4 %)
Writing at 0x00062b52... (5 %)
Writing at 0x00068820... (5 %)
Writing at 0x000722fa... (6 %)
Writing at 0x000a382b... (7 %)
Writing at 0x000b6953... (8 %)
Writing at 0x000ee06a... (9 %)
Writing at 0x00107a36... (10 %)
Writing at 0x0012a9b3... (10 %)
Writing at 0x0014f96f... (11 %)
Writing at 0x00153d94... (12 %)
Writing at 0x00158668... (13 %)
Writing at 0x0015d50f... (14 %)
Writing at 0x00162b83... (15 %)
Writing at 0x00168a86... (15 %)
Writing at 0x0016ff92... (16 %)
Writing at 0x00179384... (17 %)
Writing at 0x0017ee58... (18 %)
Writing at 0x001848a2... (19 %)
Writing at 0x00188f9c... (20 %)
Writing at 0x0018d8b9... (21 %)
Writing at 0x00192190... (21 %)
Writing at 0x001968bd... (22 %)
Writing at 0x0019af1a... (23 %)
Writing at 0x0019f962... (24 %)
Writing at 0x001a420a... (25 %)
Writing at 0x001a8c96... (26 %)
Writing at 0x001afae6... (26 %)
Writing at 0x001b7a20... (27 %)
Writing at 0x001c03af... (28 %)
Writing at 0x001c9ef6... (29 %)
Writing at 0x001d366b... (30 %)
Writing at 0x001dc80c... (31 %)
Writing at 0x001e80e7... (31 %)
Writing at 0x001ef1ec... (32 %)
Writing at 0x001f93ed... (33 %)
Writing at 0x00202cf7... (34 %)
Writing at 0x0020910f... (35 %)
Writing at 0x0020f63d... (36 %)
Writing at 0x00215126... (36 %)
Writing at 0x0021b519... (37 %)
Writing at 0x002216e8... (38 %)
Writing at 0x002274bc... (39 %)
Writing at 0x0022c590... (40 %)
Writing at 0x00231a8d... (41 %)
Writing at 0x00236d76... (42 %)
Writing at 0x0023c9a3... (42 %)
Writing at 0x00242b24... (43 %)
Writing at 0x00249645... (44 %)
Writing at 0x0024f5b6... (45 %)
Writing at 0x00255461... (46 %)
Writing at 0x0025b28a... (47 %)
Writing at 0x002615c7... (47 %)
Writing at 0x0026758d... (48 %)
Writing at 0x0026d8a9... (49 %)
Writing at 0x00273408... (50 %)
Writing at 0x0027a3da... (51 %)
Writing at 0x0027fb80... (52 %)
Writing at 0x002864ef... (52 %)
Writing at 0x0028cd0f... (53 %)
Writing at 0x002934e5... (54 %)
Writing at 0x00299055... (55 %)
Writing at 0x0029ef01... (56 %)
Writing at 0x002a589f... (57 %)
Writing at 0x002ab489... (57 %)
Writing at 0x002b10b9... (58 %)
Writing at 0x002b7388... (59 %)
Writing at 0x002bd195... (60 %)
Writing at 0x002c50f0... (61 %)
Writing at 0x002ccc8b... (62 %)
Writing at 0x002d26ae... (63 %)
Writing at 0x002d97d8... (63 %)
Writing at 0x002df2b6... (64 %)
Writing at 0x002e586d... (65 %)
Writing at 0x002ebc6c... (66 %)
Writing at 0x002f2386... (67 %)
Writing at 0x002f82c2... (68 %)
Writing at 0x002fde47... (68 %)
Writing at 0x00303cf9... (69 %)
Writing at 0x00309987... (70 %)
Writing at 0x0030f724... (71 %)
Writing at 0x00315ff4... (72 %)
Writing at 0x0031c122... (73 %)
Writing at 0x0032219a... (73 %)
Writing at 0x00327ed3... (74 %)
Writing at 0x0032da03... (75 %)
Writing at 0x00332a05... (76 %)
Writing at 0x003381e7... (77 %)
Writing at 0x0033da73... (78 %)
Writing at 0x00342ef4... (78 %)
Writing at 0x003482c3... (79 %)
Writing at 0x0034d855... (80 %)
Writing at 0x00353d7f... (81 %)
Writing at 0x0035990e... (82 %)
Writing at 0x0035f795... (83 %)
Writing at 0x003656c3... (84 %)
Writing at 0x0036b54d... (84 %)
Writing at 0x00371131... (85 %)
Writing at 0x00377db1... (86 %)
Writing at 0x00380b37... (87 %)
Writing at 0x00389222... (88 %)
Writing at 0x0039193e... (89 %)
Writing at 0x0039710a... (89 %)
Writing at 0x0039cbcc... (90 %)
Writing at 0x003a250f... (91 %)
Writing at 0x003a9da4... (92 %)
Writing at 0x003b2f05... (93 %)
Writing at 0x003baa66... (94 %)
Writing at 0x003c1da7... (94 %)
Writing at 0x003c9244... (95 %)
Writing at 0x003cfc1d... (96 %)
Writing at 0x003d603c... (97 %)
Writing at 0x003dc2fb... (98 %)
Writing at 0x003e2da9... (99 %)
Writing at 0x003e7f24... (100 %)
Wrote 3978240 bytes (1941526 compressed) at 0x00020000 in 22.6 seconds (effective 1410.4 kbit/s)...
Hash of data verified.
Compressed 3072 bytes to 160...
Writing at 0x00008000... (100 %)
Wrote 3072 bytes (160 compressed) at 0x00008000 in 0.0 seconds (effective 772.5 kbit/s)...
Hash of data verified.
Compressed 8192 bytes to 31...
Writing at 0x0000d000... (100 %)
Wrote 8192 bytes (31 compressed) at 0x0000d000 in 0.0 seconds (effective 1498.3 kbit/s)...
Hash of data verified.

Leaving...
Hard resetting via RTS pin...
[100%] Built target flash
Done
