Executing action: app-flash
Running make in directory /Users/xudanyang/Documents/stopwatch/userdemo/build
Executing "make -j 14 app-flash"...
[  0%] Built target custom_bundle
[  0%] Built target memory.ld
[  0%] Built target partition_table_bin
[  0%] Built target sections.ld.in
[  1%] Built target _project_elf_src
[  1%] Built target __idf_esp_https_ota
[  1%] Built target __idf_esp_http_server
[  2%] Built target __idf_esp_http_client
[  2%] Built target __idf_tcp_transport
[  3%] Built target __idf_esp_adc
[  3%] Built target __idf_esp-tls
[  3%] Built target __idf_http_parser
[  4%] Built target __idf_driver
[  4%] Built target __idf_esp_driver_twai
[  4%] Built target __idf_esp_driver_ledc
[  4%] Built target __idf_esp_driver_i2c
[  4%] Built target __idf_esp_driver_sdm
[  4%] Built target __idf_esp_driver_tsens
[  4%] Built target __idf_esp_driver_rmt
[  5%] Built target __idf_esp_driver_sdspi
[  5%] Built target __idf_esp_driver_sdmmc
[  5%] Built target __idf_sdmmc
[  5%] Built target __idf_esp_driver_i2s
[  6%] Built target __idf_esp_driver_mcpwm
[  6%] Built target __idf_esp_driver_pcnt
[  6%] Built target __idf_esp_gdbstub
[  6%] Built target __idf_esp_driver_spi
[  6%] Built target __idf_esp_wifi
[  6%] Built target __idf_esp_coex
[ 10%] Built target __idf_wpa_supplicant
[ 11%] Built target __idf_esp_netif
[ 16%] Built target __idf_lwip
[ 17%] Built target __idf_vfs
[ 18%] Built target __idf_esp_vfs_console
[ 19%] Built target __idf_esp_driver_usb_serial_jtag
[ 19%] Built target __idf_esp_phy
[ 20%] Built target __idf_nvs_flash
[ 20%] Built target __idf_esp_event
[ 20%] Built target __idf_esp_driver_uart
[ 21%] Built target __idf_esp_psram
[ 21%] Built target __idf_esp_ringbuf
[ 21%] Built target __idf_esp_driver_gptimer
[ 21%] Built target __idf_esp_timer
[ 21%] Built target __idf_cxx
[ 21%] Built target __idf_pthread
[ 21%] Built target __idf_newlib
[ 22%] Built target __idf_freertos
[ 24%] Built target __idf_esp_hw_support
[ 25%] Built target __idf_esp_security
[ 26%] Built target __idf_soc
[ 26%] Built target __idf_heap
[ 27%] Built target __idf_log
[ 30%] Built target __idf_hal
[ 30%] Built target __idf_esp_rom
[ 30%] Built target __idf_esp_common
[ 31%] Built target __idf_esp_system
[ 32%] Built target __idf_spi_flash
[ 32%] Built target __idf_esp_mm
[ 33%] Built target __idf_bootloader_support
[ 33%] Built target __idf_efuse
[ 33%] Built target __idf_esp_partition
[ 33%] Built target __idf_app_update
[ 33%] Built target __idf_esp_bootloader_format
[ 33%] Built target __idf_esp_app_format
[ 34%] Built target mbedtls
[ 34%] Built target mbedx509
[ 39%] Built target mbedcrypto
[ 39%] Built target p256m
[ 39%] Built target everest
[ 39%] Built target __idf_mbedtls
[ 39%] Built target __idf_esp_pm
[ 39%] Built target __idf_esp_driver_gpio
[ 39%] Built target __idf_xtensa
[ 39%] Built target __idf_nvs_sec_provider
[ 39%] Built target __idf_esp_https_server
[ 39%] Built target __idf_protobuf-c
[ 39%] Built target __idf_esp_hid
[ 39%] Built target __idf_esp_eth
[ 39%] Built target __idf_espressif__i2c_bus
[ 39%] Built target __idf_json
[ 40%] Built target __idf_esp_lcd
[ 41%] Built target __idf_rt
[ 42%] Built target __idf_perfmon
[ 42%] Built target __idf_wear_levelling
[ 43%] Built target __idf_espcoredump
[ 44%] Built target __idf_console
[ 45%] Built target __idf_mqtt
[ 45%] Built target __idf_usb
[ 45%] Built target __idf_spiffs
[ 46%] Built target __idf_touch_element
[ 46%] Built target __idf_app_trace
[ 47%] Built target __idf_esp_driver_cam
[ 47%] Built target __idf_unity
[ 47%] Built target __idf_esp_driver_touch_sens
[ 48%] Built target __idf_espressif__esp_codec_dev
[ 48%] Built target __idf_M5PM1
[ 48%] Built target __idf_mooncake_log
[ 48%] Built target __idf_mooncake
[ 48%] Built target __idf_cmock
[ 55%] Built target __idf_espressif__esp-dsp
[ 55%] Built target __idf_BMI270_BMM150_Sensor
[ 55%] Built target __idf_fatfs
[ 55%] Built target __idf_protocomm
[ 55%] Built target __idf_78__esp-wifi-connect
[ 56%] Built target __idf_smooth_ui_toolkit
[ 59%] Built target __idf_M5GFX
[ 59%] Built target __idf_esp_local_ctrl
[ 59%] Built target __idf_wifi_provisioning
[ 59%] Built target __idf_M5IOE1
[ 93%] Built target __idf_lvgl
[100%] Built target __idf_main
[100%] Built target __ldgen_output_sections.ld
[100%] Built target StopWatch-UserDemo.elf
[100%] Built target gen_project_binary
StopWatch-UserDemo.bin binary size 0x4b4200 bytes. Smallest app partition is 0x4f0000 bytes. 0x3be00 bytes (5%) free.
Warning: The smallest app partition is nearly full (5% free space left)!
[100%] Built target app_check_size
[100%] Built target app
esptool.py --chip esp32s3 -p /dev/cu.usbmodem83401 -b 460800 --before=default_reset --after=hard_reset write_flash --flash_mode dio --flash_freq 80m --flash_size 16MB 0x20000 StopWatch-UserDemo.bin
esptool.py v4.12.0
Serial port /dev/cu.usbmodem83401
Connecting...
Chip is ESP32-S3 (QFN56) (revision v0.2)
Features: WiFi, BLE, Embedded PSRAM 8MB (AP_3v3)
Crystal is 40MHz
USB mode: USB-Serial/JTAG
MAC: 44:1b:f6:c1:8a:00
Uploading stub...
Running stub...
Stub running...
Changing baud rate to 460800
Changed.
Configuring flash size...
Flash will be erased from 0x00020000 to 0x004d4fff...
Compressed 4932096 bytes to 1986034...
Writing at 0x00020000... (0 %)
Writing at 0x0002b25f... (1 %)
Writing at 0x000385ea... (2 %)
Writing at 0x00053c80... (3 %)
Writing at 0x00061548... (4 %)
Writing at 0x0008a024... (4 %)
Writing at 0x000aaf09... (5 %)
Writing at 0x000c9c7e... (6 %)
Writing at 0x000e081c... (7 %)
Writing at 0x000f3e90... (8 %)
Writing at 0x00119c7c... (9 %)
Writing at 0x0012fb64... (9 %)
Writing at 0x0014d908... (10 %)
Writing at 0x0017a875... (11 %)
Writing at 0x00193904... (12 %)
Writing at 0x001a7578... (13 %)
Writing at 0x001abb79... (13 %)
Writing at 0x001b064a... (14 %)
Writing at 0x001b56d1... (15 %)
Writing at 0x001bb02b... (16 %)
Writing at 0x001c12b8... (17 %)
Writing at 0x001c9e52... (18 %)
Writing at 0x001d3e5e... (18 %)
Writing at 0x001d9d3d... (19 %)
Writing at 0x001df381... (20 %)
Writing at 0x001e3ae0... (21 %)
Writing at 0x001e83c9... (22 %)
Writing at 0x001ecce0... (22 %)
Writing at 0x001f1366... (23 %)
Writing at 0x001f5b2c... (24 %)
Writing at 0x001fa586... (25 %)
Writing at 0x001fee63... (26 %)
Writing at 0x002116ca... (27 %)
Writing at 0x00286854... (27 %)
Writing at 0x0028dbb8... (28 %)
Writing at 0x00296269... (29 %)
Writing at 0x0029edb0... (30 %)
Writing at 0x002a9160... (31 %)
Writing at 0x002b3464... (31 %)
Writing at 0x002c0df1... (32 %)
Writing at 0x002c74df... (33 %)
Writing at 0x002d562f... (34 %)
Writing at 0x002dc079... (35 %)
Writing at 0x002e3f1d... (36 %)
Writing at 0x002f04e9... (36 %)
Writing at 0x002f5fc8... (37 %)
Writing at 0x002fc85a... (38 %)
Writing at 0x00304245... (39 %)
Writing at 0x00309e7b... (40 %)
Writing at 0x00310469... (40 %)
Writing at 0x00316490... (41 %)
Writing at 0x0031c0c9... (42 %)
Writing at 0x00321cd3... (43 %)
Writing at 0x00327716... (44 %)
Writing at 0x0032d4c1... (45 %)
Writing at 0x00333957... (45 %)
Writing at 0x00339ed5... (46 %)
Writing at 0x0033fe30... (47 %)
Writing at 0x0034600c... (48 %)
Writing at 0x0034c3ed... (49 %)
Writing at 0x003523a9... (50 %)
Writing at 0x00357e40... (50 %)
Writing at 0x0035df31... (51 %)
Writing at 0x00364cb4... (52 %)
Writing at 0x0036b0d1... (53 %)
Writing at 0x003712f7... (54 %)
Writing at 0x00377d06... (54 %)
Writing at 0x0037de5c... (55 %)
Writing at 0x00383a47... (56 %)
Writing at 0x0038a7e7... (57 %)
Writing at 0x003901c3... (58 %)
Writing at 0x00395f44... (59 %)
Writing at 0x0039ba6e... (59 %)
Writing at 0x003a1cba... (60 %)
Writing at 0x003a91ca... (61 %)
Writing at 0x003b023a... (62 %)
Writing at 0x003b72e4... (63 %)
Writing at 0x003bd01b... (63 %)
Writing at 0x003c3fe6... (64 %)
Writing at 0x003c9af9... (65 %)
Writing at 0x003d0188... (66 %)
Writing at 0x003d6c12... (67 %)
Writing at 0x003dcd36... (68 %)
Writing at 0x003e29d3... (68 %)
Writing at 0x003e8407... (69 %)
Writing at 0x003ee460... (70 %)
Writing at 0x003f4169... (71 %)
Writing at 0x003f9f3c... (72 %)
Writing at 0x004009e0... (72 %)
Writing at 0x004068de... (73 %)
Writing at 0x0040c9b2... (74 %)
Writing at 0x00412a31... (75 %)
Writing at 0x00417e22... (76 %)
Writing at 0x0041cd7b... (77 %)
Writing at 0x004226f8... (77 %)
Writing at 0x00427f2b... (78 %)
Writing at 0x0042d41c... (79 %)
Writing at 0x004327a0... (80 %)
Writing at 0x00437dd6... (81 %)
Writing at 0x0043e8ac... (81 %)
Writing at 0x004441eb... (82 %)
Writing at 0x00449f03... (83 %)
Writing at 0x0045027d... (84 %)
Writing at 0x00455d64... (85 %)
Writing at 0x0045b903... (86 %)
Writing at 0x004629ad... (86 %)
Writing at 0x0046bcd8... (87 %)
Writing at 0x00475d88... (88 %)
Writing at 0x0047c297... (89 %)
Writing at 0x00481749... (90 %)
Writing at 0x004873b2... (90 %)
Writing at 0x0048ce4e... (91 %)
Writing at 0x00494ab4... (92 %)
Writing at 0x0049dfe5... (93 %)
Writing at 0x004a5d14... (94 %)
Writing at 0x004acf2d... (95 %)
Writing at 0x004b43f8... (95 %)
Writing at 0x004bac79... (96 %)
Writing at 0x004c0a04... (97 %)
Writing at 0x004c6c43... (98 %)
Writing at 0x004cd26d... (99 %)
Writing at 0x004d2749... (100 %)
Wrote 4932096 bytes (1986034 compressed) at 0x00020000 in 26.8 seconds (effective 1470.2 kbit/s)...
Hash of data verified.

Leaving...
Hard resetting via RTS pin...
[100%] Built target app-flash
Done
