Executing action: flash
Running make in directory /Users/tree/Documents/stopwatch/build
Executing "make -j 12 flash"...
[  0%] Built target blank_ota_data
[  0%] Built target memory.ld
[  0%] Built target custom_bundle
[  0%] Built target _project_elf_src
[  0%] Built target sections.ld.in
[  0%] Built target partition_table_bin
[  1%] Performing build step for 'bootloader'
[  1%] Built target __idf_esp_https_ota
[  1%] Built target __idf_esp_http_server
[  1%] Built target _project_elf_src
[  9%] Built target __idf_log
[  1%] Built target __idf_esp_http_client
[ 19%] Built target __idf_esp_rom
[  1%] Built target __idf_tcp_transport
[ 21%] Built target __idf_esp_common
[  2%] Built target __idf_esp_adc
[ 30%] Built target __idf_esp_hw_support
[  2%] Built target __idf_esp-tls
[ 32%] Built target __idf_esp_system
[  2%] Built target __idf_http_parser
[ 40%] Built target __idf_efuse
[  3%] Built target __idf_driver
[ 59%] Built target __idf_bootloader_support
[  3%] Built target __idf_esp_driver_twai
[ 60%] Built target __idf_esp_bootloader_format
[  4%] Built target __idf_esp_driver_ledc
[ 62%] Built target __idf_spi_flash
[  4%] Built target __idf_esp_driver_i2c
[ 68%] Built target __idf_hal
[  4%] Built target __idf_esp_driver_sdm
[ 69%] Built target __idf_micro-ecc
[  4%] Built target __idf_esp_driver_tsens
[ 92%] Built target __idf_soc
[  4%] Built target __idf_esp_driver_rmt
[ 94%] Built target __idf_xtensa
[  4%] Built target __idf_esp_driver_sdspi
[ 96%] Built target __idf_main
[  5%] Built target __idf_esp_driver_sdmmc
[ 98%] Built target bootloader.elf
[  6%] Built target __idf_sdmmc
[100%] Built target gen_project_binary
[  6%] Built target __idf_esp_driver_i2s
Bootloader binary size 0x5160 bytes. 0x2ea0 bytes (36%) free.
[  6%] Built target __idf_esp_driver_mcpwm
[100%] Built target bootloader_check_size
[100%] Built target app
[  6%] Built target __idf_esp_driver_pcnt
[  6%] No install step for 'bootloader'
[  6%] Built target __idf_esp_gdbstub
[  6%] Completed 'bootloader'
[  6%] Built target __idf_esp_driver_spi
[  6%] Built target bootloader
[  6%] Built target __idf_esp_wifi
[  6%] Built target __idf_esp_coex
[ 10%] Built target __idf_wpa_supplicant
[ 10%] Built target __idf_esp_netif
[ 14%] Built target __idf_lwip
[ 14%] Built target __idf_vfs
[ 14%] Built target __idf_esp_vfs_console
[ 14%] Built target __idf_esp_driver_usb_serial_jtag
[ 14%] Built target __idf_esp_phy
[ 15%] Built target __idf_nvs_flash
[ 15%] Built target __idf_esp_event
[ 16%] Built target __idf_esp_driver_uart
[ 16%] Built target __idf_esp_psram
[ 16%] Built target __idf_esp_ringbuf
[ 16%] Built target __idf_esp_driver_gptimer
[ 16%] Built target __idf_esp_timer
[ 16%] Built target __idf_cxx
[ 16%] Built target __idf_pthread
[ 17%] Built target __idf_newlib
[ 18%] Built target __idf_freertos
[ 21%] Built target __idf_esp_hw_support
[ 21%] Built target __idf_esp_security
[ 23%] Built target __idf_soc
[ 23%] Built target __idf_heap
[ 23%] Built target __idf_log
[ 25%] Built target __idf_hal
[ 26%] Built target __idf_esp_rom
[ 26%] Built target __idf_esp_common
[ 28%] Built target __idf_esp_system
[ 29%] Built target __idf_spi_flash
[ 30%] Built target __idf_esp_mm
[ 31%] Built target __idf_bootloader_support
[ 31%] Built target __idf_efuse
[ 31%] Built target __idf_esp_partition
[ 31%] Built target __idf_app_update
[ 31%] Built target __idf_esp_bootloader_format
[ 31%] Built target __idf_esp_app_format
[ 32%] Built target mbedtls
[ 32%] Built target mbedx509
[ 37%] Built target mbedcrypto
[ 37%] Built target p256m
[ 37%] Built target everest
[ 38%] Built target __idf_mbedtls
[ 39%] Built target __idf_esp_pm
[ 39%] Built target __idf_esp_driver_gpio
[ 39%] Built target __idf_xtensa
[ 40%] Built target __idf_esp_driver_cam
[ 40%] Built target __idf_esp_driver_touch_sens
[ 40%] Built target __idf_esp_eth
[ 40%] Built target __idf_esp_https_server
[ 40%] Built target __idf_protobuf-c
[ 41%] Built target __idf_unity
[ 41%] Built target __idf_app_trace
[ 42%] Built target __idf_esp_hid
[ 43%] Built target __idf_console
[ 44%] Built target __idf_espcoredump
[ 44%] Built target __idf_esp_lcd
[ 44%] Built target __idf_smooth_ui_toolkit
[ 45%] Built target __idf_json
[ 45%] Built target __idf_nvs_sec_provider
[ 45%] Built target __idf_perfmon
[ 46%] Built target __idf_wear_levelling
[ 46%] Built target __idf_spiffs
[ 46%] Built target __idf_rt
[ 46%] Built target __idf_touch_element
[ 46%] Built target __idf_mqtt
[ 46%] Built target __idf_usb
[ 47%] Built target __idf_espressif__esp_codec_dev
[ 47%] Built target __idf_espressif__i2c_bus
[ 47%] Built target __idf_cmock
[ 47%] Built target __idf_mooncake_log
[ 47%] Built target __idf_mooncake
[ 48%] Built target __idf_protocomm
[ 49%] Built target __idf_fatfs
[ 49%] Built target __idf_78__esp-wifi-connect
[ 49%] Built target __idf_M5PM1
[ 50%] Built target __idf_BMI270_BMM150_Sensor
[ 57%] Built target __idf_espressif__esp-dsp
[ 57%] Built target __idf_esp_local_ctrl
[ 58%] Built target __idf_wifi_provisioning
[ 59%] Built target __idf_M5GFX
[ 59%] Built target __idf_M5IOE1
[ 95%] Built target __idf_lvgl
[100%] Built target __idf_main
[100%] Built target __ldgen_output_sections.ld
[100%] Built target StopWatch-UserDemo.elf
[100%] Built target gen_project_binary
StopWatch-UserDemo.bin binary size 0x3cfc30 bytes. Smallest app partition is 0x4f0000 bytes. 0x1203d0 bytes (23%) free.
[100%] Built target app_check_size
[100%] Built target app
esptool.py --chip esp32s3 -p /dev/cu.usbmodem83401 -b 115200 --before=default_reset --after=hard_reset write_flash --flash_mode dio --flash_freq 80m --flash_size 16MB 0x0 bootloader/bootloader.bin 0x20000 StopWatch-UserDemo.bin 0x8000 partition_table/partition-table.bin 0xd000 ota_data_initial.bin
esptool.py v4.12.dev2
Serial port /dev/cu.usbmodem83401
Connecting...
Chip is ESP32-S3 (QFN56) (revision v0.2)
Features: WiFi, BLE, Embedded PSRAM 8MB (AP_3v3)
Crystal is 40MHz
USB mode: USB-Serial/JTAG
MAC: 44:1b:f6:c1:8a:00
Uploading stub...
Running stub...
Stub running...
Configuring flash size...
Flash will be erased from 0x00000000 to 0x00005fff...
Flash will be erased from 0x00020000 to 0x003effff...
Flash will be erased from 0x00008000 to 0x00008fff...
Flash will be erased from 0x0000d000 to 0x0000efff...
SHA digest in image updated
Compressed 20832 bytes to 13347...
Writing at 0x00000000... (100 %)
Wrote 20832 bytes (13347 compressed) at 0x00000000 in 0.2 seconds (effective 701.5 kbit/s)...
Hash of data verified.
Compressed 3996720 bytes to 1947673...
Writing at 0x00020000... (0 %)
Writing at 0x0002ba5e... (1 %)
Writing at 0x00038942... (2 %)
Writing at 0x00057b6f... (3 %)
Writing at 0x0005d088... (4 %)
Writing at 0x00062b78... (5 %)
Writing at 0x00068834... (5 %)
Writing at 0x00072313... (6 %)
Writing at 0x000a2f1e... (7 %)
Writing at 0x000b6919... (8 %)
Writing at 0x000ee06b... (9 %)
Writing at 0x00107907... (10 %)
Writing at 0x0012a962... (10 %)
Writing at 0x0014f9a9... (11 %)
Writing at 0x00153dcc... (12 %)
Writing at 0x0015869d... (13 %)
Writing at 0x0015d542... (14 %)
Writing at 0x00162baf... (15 %)
Writing at 0x00168aaf... (15 %)
Writing at 0x0016ffb2... (16 %)
Writing at 0x00179837... (17 %)
Writing at 0x0017f139... (18 %)
Writing at 0x00184d45... (19 %)
Writing at 0x0018943e... (20 %)
Writing at 0x0018dd4c... (21 %)
Writing at 0x00192604... (21 %)
Writing at 0x00196d4e... (22 %)
Writing at 0x0019b3aa... (23 %)
Writing at 0x0019fde8... (24 %)
Writing at 0x001a4673... (25 %)
Writing at 0x001a90dd... (26 %)
Writing at 0x001afca0... (26 %)
Writing at 0x001b7db3... (27 %)
Writing at 0x001c043b... (28 %)
Writing at 0x001ca135... (29 %)
Writing at 0x001d3b62... (30 %)
Writing at 0x001dc56c... (31 %)
Writing at 0x001e854a... (31 %)
Writing at 0x001ef56f... (32 %)
Writing at 0x001f928f... (33 %)
Writing at 0x00202d18... (34 %)
Writing at 0x00209136... (35 %)
Writing at 0x0020f64c... (36 %)
Writing at 0x0021514c... (36 %)
Writing at 0x0021b534... (37 %)
Writing at 0x002216de... (38 %)
Writing at 0x002274c1... (39 %)
Writing at 0x0022c57f... (40 %)
Writing at 0x00231a68... (41 %)
Writing at 0x00236d54... (42 %)
Writing at 0x0023c8fe... (42 %)
Writing at 0x00242afa... (43 %)
Writing at 0x00249624... (44 %)
Writing at 0x0024f5ab... (45 %)
Writing at 0x0025542e... (46 %)
Writing at 0x0025b32c... (47 %)
Writing at 0x00262c1c... (47 %)
Writing at 0x002699c2... (48 %)
Writing at 0x0026fb63... (49 %)
Writing at 0x0027588a... (50 %)
Writing at 0x0027c040... (51 %)
Writing at 0x0028203d... (52 %)
Writing at 0x00288931... (52 %)
Writing at 0x0028ed20... (53 %)
Writing at 0x002956ff... (54 %)
Writing at 0x0029b4a2... (55 %)
Writing at 0x002a1256... (56 %)
Writing at 0x002a7cde... (57 %)
Writing at 0x002ad7d4... (57 %)
Writing at 0x002b3579... (58 %)
Writing at 0x002b92c3... (59 %)
Writing at 0x002bf343... (60 %)
Writing at 0x002c66f9... (61 %)
Writing at 0x002cefdb... (62 %)
Writing at 0x002d4965... (63 %)
Writing at 0x002daef6... (63 %)
Writing at 0x002e15f6... (64 %)
Writing at 0x002e791a... (65 %)
Writing at 0x002edba1... (66 %)
Writing at 0x002f44e5... (67 %)
Writing at 0x002fa465... (68 %)
Writing at 0x003002cc... (68 %)
Writing at 0x00305d8f... (69 %)
Writing at 0x0030b99d... (70 %)
Writing at 0x003117f8... (71 %)
Writing at 0x00317a36... (72 %)
Writing at 0x0031e2cf... (73 %)
Writing at 0x00324271... (73 %)
Writing at 0x0032a028... (74 %)
Writing at 0x0032ff1b... (75 %)
Writing at 0x003350fc... (76 %)
Writing at 0x0033a4e4... (77 %)
Writing at 0x0033fd8b... (78 %)
Writing at 0x003453b7... (78 %)
Writing at 0x0034a7d9... (79 %)
Writing at 0x0034fd84... (80 %)
Writing at 0x00355a91... (81 %)
Writing at 0x0035bd01... (82 %)
Writing at 0x0036194e... (83 %)
Writing at 0x00367618... (84 %)
Writing at 0x0036d903... (84 %)
Writing at 0x0037340c... (85 %)
Writing at 0x00379225... (86 %)
Writing at 0x003819c4... (87 %)
Writing at 0x0038a44f... (88 %)
Writing at 0x00393bb8... (89 %)
Writing at 0x0039959f... (89 %)
Writing at 0x0039ee50... (90 %)
Writing at 0x003a481a... (91 %)
Writing at 0x003aaec7... (92 %)
Writing at 0x003b4ad5... (93 %)
Writing at 0x003bc752... (94 %)
Writing at 0x003c3728... (94 %)
Writing at 0x003cb3b0... (95 %)
Writing at 0x003d18b8... (96 %)
Writing at 0x003d8729... (97 %)
Writing at 0x003de867... (98 %)
Writing at 0x003e4ccc... (99 %)
Writing at 0x003ea8f7... (100 %)
Wrote 3996720 bytes (1947673 compressed) at 0x00020000 in 22.6 seconds (effective 1416.3 kbit/s)...
Hash of data verified.
Compressed 3072 bytes to 160...
Writing at 0x00008000... (100 %)
Wrote 3072 bytes (160 compressed) at 0x00008000 in 0.0 seconds (effective 819.2 kbit/s)...
Hash of data verified.
Compressed 8192 bytes to 31...
Writing at 0x0000d000... (100 %)
Wrote 8192 bytes (31 compressed) at 0x0000d000 in 0.0 seconds (effective 1540.5 kbit/s)...
Hash of data verified.

Leaving...
Hard resetting via RTS pin...
[100%] Built target flash
Done
