[1788925284223] [info] [RacerMemory] track_rows_internal=true car_planes_internal=2 free_internal=70747 largest_internal=31744
[1788925285664] [info] [GarageStage] panels=1192 shadow_us=4574 raster_us=120978 blit_us=10901
[1788925286461] [info] [RacerPerf] screen=SELECT MACHINE source=device frames=10 fps_x10=46 draw_us=87730 present_us=32394 peak_us=201731 input_total_us=52978 detail=medium
[1788925287752] [info] [GarageStage] panels=1009 shadow_us=4468 raster_us=126195 blit_us=11158
[1788925288578] [info] [RacerPerf] screen=MACHINE READY source=device frames=11 fps_x10=52 draw_us=158016 present_us=31965 peak_us=197843 input_total_us=11959 detail=low
[1788925290070] [info] [GarageStage] panels=739 shadow_us=4100 raster_us=121942 blit_us=11086
[1788925290380] [info] [RacerPerf] screen=SELECT RIVALS source=device frames=3 fps_x10=15 draw_us=160253 present_us=32050 peak_us=194386 input_total_us=14741 detail=low
[1788925292514] [info] [GarageStage] panels=759 shadow_us=4248 raster_us=114217 blit_us=10936
[1788925292549] [info] [RacerPerf] screen=SELECT RIVALS source=device frames=4 fps_x10=18 draw_us=160722 present_us=32081 peak_us=203823 input_total_us=19092 detail=low
[1788925294549] [info] [RacerPerf] screen=SELECT RIVALS source=device frames=2 fps_x10=10 draw_us=169726 present_us=32043 peak_us=212897 input_total_us=21173 detail=low
[1788925294890] [info] [GarageStage] panels=867 shadow_us=4271 raster_us=111840 blit_us=10465
[1788925296424] [info] [PaintStage] rows=186 clear_us=1291 fill_us=126494 copy_us=8141
[1788925296556] [info] [TrackStage] project_us=11959 paint_us=138435 lines_us=130152
[1788925296949] [info] [RacerPerf] screen=SELECT COURSE source=device frames=4 fps_x10=19 draw_us=205656 present_us=32107 peak_us=359526 input_total_us=20486 detail=low
[1788925297900] [info] [CarStage] car=2 panels=967 vertices=1181 tiles=1 prepare_us=11976 raster_us=11000 blit_us=2283
[1788925298014] [info] [RaceStage] track_us=110508 cars_us=139469 surfaces=332 cars=4
[1788925298455] [info] [PaintStage] rows=278 clear_us=1904 fill_us=39987 copy_us=14715
[1788925298813] [info] [TrackStage] project_us=9008 paint_us=57179 lines_us=44106
[1788925298993] [info] [RacerPerf] screen=STARTING GRID source=device frames=6 fps_x10=28 draw_us=306278 present_us=32234 peak_us=381269 input_total_us=2506 detail=high
[1788925300078] [info] [CarStage] car=2 panels=967 vertices=1181 tiles=1 prepare_us=11793 raster_us=10898 blit_us=2379
[1788925300191] [info] [RaceStage] track_us=108711 cars_us=137792 surfaces=332 cars=4
[1788925300630] [info] [PaintStage] rows=278 clear_us=1977 fill_us=39366 copy_us=14598
[1788925300964] [info] [TrackStage] project_us=8625 paint_us=56531 lines_us=26805
[1788925301141] [info] [RacerPerf] screen=COUNTDOWN source=device frames=7 fps_x10=32 draw_us=272999 present_us=32279 peak_us=310222 input_total_us=563 detail=medium
[1788925302169] [info] [CarStage] car=2 panels=967 vertices=1181 tiles=1 prepare_us=11797 raster_us=11187 blit_us=2500
[1788925302283] [info] [RaceStage] track_us=96063 cars_us=140702 surfaces=332 cars=4
[1788925302703] [info] [PaintStage] rows=279 clear_us=1903 fill_us=36363 copy_us=14703
[1788925303007] [info] [TrackStage] project_us=8199 paint_us=50732 lines_us=22627
[1788925303181] [info] [RacerPerf] screen=RACING source=device frames=7 fps_x10=34 draw_us=256743 present_us=32328 peak_us=301496 input_total_us=567 detail=medium
[1788925304169] [info] [CarStage] car=4 panels=771 vertices=1029 tiles=1 prepare_us=10066 raster_us=11261 blit_us=3986
[1788925304439] [info] [RaceStage] track_us=56497 cars_us=110024 surfaces=176 cars=4
[1788925304762] [info] [PaintStage] rows=272 clear_us=1876 fill_us=17988 copy_us=14469
[1788925305131] [info] [RacerPerf] screen=RACING source=device frames=8 fps_x10=39 draw_us=208851 present_us=32365 peak_us=282461 input_total_us=675 detail=low
[1788925305201] [info] [TrackStage] project_us=5734 paint_us=33882 lines_us=3546
[1788925306170] [info] [CarStage] car=1 panels=805 vertices=1114 tiles=1 prepare_us=10998 raster_us=17342 blit_us=7802
[1788925306619] [info] [RaceStage] track_us=41789 cars_us=118144 surfaces=59 cars=4
[1788925306951] [info] [PaintStage] rows=293 clear_us=2032 fill_us=20098 copy_us=15188
[1788925307328] [info] [RacerPerf] screen=RACING source=device frames=10 fps_x10=45 draw_us=184710 present_us=32407 peak_us=222875 input_total_us=832 detail=low
[1788925307408] [info] [TrackStage] project_us=6023 paint_us=37186 lines_us=8318
[1788925308290] [info] [CarStage] car=2 panels=751 vertices=953 tiles=1 prepare_us=10114 raster_us=8755 blit_us=2520
[1788925308796] [info] [RaceStage] track_us=42110 cars_us=106805 surfaces=64 cars=4
[1788925309117] [info] [PaintStage] rows=266 clear_us=1840 fill_us=14841 copy_us=14474
[1788925309509] [info] [RacerPerf] screen=RACING source=device frames=10 fps_x10=46 draw_us=183115 present_us=32354 peak_us=226916 input_total_us=822 detail=low
[1788925309618] [info] [TrackStage] project_us=7147 paint_us=58643 lines_us=15070
[1788925310290] [info] [CarStage] car=1 panels=805 vertices=1114 tiles=1 prepare_us=10905 raster_us=17625 blit_us=4497
[1788925310819] [info] [RaceStage] track_us=94577 cars_us=102668 surfaces=295 cars=4
[1788925311204] [info] [PaintStage] rows=465 clear_us=3240 fill_us=34094 copy_us=21680
[1788925311600] [info] [RacerPerf] screen=RACING source=device frames=8 fps_x10=38 draw_us=226078 present_us=32514 peak_us=280627 input_total_us=650 detail=low
[1788925311689] [info] [TrackStage] project_us=5934 paint_us=47883 lines_us=8240
[1788925312357] [info] [CarStage] car=2 panels=751 vertices=953 tiles=1 prepare_us=9926 raster_us=8941 blit_us=2067
[1788925312870] [info] [RaceStage] track_us=41370 cars_us=110785 surfaces=59 cars=4
[1788925313399] [info] [PaintStage] rows=271 clear_us=1884 fill_us=13354 copy_us=14455
[1788925313769] [info] [RacerPerf] screen=RACING source=device frames=10 fps_x10=45 draw_us=181951 present_us=32410 peak_us=227090 input_total_us=809 detail=low
[1788925313847] [info] [TrackStage] project_us=5396 paint_us=37434 lines_us=6555
[1788925314365] [info] [CarStage] car=4 panels=771 vertices=1029 tiles=1 prepare_us=10613 raster_us=9516 blit_us=2572
[1788925315059] [info] [RaceStage] track_us=45904 cars_us=107901 surfaces=90 cars=4
[1788925315598] [info] [PaintStage] rows=283 clear_us=1940 fill_us=15116 copy_us=14850
[1788925315988] [info] [RacerPerf] screen=RACING source=device frames=10 fps_x10=45 draw_us=186787 present_us=32347 peak_us=224971 input_total_us=816 detail=low
[1788925316056] [info] [TrackStage] project_us=5573 paint_us=30553 lines_us=4177
[1788925316383] [info] [CarStage] car=3 panels=929 vertices=1378 tiles=1 prepare_us=13019 raster_us=13463 blit_us=11090
[1788925317310] [info] [RaceStage] track_us=95603 cars_us=119224 surfaces=394 cars=4
[1788925317710] [info] [PaintStage] rows=279 clear_us=1949 fill_us=39688 copy_us=15043
[1788925318135] [info] [RacerPerf] screen=RACING source=device frames=8 fps_x10=37 draw_us=233279 present_us=32406 peak_us=288181 input_total_us=665 detail=low
[1788925318229] [info] [TrackStage] project_us=7869 paint_us=45246 lines_us=13523
[1788925318484] [info] [CarStage] car=2 panels=751 vertices=953 tiles=1 prepare_us=10090 raster_us=8890 blit_us=2967
[1788925319441] [info] [RaceStage] track_us=41151 cars_us=107894 surfaces=74 cars=4
[1788925319754] [info] [PaintStage] rows=258 clear_us=1761 fill_us=14943 copy_us=14162
[1788925320140] [info] [RacerPerf] screen=RACING source=device frames=9 fps_x10=44 draw_us=187849 present_us=32487 peak_us=238427 input_total_us=730 detail=low
[1788925320440] [info] [TrackStage] project_us=6025 paint_us=36888 lines_us=4520
[1788925320495] [info] [CarStage] car=3 panels=929 vertices=1378 tiles=1 prepare_us=12983 raster_us=12664 blit_us=3781
[1788925321655] [info] [RaceStage] track_us=47722 cars_us=107125 surfaces=104 cars=4
[1788925321761] [info] [PaintStage] rows=277 clear_us=1918 fill_us=17482 copy_us=14957
[1788925322344] [info] [RacerPerf] screen=RACING source=device frames=10 fps_x10=45 draw_us=185302 present_us=32465 peak_us=222599 input_total_us=803 detail=low
[1788925322524] [info] [CarStage] car=1 panels=805 vertices=1114 tiles=1 prepare_us=10859 raster_us=16925 blit_us=6166
[1788925322630] [info] [TrackStage] project_us=5238 paint_us=32010 lines_us=3592
[1788925323820] [info] [RaceStage] track_us=107829 cars_us=110804 surfaces=379 cars=4
[1788925323961] [info] [PaintStage] rows=441 clear_us=3049 fill_us=43940 copy_us=20720
[1788925324400] [info] [RacerPerf] screen=RACING source=device frames=8 fps_x10=39 draw_us=222081 present_us=32449 peak_us=287362 input_total_us=647 detail=low
[1788925324543] [info] [CarStage] car=3 panels=929 vertices=1378 tiles=1 prepare_us=12914 raster_us=12122 blit_us=2462
[1788925324769] [info] [TrackStage] project_us=6805 paint_us=59593 lines_us=13437
[1788925326015] [info] [RaceStage] track_us=45143 cars_us=110516 surfaces=91 cars=4
[1788925326121] [info] [PaintStage] rows=309 clear_us=2165 fill_us=16867 copy_us=15853
[1788925326496] [info] [RacerPerf] screen=RACING source=device frames=9 fps_x10=41 draw_us=197851 present_us=32435 peak_us=258900 input_total_us=747 detail=low
[1788925326595] [info] [CarStage] car=3 panels=929 vertices=1378 tiles=1 prepare_us=13012 raster_us=14197 blit_us=3114
[1788925326786] [info] [TrackStage] project_us=4204 paint_us=31628 lines_us=1924
[1788925328054] [info] [RaceStage] track_us=50909 cars_us=112002 surfaces=120 cars=4
[1788925328161] [info] [PaintStage] rows=306 clear_us=2094 fill_us=19300 copy_us=15546
[1788925328544] [info] [RacerPerf] screen=RACING source=device frames=9 fps_x10=44 draw_us=192624 present_us=32346 peak_us=227296 input_total_us=734 detail=low
[1788925328645] [info] [CarStage] car=3 panels=929 vertices=1378 tiles=1 prepare_us=12723 raster_us=11698 blit_us=2607
[1788925328840] [info] [TrackStage] project_us=5664 paint_us=34776 lines_us=4071
[1788925330148] [info] [RaceStage] track_us=64770 cars_us=149691 surfaces=238 cars=4
[1788925330286] [info] [PaintStage] rows=262 clear_us=1816 fill_us=46934 copy_us=13939
[1788925330653] [info] [CarStage] car=3 panels=929 vertices=1378 tiles=1 prepare_us=12710 raster_us=12265 blit_us=4366
[1788925330801] [info] [RacerPerf] screen=RACING source=device frames=9 fps_x10=41 draw_us=215919 present_us=32337 peak_us=306054 input_total_us=761 detail=low
[1788925330925] [info] [TrackStage] project_us=9788 paint_us=61626 lines_us=24972
[1788925332367] [info] [RaceStage] track_us=58906 cars_us=123422 surfaces=196 cars=4
[1788925332476] [info] [PaintStage] rows=274 clear_us=1932 fill_us=18896 copy_us=14710
[1788925332736] [info] [CarStage] car=3 panels=929 vertices=1378 tiles=1 prepare_us=12701 raster_us=11568 blit_us=3635
[1788925332862] [info] [RacerPerf] screen=RACING source=device frames=8 fps_x10=37 draw_us=222725 present_us=32329 peak_us=292616 input_total_us=654 detail=low
[1788925332934] [info] [TrackStage] project_us=5641 paint_us=33928 lines_us=4451
[1788925334388] [info] [RaceStage] track_us=48435 cars_us=115982 surfaces=99 cars=4
[1788925334497] [info] [PaintStage] rows=293 clear_us=2029 fill_us=20151 copy_us=15384
[1788925334762] [info] [CarStage] car=3 panels=929 vertices=1378 tiles=1 prepare_us=12617 raster_us=11642 blit_us=2646
[1788925334885] [info] [RacerPerf] screen=RACING source=device frames=9 fps_x10=44 draw_us=189974 present_us=32385 peak_us=227115 input_total_us=794 detail=low
[1788925334965] [info] [TrackStage] project_us=6193 paint_us=37319 lines_us=7870
[1788925336411] [info] [RaceStage] track_us=41394 cars_us=121727 surfaces=56 cars=4
[1788925336513] [info] [PaintStage] rows=266 clear_us=1838 fill_us=14873 copy_us=14903
[1788925336791] [info] [CarStage] car=3 panels=929 vertices=1378 tiles=1 prepare_us=13011 raster_us=15391 blit_us=5209
[1788925336927] [info] [RacerPerf] screen=RACING source=device frames=9 fps_x10=44 draw_us=191969 present_us=32418 peak_us=241165 input_total_us=737 detail=low
[1788925337036] [info] [TrackStage] project_us=7283 paint_us=58629 lines_us=15086
[1788925338563] [info] [RaceStage] track_us=91485 cars_us=110548 surfaces=280 cars=4
[1788925338698] [info] [PaintStage] rows=465 clear_us=3217 fill_us=36239 copy_us=21841
[1788925338791] [info] [CarStage] car=4 panels=771 vertices=1029 tiles=1 prepare_us=10277 raster_us=13272 blit_us=3225
[1788925339116] [info] [RacerPerf] screen=RACING source=device frames=8 fps_x10=36 draw_us=238417 present_us=32390 peak_us=291821 input_total_us=658 detail=low
[1788925339214] [info] [TrackStage] project_us=6381 paint_us=52441 lines_us=10292
[1788925340655] [info] [RaceStage] track_us=41002 cars_us=118490 surfaces=59 cars=4
[1788925340757] [info] [PaintStage] rows=292 clear_us=2036 fill_us=15042 copy_us=15262
[1788925340816] [info] [CarStage] car=2 panels=751 vertices=953 tiles=1 prepare_us=9845 raster_us=12158 blit_us=3098
[1788925341133] [info] [RacerPerf] screen=RACING source=device frames=9 fps_x10=43 draw_us=189251 present_us=32461 peak_us=241503 input_total_us=724 detail=low
[1788925341431] [info] [TrackStage] project_us=5114 paint_us=35393 lines_us=4700
[1788925342688] [info] [RaceStage] track_us=47001 cars_us=113946 surfaces=96 cars=4
[1788925342794] [info] [PaintStage] rows=300 clear_us=2059 fill_us=17226 copy_us=15411
[1788925342826] [info] [CarStage] car=3 panels=929 vertices=1378 tiles=1 prepare_us=13141 raster_us=10980 blit_us=2402
[1788925343182] [info] [RacerPerf] screen=RACING source=device frames=9 fps_x10=44 draw_us=192667 present_us=32460 peak_us=228736 input_total_us=724 detail=low
[1788925343478] [info] [TrackStage] project_us=5350 paint_us=32419 lines_us=2960
[1788925344800] [info] [PaintStage] rows=271 clear_us=1920 fill_us=48317 copy_us=14452
[1788925344856] [info] [CarStage] car=3 panels=929 vertices=1378 tiles=1 prepare_us=12787 raster_us=10442 blit_us=3658
[1788925344968] [info] [RaceStage] track_us=103806 cars_us=139483 surfaces=435 cars=4
[1788925345303] [info] [RacerPerf] screen=RACING source=device frames=8 fps_x10=38 draw_us=230105 present_us=32383 peak_us=307980 input_total_us=724 detail=low
[1788925345699] [info] [TrackStage] project_us=8863 paint_us=57090 lines_us=19029
[1788925346858] [info] [PaintStage] rows=276 clear_us=1894 fill_us=22878 copy_us=14505
[1788925346908] [info] [CarStage] car=1 panels=805 vertices=1114 tiles=1 prepare_us=11134 raster_us=17533 blit_us=9421
[1788925347070] [info] [RaceStage] track_us=58165 cars_us=38550 surfaces=187 cars=4
[1788925347272] [info] [RacerPerf] screen=FINISH source=device frames=10 fps_x10=47 draw_us=162095 present_us=32418 peak_us=280347 input_total_us=823 detail=low
[1788925349113] [info] [RacerPerf] screen=RESULTS source=device frames=4 fps_x10=20 draw_us=98908 present_us=32344 peak_us=159143 input_total_us=15892 detail=low
[1788925439958] [info] [PaintStage] rows=278 clear_us=1945 fill_us=40218 copy_us=14859
[1788925439980] [info] [TrackStage] project_us=8637 paint_us=58598 lines_us=20220
[1788925440002] [info] [CarStage] car=2 panels=751 vertices=953 tiles=1 prepare_us=9714 raster_us=8914 blit_us=2695
[1788925440102] [info] [RaceStage] track_us=88399 cars_us=120887 surfaces=332 cars=4
[1788925441483] [info] [RacerPerf] screen=COUNTDOWN source=device frames=6 fps_x10=28 draw_us=235530 present_us=32409 peak_us=272921 input_total_us=11267 detail=low
[1788925442103] [info] [PaintStage] rows=278 clear_us=1928 fill_us=39461 copy_us=14653
[1788925442123] [info] [TrackStage] project_us=8720 paint_us=57712 lines_us=19530
[1788925442146] [info] [CarStage] car=2 panels=751 vertices=953 tiles=1 prepare_us=9481 raster_us=8882 blit_us=2418
[1788925442243] [info] [RaceStage] track_us=86975 cars_us=118995 surfaces=332 cars=4
[1788925443612] [info] [RacerPerf] screen=COUNTDOWN source=device frames=8 fps_x10=37 draw_us=232418 present_us=32270 peak_us=268460 input_total_us=658 detail=low
[1788925444232] [info] [PaintStage] rows=278 clear_us=1896 fill_us=39521 copy_us=14631
[1788925444253] [info] [TrackStage] project_us=8604 paint_us=57655 lines_us=19460
[1788925444275] [info] [CarStage] car=2 panels=751 vertices=953 tiles=1 prepare_us=9436 raster_us=8980 blit_us=2316
[1788925444373] [info] [RaceStage] track_us=86693 cars_us=118863 surfaces=332 cars=4
[1788925445709] [info] [RacerPerf] screen=RACING source=device frames=8 fps_x10=37 draw_us=227665 present_us=32360 peak_us=270494 input_total_us=653 detail=low
[1788925446265] [info] [PaintStage] rows=276 clear_us=1891 fill_us=23400 copy_us=14619
[1788925446277] [info] [TrackStage] project_us=7459 paint_us=41481 lines_us=11173
[1788925446300] [info] [CarStage] car=2 panels=751 vertices=953 tiles=1 prepare_us=9652 raster_us=8951 blit_us=2914
[1788925446394] [info] [RaceStage] track_us=61039 cars_us=115936 surfaces=198 cars=4
[1788925447739] [info] [RacerPerf] screen=RACING source=device frames=9 fps_x10=43 draw_us=190752 present_us=32298 peak_us=241941 input_total_us=728 detail=low
[1788925448316] [info] [CarStage] car=4 panels=771 vertices=1029 tiles=1 prepare_us=10597 raster_us=11750 blit_us=4163
[1788925448454] [info] [PaintStage] rows=257 clear_us=1754 fill_us=14914 copy_us=14371
[1788925448457] [info] [TrackStage] project_us=4987 paint_us=32657 lines_us=2041
[1788925448583] [info] [RaceStage] track_us=42782 cars_us=123252 surfaces=47 cars=4
[1788925449952] [info] [RacerPerf] screen=RACING source=device frames=10 fps_x10=45 draw_us=186272 present_us=32427 peak_us=228587 input_total_us=881 detail=low
[1788925450347] [info] [CarStage] car=1 panels=805 vertices=1114 tiles=1 prepare_us=11133 raster_us=16964 blit_us=4497
[1788925450662] [info] [PaintStage] rows=273 clear_us=1891 fill_us=16448 copy_us=14676
[1788925450668] [info] [TrackStage] project_us=5469 paint_us=34576 lines_us=5158
[1788925450773] [info] [RaceStage] track_us=46104 cars_us=104148 surfaces=74 cars=4
[1788925452238] [info] [RacerPerf] screen=RACING source=device frames=10 fps_x10=45 draw_us=193484 present_us=32314 peak_us=280568 input_total_us=821 detail=low
[1788925452397] [info] [CarStage] car=2 panels=751 vertices=953 tiles=1 prepare_us=9439 raster_us=8941 blit_us=2297
[1788925452887] [info] [PaintStage] rows=465 clear_us=3187 fill_us=41443 copy_us=21944
[1788925452907] [info] [TrackStage] project_us=7988 paint_us=68594 lines_us=18687
[1788925453010] [info] [RaceStage] track_us=96296 cars_us=102690 surfaces=295 cars=4
[1788925454234] [info] [RacerPerf] screen=RACING source=device frames=8 fps_x10=38 draw_us=214083 present_us=32522 peak_us=275829 input_total_us=661 detail=low
[1788925454413] [info] [CarStage] car=1 panels=805 vertices=1114 tiles=1 prepare_us=10838 raster_us=17656 blit_us=5078
[1788925454943] [info] [PaintStage] rows=303 clear_us=2088 fill_us=16057 copy_us=15575
[1788925454947] [info] [TrackStage] project_us=4824 paint_us=35398 lines_us=2206
[1788925455061] [info] [RaceStage] track_us=45375 cars_us=111198 surfaces=59 cars=4
[1788925456403] [info] [RacerPerf] screen=RACING source=device frames=10 fps_x10=46 draw_us=182043 present_us=32358 peak_us=221584 input_total_us=841 detail=low
[1788925456503] [info] [CarStage] car=2 panels=751 vertices=953 tiles=1 prepare_us=9984 raster_us=8660 blit_us=2054
[1788925457134] [info] [PaintStage] rows=301 clear_us=2099 fill_us=17846 copy_us=15395
[1788925457140] [info] [TrackStage] project_us=5163 paint_us=36967 lines_us=4832
[1788925457249] [info] [RaceStage] track_us=47726 cars_us=107911 surfaces=90 cars=4
[1788925458528] [info] [CarStage] car=2 panels=751 vertices=953 tiles=1 prepare_us=9719 raster_us=11071 blit_us=9715
[1788925458678] [info] [RacerPerf] screen=RACING source=device frames=10 fps_x10=44 draw_us=192363 present_us=32426 peak_us=265507 input_total_us=866 detail=low
[1788925459354] [info] [PaintStage] rows=275 clear_us=1879 fill_us=44084 copy_us=14689
[1788925459380] [info] [TrackStage] project_us=9326 paint_us=62400 lines_us=24873
[1788925459500] [info] [RaceStage] track_us=97563 cars_us=119415 surfaces=394 cars=4
[1788925460667] [info] [CarStage] car=2 panels=751 vertices=953 tiles=1 prepare_us=9775 raster_us=8867 blit_us=3284
[1788925460800] [info] [RacerPerf] screen=RACING source=device frames=8 fps_x10=37 draw_us=229994 present_us=32421 peak_us=288121 input_total_us=666 detail=low
[1788925461518] [info] [PaintStage] rows=265 clear_us=1856 fill_us=16108 copy_us=14520
[1788925461522] [info] [TrackStage] project_us=5333 paint_us=34126 lines_us=2872
[1788925461631] [info] [RaceStage] track_us=44531 cars_us=107706 surfaces=74 cars=4
[1788925462680] [info] [CarStage] car=3 panels=929 vertices=1378 tiles=1 prepare_us=13042 raster_us=12681 blit_us=3762
[1788925463002] [info] [RacerPerf] screen=RACING source=device frames=10 fps_x10=45 draw_us=185176 present_us=32410 peak_us=223032 input_total_us=805 detail=low
[1788925463731] [info] [PaintStage] rows=281 clear_us=1937 fill_us=18459 copy_us=15075
[1788925463738] [info] [TrackStage] project_us=5684 paint_us=37060 lines_us=6205
[1788925463847] [info] [RaceStage] track_us=49795 cars_us=107460 surfaces=104 cars=4
[1788925464708] [info] [CarStage] car=1 panels=805 vertices=1114 tiles=1 prepare_us=10852 raster_us=16737 blit_us=6404
[1788925465207] [info] [RacerPerf] screen=RACING source=device frames=10 fps_x10=45 draw_us=185726 present_us=32369 peak_us=232685 input_total_us=814 detail=low
[1788925465872] [info] [PaintStage] rows=423 clear_us=2912 fill_us=49691 copy_us=20287
[1788925465899] [info] [TrackStage] project_us=9098 paint_us=74885 lines_us=25360
[1788925466011] [info] [RaceStage] track_us=110410 cars_us=110838 surfaces=379 cars=4
[1788925466728] [info] [CarStage] car=3 panels=929 vertices=1378 tiles=1 prepare_us=13112 raster_us=11903 blit_us=2759
[1788925467345] [info] [RacerPerf] screen=RACING source=device frames=8 fps_x10=37 draw_us=232085 present_us=32421 peak_us=287478 input_total_us=708 detail=low
[1788925468088] [info] [PaintStage] rows=314 clear_us=2146 fill_us=17688 copy_us=15915
[1788925468093] [info] [TrackStage] project_us=5289 paint_us=37397 lines_us=3531
[1788925468205] [info] [RaceStage] track_us=47872 cars_us=110398 surfaces=91 cars=4
[1788925468779] [info] [CarStage] car=3 panels=929 vertices=1378 tiles=1 prepare_us=13024 raster_us=14109 blit_us=3257
[1788925469364] [info] [RacerPerf] screen=RACING source=device frames=9 fps_x10=44 draw_us=189489 present_us=32349 peak_us=230614 input_total_us=780 detail=low
[1788925470122] [info] [PaintStage] rows=305 clear_us=2076 fill_us=19815 copy_us=15388
[1788925470130] [info] [TrackStage] project_us=5764 paint_us=38949 lines_us=7121
[1788925470243] [info] [RaceStage] track_us=52688 cars_us=112042 surfaces=120 cars=4
[1788925470832] [info] [CarStage] car=3 panels=929 vertices=1378 tiles=1 prepare_us=12699 raster_us=11789 blit_us=2571
[1788925471406] [info] [RacerPerf] screen=RACING source=device frames=9 fps_x10=43 draw_us=191574 present_us=32451 peak_us=228035 input_total_us=736 detail=low
[1788925472175] [info] [PaintStage] rows=245 clear_us=1671 fill_us=26655 copy_us=13367
[1788925472191] [info] [TrackStage] project_us=7573 paint_us=43210 lines_us=15343
[1788925472341] [info] [RaceStage] track_us=67060 cars_us=148816 surfaces=238 cars=4
[1788925472846] [info] [CarStage] car=3 panels=929 vertices=1378 tiles=1 prepare_us=12757 raster_us=12100 blit_us=4681
[1788925473569] [info] [RacerPerf] screen=RACING source=device frames=8 fps_x10=37 draw_us=235115 present_us=32393 peak_us=304769 input_total_us=696 detail=low
[1788925474183] [info] [PaintStage] rows=278 clear_us=1917 fill_us=27713 copy_us=14678
[1788925474198] [info] [TrackStage] project_us=7851 paint_us=45942 lines_us=13737
[1788925474561] [info] [RaceStage] track_us=58909 cars_us=123147 surfaces=196 cars=4
[1788925474930] [info] [CarStage] car=3 panels=929 vertices=1378 tiles=1 prepare_us=12759 raster_us=11663 blit_us=3192
[1788925475711] [info] [RacerPerf] screen=RACING source=device frames=9 fps_x10=40 draw_us=203074 present_us=32465 peak_us=270767 input_total_us=798 detail=low
[1788925476226] [info] [PaintStage] rows=265 clear_us=1818 fill_us=15637 copy_us=14760
[1788925476230] [info] [TrackStage] project_us=5165 paint_us=33761 lines_us=2405
[1788925476585] [info] [RaceStage] track_us=48383 cars_us=116126 surfaces=99 cars=4
[1788925476957] [info] [CarStage] car=3 panels=929 vertices=1378 tiles=1 prepare_us=12793 raster_us=11684 blit_us=2638
[1788925477750] [info] [RacerPerf] screen=RACING source=device frames=9 fps_x10=44 draw_us=191545 present_us=32377 peak_us=229776 input_total_us=722 detail=low
[1788925478259] [info] [PaintStage] rows=271 clear_us=1905 fill_us=15847 copy_us=14728
[1788925478264] [info] [TrackStage] project_us=5401 paint_us=34057 lines_us=4207
[1788925478608] [info] [RaceStage] track_us=41267 cars_us=121825 surfaces=56 cars=4
[1788925478987] [info] [CarStage] car=3 panels=929 vertices=1378 tiles=1 prepare_us=12746 raster_us=15089 blit_us=5541
[1788925479978] [info] [RacerPerf] screen=RACING source=device frames=9 fps_x10=41 draw_us=212385 present_us=32456 peak_us=291645 input_total_us=738 detail=low
[1788925480362] [info] [PaintStage] rows=456 clear_us=3149 fill_us=42385 copy_us=21845
[1788925480383] [info] [TrackStage] project_us=7998 paint_us=69300 lines_us=20010
[1788925480761] [info] [RaceStage] track_us=91347 cars_us=110656 surfaces=280 cars=4
[1788925481020] [info] [CarStage] car=1 panels=805 vertices=1114 tiles=1 prepare_us=11175 raster_us=17125 blit_us=4400
[1788925482002] [info] [RacerPerf] screen=RACING source=device frames=8 fps_x10=38 draw_us=217941 present_us=32436 peak_us=276609 input_total_us=647 detail=low
[1788925482511] [info] [PaintStage] rows=308 clear_us=2133 fill_us=16828 copy_us=15946
[1788925482515] [info] [TrackStage] project_us=4578 paint_us=36517 lines_us=2907
[1788925482855] [info] [RaceStage] track_us=41009 cars_us=118479 surfaces=59 cars=4
[1788925483042] [info] [CarStage] car=4 panels=771 vertices=1029 tiles=1 prepare_us=10671 raster_us=13424 blit_us=4092
[1788925484017] [info] [RacerPerf] screen=RACING source=device frames=9 fps_x10=44 draw_us=188867 present_us=32347 peak_us=229414 input_total_us=734 detail=low
[1788925484544] [info] [PaintStage] rows=305 clear_us=2152 fill_us=18839 copy_us=15427
[1788925484551] [info] [TrackStage] project_us=5360 paint_us=38178 lines_us=6009
[1788925484890] [info] [RaceStage] track_us=47192 cars_us=113967 surfaces=96 cars=4
[1788925485051] [info] [CarStage] car=2 panels=751 vertices=953 tiles=1 prepare_us=10486 raster_us=11221 blit_us=3055
[1788925486065] [info] [RacerPerf] screen=RACING source=device frames=9 fps_x10=43 draw_us=192668 present_us=32300 peak_us=228028 input_total_us=768 detail=low
[1788925486688] [info] [PaintStage] rows=263 clear_us=1824 fill_us=46886 copy_us=14342
[1788925486717] [info] [TrackStage] project_us=9715 paint_us=65051 lines_us=27860
[1788925487058] [info] [CarStage] car=3 panels=929 vertices=1378 tiles=1 prepare_us=13134 raster_us=10491 blit_us=3265
[1788925487170] [info] [RaceStage] track_us=102893 cars_us=139734 surfaces=435 cars=4
[1788925488274] [info] [RacerPerf] screen=RACING source=device frames=8 fps_x10=36 draw_us=241136 present_us=32426 peak_us=311082 input_total_us=660 detail=low
[1788925488735] [info] [PaintStage] rows=276 clear_us=1941 fill_us=22899 copy_us=14710
[1788925488746] [info] [TrackStage] project_us=7437 paint_us=41185 lines_us=10145
[1788925489106] [info] [CarStage] car=1 panels=805 vertices=1114 tiles=1 prepare_us=11159 raster_us=17534 blit_us=9427
[1788925489268] [info] [RaceStage] track_us=58035 cars_us=38353 surfaces=187 cars=4
[1788925490039] [info] [RacerPerf] screen=RESULTS source=device frames=11 fps_x10=55 draw_us=122655 present_us=32354 peak_us=220766 input_total_us=1531 detail=low
