[1788926032096] [info] [RacerMemory] scene=468x466 requested_half=true
[1788926032134] [info] [RacerMemory] track_rows_internal=true car_planes_internal=2 free_internal=70699 largest_internal=31744
[1788926033434] [info] [GarageStage] panels=1225 shadow_us=4095 raster_us=123285 blit_us=10324
[1788926034237] [info] [RacerPerf] screen=SELECT MACHINE source=device frames=10 fps_x10=49 draw_us=88428 present_us=32461 peak_us=203483 input_total_us=60280 detail=medium
[1788926035524] [info] [GarageStage] panels=1009 shadow_us=4046 raster_us=117301 blit_us=10660
[1788926036312] [info] [RacerPerf] screen=MACHINE READY source=device frames=11 fps_x10=52 draw_us=154930 present_us=31972 peak_us=194934 input_total_us=2076 detail=low
[1788926037615] [info] [GarageStage] panels=760 shadow_us=3902 raster_us=107089 blit_us=10250
[1788926038122] [info] [RacerPerf] screen=SELECT RIVALS source=device frames=7 fps_x10=35 draw_us=157568 present_us=31710 peak_us=191149 input_total_us=6771 detail=low
[1788926039112] [info] [PaintStage] rows=186 clear_us=1321 fill_us=133052 copy_us=7937
[1788926039246] [info] [TrackStage] project_us=12001 paint_us=144795 lines_us=133290
[1788926040746] [info] [RacerPerf] screen=SELECT COURSE source=device frames=6 fps_x10=26 draw_us=280806 present_us=32103 peak_us=368761 input_total_us=12224 detail=low
[1788926041318] [info] [PaintStage] rows=191 clear_us=1331 fill_us=133161 copy_us=7843
[1788926041453] [info] [TrackStage] project_us=11936 paint_us=144879 lines_us=133488
[1788926042707] [info] [CarStage] car=1 panels=1021 vertices=1354 tiles=1 prepare_us=14567 raster_us=23779 blit_us=7703
[1788926042708] [info] [RaceStage] track_us=52439 cars_us=47589 upscale_us=4 scene_width=468 surfaces=103 cars=1
[1788926042759] [info] [RacerPerf] screen=STARTING GRID source=device frames=6 fps_x10=27 draw_us=300897 present_us=31982 peak_us=370095 input_total_us=4843 detail=high
[1788926043472] [info] [PaintStage] rows=287 clear_us=1967 fill_us=18041 copy_us=14926
[1788926043484] [info] [TrackStage] project_us=6023 paint_us=36759 lines_us=10898
[1788926044796] [info] [CarStage] car=1 panels=1021 vertices=1354 tiles=1 prepare_us=14358 raster_us=23288 blit_us=7308
[1788926044797] [info] [RaceStage] track_us=47798 cars_us=46501 upscale_us=3 scene_width=468 surfaces=103 cars=1
[1788926044847] [info] [RacerPerf] screen=COUNTDOWN source=device frames=13 fps_x10=61 draw_us=126970 present_us=32261 peak_us=165681 input_total_us=1023 detail=medium
[1788926045539] [info] [PaintStage] rows=287 clear_us=1990 fill_us=17904 copy_us=14889
[1788926045546] [info] [TrackStage] project_us=5840 paint_us=36367 lines_us=6646
[1788926046799] [info] [CarStage] car=1 panels=805 vertices=1114 tiles=1 prepare_us=11647 raster_us=21127 blit_us=7343
[1788926046800] [info] [RaceStage] track_us=45942 cars_us=41664 upscale_us=3 scene_width=468 surfaces=103 cars=1
[1788926046850] [info] [RacerPerf] screen=COUNTDOWN source=device frames=13 fps_x10=64 draw_us=120522 present_us=32205 peak_us=158914 input_total_us=1012 detail=low
[1788926047687] [info] [PaintStage] rows=271 clear_us=1884 fill_us=16491 copy_us=14331
[1788926047694] [info] [TrackStage] project_us=6251 paint_us=34241 lines_us=5489
[1788926048815] [info] [CarStage] car=1 panels=805 vertices=1114 tiles=1 prepare_us=11750 raster_us=20381 blit_us=15771
[1788926048816] [info] [RaceStage] track_us=54409 cars_us=49447 upscale_us=3 scene_width=468 surfaces=157 cars=1
[1788926049035] [info] [RacerPerf] screen=RACING source=device frames=14 fps_x10=64 draw_us=121727 present_us=32337 peak_us=176049 input_total_us=1071 detail=low
[1788926049793] [info] [PaintStage] rows=309 clear_us=2178 fill_us=30838 copy_us=16106
[1788926049806] [info] [TrackStage] project_us=7507 paint_us=50725 lines_us=12660
[1788926050832] [info] [CarStage] car=1 panels=805 vertices=1114 tiles=1 prepare_us=11705 raster_us=13899 blit_us=2884
[1788926050834] [info] [RaceStage] track_us=63039 cars_us=30145 upscale_us=6 scene_width=468 surfaces=116 cars=1
[1788926051035] [info] [RacerPerf] screen=RACING source=device frames=12 fps_x10=59 draw_us=132127 present_us=32424 peak_us=168263 input_total_us=980 detail=low
[1788926051825] [info] [PaintStage] rows=341 clear_us=2344 fill_us=15888 copy_us=17143
[1788926051829] [info] [TrackStage] project_us=5164 paint_us=37068 lines_us=3320
[1788926052873] [info] [CarStage] car=1 panels=805 vertices=1114 tiles=1 prepare_us=11889 raster_us=21291 blit_us=6208
[1788926052874] [info] [RaceStage] track_us=41039 cars_us=40980 upscale_us=3 scene_width=468 surfaces=59 cars=1
[1788926053070] [info] [RacerPerf] screen=RACING source=device frames=14 fps_x10=68 draw_us=111109 present_us=32360 peak_us=154131 input_total_us=1075 detail=low
[1788926053896] [info] [PaintStage] rows=255 clear_us=1779 fill_us=25278 copy_us=13651
[1788926053907] [info] [TrackStage] project_us=7059 paint_us=42245 lines_us=10374
[1788926055000] [info] [CarStage] car=1 panels=805 vertices=1114 tiles=1 prepare_us=11879 raster_us=17068 blit_us=5427
[1788926055001] [info] [RaceStage] track_us=77465 cars_us=35965 upscale_us=3 scene_width=468 surfaces=266 cars=1
[1788926055223] [info] [RacerPerf] screen=RACING source=device frames=13 fps_x10=61 draw_us=131409 present_us=32297 peak_us=185991 input_total_us=996 detail=low
[1788926055961] [info] [PaintStage] rows=465 clear_us=3221 fill_us=20575 copy_us=21411
[1788926055967] [info] [TrackStage] project_us=6137 paint_us=47168 lines_us=4545
[1788926057004] [info] [CarStage] car=1 panels=805 vertices=1114 tiles=1 prepare_us=11974 raster_us=19383 blit_us=5684
[1788926057005] [info] [RaceStage] track_us=42751 cars_us=38570 upscale_us=3 scene_width=468 surfaces=57 cars=1
[1788926057199] [info] [RacerPerf] screen=RACING source=device frames=13 fps_x10=64 draw_us=117472 present_us=32383 peak_us=165818 input_total_us=1008 detail=low
[1788926057978] [info] [PaintStage] rows=282 clear_us=1939 fill_us=14161 copy_us=14769
[1788926057983] [info] [TrackStage] project_us=5453 paint_us=32462 lines_us=3410
[1788926059118] [info] [CarStage] car=1 panels=805 vertices=1114 tiles=1 prepare_us=11854 raster_us=19768 blit_us=13195
[1788926059120] [info] [RaceStage] track_us=58924 cars_us=46403 upscale_us=3 scene_width=468 surfaces=176 cars=1
[1788926059339] [info] [RacerPerf] screen=RACING source=device frames=14 fps_x10=66 draw_us=118684 present_us=32341 peak_us=177377 input_total_us=1087 detail=low
[1788926060098] [info] [PaintStage] rows=368 clear_us=2559 fill_us=30019 copy_us=18376
[1788926060112] [info] [TrackStage] project_us=7705 paint_us=52712 lines_us=12587
[1788926061225] [info] [CarStage] car=1 panels=805 vertices=1114 tiles=1 prepare_us=12001 raster_us=16598 blit_us=5316
[1788926061226] [info] [RaceStage] track_us=46280 cars_us=35425 upscale_us=3 scene_width=468 surfaces=59 cars=1
[1788926061421] [info] [RacerPerf] screen=RACING source=device frames=13 fps_x10=61 draw_us=125704 present_us=32335 peak_us=168129 input_total_us=1074 detail=low
[1788926062228] [info] [PaintStage] rows=314 clear_us=2171 fill_us=18310 copy_us=16260
[1788926062234] [info] [TrackStage] project_us=5737 paint_us=38364 lines_us=4281
[1788926063330] [info] [CarStage] car=1 panels=805 vertices=1114 tiles=1 prepare_us=11662 raster_us=21207 blit_us=6097
[1788926063331] [info] [RaceStage] track_us=48055 cars_us=40466 upscale_us=3 scene_width=468 surfaces=114 cars=1
[1788926063534] [info] [RacerPerf] screen=RACING source=device frames=14 fps_x10=66 draw_us=116650 present_us=32330 peak_us=160844 input_total_us=1128 detail=low
[1788926064273] [info] [PaintStage] rows=276 clear_us=1888 fill_us=28271 copy_us=14287
[1788926064285] [info] [TrackStage] project_us=7355 paint_us=46117 lines_us=11366
[1788926065331] [info] [CarStage] car=1 panels=805 vertices=1114 tiles=1 prepare_us=11909 raster_us=13816 blit_us=3364
[1788926065332] [info] [RaceStage] track_us=75072 cars_us=30682 upscale_us=3 scene_width=468 surfaces=174 cars=1
[1788926065544] [info] [RacerPerf] screen=RACING source=device frames=12 fps_x10=59 draw_us=133072 present_us=32398 peak_us=178215 input_total_us=941 detail=low
[1788926066344] [info] [PaintStage] rows=345 clear_us=2376 fill_us=16184 copy_us=17140
[1788926066349] [info] [TrackStage] project_us=5610 paint_us=37450 lines_us=3282
[1788926067404] [info] [CarStage] car=1 panels=805 vertices=1114 tiles=1 prepare_us=11947 raster_us=20987 blit_us=6779
[1788926067405] [info] [RaceStage] track_us=42131 cars_us=41239 upscale_us=3 scene_width=468 surfaces=57 cars=1
[1788926067600] [info] [RacerPerf] screen=RACING source=device frames=14 fps_x10=67 draw_us=112639 present_us=32297 peak_us=155449 input_total_us=1041 detail=low
[1788926068423] [info] [PaintStage] rows=257 clear_us=1812 fill_us=25072 copy_us=13962
[1788926068433] [info] [TrackStage] project_us=6837 paint_us=42353 lines_us=9719
[1788926069517] [info] [CarStage] car=1 panels=805 vertices=1114 tiles=1 prepare_us=11516 raster_us=17871 blit_us=5207
[1788926069518] [info] [RaceStage] track_us=76490 cars_us=36166 upscale_us=3 scene_width=468 surfaces=266 cars=1
[1788926069745] [info] [RacerPerf] screen=RACING source=device frames=13 fps_x10=61 draw_us=130538 present_us=32339 peak_us=185051 input_total_us=1016 detail=low
[1788926070494] [info] [PaintStage] rows=465 clear_us=3211 fill_us=22165 copy_us=21943
[1788926070500] [info] [TrackStage] project_us=6087 paint_us=49312 lines_us=5325
[1788926071550] [info] [CarStage] car=1 panels=805 vertices=1114 tiles=1 prepare_us=11686 raster_us=19984 blit_us=5880
[1788926071552] [info] [RaceStage] track_us=45328 cars_us=39173 upscale_us=3 scene_width=468 surfaces=59 cars=1
[1788926071750] [info] [RacerPerf] screen=RACING source=device frames=13 fps_x10=63 draw_us=119648 present_us=32747 peak_us=167828 input_total_us=990 detail=low
[1788926072545] [info] [PaintStage] rows=287 clear_us=2053 fill_us=14702 copy_us=15817
[1788926072549] [info] [TrackStage] project_us=4645 paint_us=34169 lines_us=3247
[1788926073683] [info] [CarStage] car=1 panels=805 vertices=1114 tiles=1 prepare_us=12132 raster_us=19783 blit_us=16914
[1788926073684] [info] [RaceStage] track_us=57021 cars_us=50372 upscale_us=3 scene_width=468 surfaces=165 cars=1
[1788926073906] [info] [RacerPerf] screen=RACING source=device frames=14 fps_x10=65 draw_us=119750 present_us=32519 peak_us=179606 input_total_us=1149 detail=low
[1788926074669] [info] [PaintStage] rows=348 clear_us=2457 fill_us=30227 copy_us=18201
[1788926074683] [info] [TrackStage] project_us=7275 paint_us=52605 lines_us=12931
[1788926075804] [info] [CarStage] car=1 panels=805 vertices=1114 tiles=1 prepare_us=11997 raster_us=15990 blit_us=4584
[1788926075806] [info] [RaceStage] track_us=47127 cars_us=34118 upscale_us=3 scene_width=468 surfaces=63 cars=1
[1788926076001] [info] [RacerPerf] screen=RACING source=device frames=13 fps_x10=61 draw_us=126837 present_us=32319 peak_us=168503 input_total_us=1098 detail=low
[1788926076799] [info] [PaintStage] rows=317 clear_us=2206 fill_us=17838 copy_us=16259
[1788926076805] [info] [TrackStage] project_us=5832 paint_us=37944 lines_us=4764
[1788926077899] [info] [CarStage] car=1 panels=805 vertices=1114 tiles=1 prepare_us=11988 raster_us=21498 blit_us=6025
[1788926077900] [info] [RaceStage] track_us=45829 cars_us=41042 upscale_us=3 scene_width=468 surfaces=98 cars=1
[1788926078104] [info] [RacerPerf] screen=RACING source=device frames=14 fps_x10=66 draw_us=115959 present_us=32355 peak_us=159203 input_total_us=1212 detail=low
[1788926078836] [info] [PaintStage] rows=269 clear_us=1922 fill_us=26628 copy_us=14133
[1788926078848] [info] [TrackStage] project_us=7005 paint_us=44247 lines_us=10880
[1788926079900] [info] [CarStage] car=1 panels=805 vertices=1114 tiles=1 prepare_us=11573 raster_us=14457 blit_us=3589
[1788926079901] [info] [RaceStage] track_us=73804 cars_us=31203 upscale_us=3 scene_width=468 surfaces=184 cars=1
[1788926080119] [info] [RacerPerf] screen=RACING source=device frames=12 fps_x10=60 draw_us=133491 present_us=32344 peak_us=176865 input_total_us=964 detail=low
[1788926080927] [info] [PaintStage] rows=349 clear_us=2397 fill_us=16235 copy_us=17310
[1788926080931] [info] [TrackStage] project_us=5618 paint_us=37639 lines_us=3244
[1788926081975] [info] [CarStage] car=1 panels=805 vertices=1114 tiles=1 prepare_us=11652 raster_us=21108 blit_us=6035
[1788926081977] [info] [RaceStage] track_us=41906 cars_us=40354 upscale_us=3 scene_width=468 surfaces=56 cars=1
[1788926082171] [info] [RacerPerf] screen=RACING source=device frames=14 fps_x10=67 draw_us=112403 present_us=32297 peak_us=154186 input_total_us=1165 detail=low
[1788926082977] [info] [PaintStage] rows=259 clear_us=1839 fill_us=23377 copy_us=13936
[1788926082987] [info] [TrackStage] project_us=6928 paint_us=40790 lines_us=8833
[1788926084058] [info] [CarStage] car=1 panels=805 vertices=1114 tiles=1 prepare_us=12004 raster_us=17989 blit_us=5021
[1788926084059] [info] [RaceStage] track_us=73933 cars_us=36601 upscale_us=3 scene_width=468 surfaces=262 cars=1
[1788926084284] [info] [RacerPerf] screen=RACING source=device frames=13 fps_x10=62 draw_us=128191 present_us=32327 peak_us=182355 input_total_us=972 detail=low
[1788926085045] [info] [PaintStage] rows=465 clear_us=3201 fill_us=26004 copy_us=22182
[1788926085054] [info] [TrackStage] project_us=6419 paint_us=53365 lines_us=7073
[1788926086100] [info] [CarStage] car=1 panels=805 vertices=1114 tiles=1 prepare_us=11783 raster_us=18551 blit_us=5542
[1788926086101] [info] [RaceStage] track_us=44003 cars_us=37496 upscale_us=3 scene_width=468 surfaces=57 cars=1
[1788926086295] [info] [RacerPerf] screen=RACING source=device frames=13 fps_x10=63 draw_us=120286 present_us=32314 peak_us=169882 input_total_us=1070 detail=low
[1788926087080] [info] [PaintStage] rows=292 clear_us=2024 fill_us=14768 copy_us=15157
[1788926087084] [info] [TrackStage] project_us=4730 paint_us=33525 lines_us=3297
[1788926088193] [info] [CarStage] car=1 panels=805 vertices=1114 tiles=1 prepare_us=11878 raster_us=20353 blit_us=15645
[1788926088194] [info] [RaceStage] track_us=55757 cars_us=49652 upscale_us=3 scene_width=468 surfaces=160 cars=1
[1788926088413] [info] [RacerPerf] screen=RACING source=device frames=14 fps_x10=66 draw_us=116918 present_us=32337 peak_us=177614 input_total_us=1098 detail=low
[1788926089173] [info] [PaintStage] rows=331 clear_us=2323 fill_us=31261 copy_us=17200
[1788926089188] [info] [TrackStage] project_us=7534 paint_us=52478 lines_us=13351
[1788926090331] [info] [CarStage] car=1 panels=805 vertices=1114 tiles=1 prepare_us=11723 raster_us=15775 blit_us=4889
[1788926090332] [info] [RaceStage] track_us=47861 cars_us=33959 upscale_us=4 scene_width=468 surfaces=62 cars=1
[1788926090526] [info] [RacerPerf] screen=RACING source=device frames=13 fps_x10=60 draw_us=128182 present_us=32433 peak_us=169631 input_total_us=1015 detail=low
[1788926091183] [info] [PaintStage] rows=327 clear_us=2383 fill_us=18878 copy_us=16460
[1788926091188] [info] [TrackStage] project_us=5767 paint_us=39392 lines_us=4336
[1788926092453] [info] [CarStage] car=1 panels=805 vertices=1114 tiles=1 prepare_us=12254 raster_us=21546 blit_us=14959
[1788926092454] [info] [RaceStage] track_us=47855 cars_us=50430 upscale_us=5 scene_width=468 surfaces=110 cars=1
[1788926092666] [info] [RacerPerf] screen=FINISH source=device frames=14 fps_x10=65 draw_us=118556 present_us=32299 peak_us=171215 input_total_us=1561 detail=low
[1788926093220] [info] [PaintStage] rows=279 clear_us=1918 fill_us=19415 copy_us=14592
[1788926093227] [info] [TrackStage] project_us=6416 paint_us=37521 lines_us=5926
[1788926094506] [info] [RacerPerf] screen=RESULTS source=device frames=6 fps_x10=30 draw_us=109139 present_us=32400 peak_us=162128 input_total_us=13454 detail=low
